/home/ubuntu-vm/workspace/busybox-1.23.1/miscutils/crond.c:FixDayDow
/home/ubuntu-vm/workspace/busybox-1.23.1/miscutils/crond.c:ParseField
/home/ubuntu-vm/workspace/busybox-1.23.1/miscutils/crond.c:change_user
/home/ubuntu-vm/workspace/busybox-1.23.1/miscutils/crond.c:check_completions
/home/ubuntu-vm/workspace/busybox-1.23.1/miscutils/crond.c:crond_main
/home/ubuntu-vm/workspace/busybox-1.23.1/miscutils/crond.c:crondlog
/home/ubuntu-vm/workspace/busybox-1.23.1/miscutils/crond.c:delete_cronfile
/home/ubuntu-vm/workspace/busybox-1.23.1/miscutils/crond.c:flag_starting_jobs
/home/ubuntu-vm/workspace/busybox-1.23.1/miscutils/crond.c:fork_job:#if ENABLE_FEATURE_CROND_CALL_SENDMAIL
/home/ubuntu-vm/workspace/busybox-1.23.1/miscutils/crond.c:load_crontab:#if ENABLE_FEATURE_CROND_CALL_SENDMAIL:#if ENABLE_FEATURE_CROND_CALL_SENDMAIL:#if ENABLE_FEATURE_CROND_CALL_SENDMAIL:#if ENABLE_FEATURE_CROND_CALL_SENDMAIL
/home/ubuntu-vm/workspace/busybox-1.23.1/miscutils/crond.c:log5
/home/ubuntu-vm/workspace/busybox-1.23.1/miscutils/crond.c:log7
/home/ubuntu-vm/workspace/busybox-1.23.1/miscutils/crond.c:log8
/home/ubuntu-vm/workspace/busybox-1.23.1/miscutils/crond.c:process_cron_update_file
/home/ubuntu-vm/workspace/busybox-1.23.1/miscutils/crond.c:process_finished_job:#if ENABLE_FEATURE_CROND_CALL_SENDMAIL
/home/ubuntu-vm/workspace/busybox-1.23.1/miscutils/crond.c:reopen_logfile_to_stderr
/home/ubuntu-vm/workspace/busybox-1.23.1/miscutils/crond.c:rescan_crontab_dir
/home/ubuntu-vm/workspace/busybox-1.23.1/miscutils/crond.c:safe_setenv:#if SETENV_LEAKS
/home/ubuntu-vm/workspace/busybox-1.23.1/miscutils/crond.c:set_env_vars:#if SETENV_LEAKS
/home/ubuntu-vm/workspace/busybox-1.23.1/miscutils/crond.c:start_jobs
/home/ubuntu-vm/workspace/busybox-1.23.1/miscutils/crond.c:start_one_job:#if ENABLE_FEATURE_CROND_CALL_SENDMAIL
/home/ubuntu-vm/workspace/busybox-1.23.1/miscutils/crond.c:start_one_job:#if ENABLE_FEATURE_CROND_CALL_SENDMAIL
