/home/ubuntu-vm/workspace/busybox-1.23.1/networking/udhcp/dhcpc.c:add_client_options
/home/ubuntu-vm/workspace/busybox-1.23.1/networking/udhcp/dhcpc.c:alloc_dhcp_option
/home/ubuntu-vm/workspace/busybox-1.23.1/networking/udhcp/dhcpc.c:bcast_or_ucast
/home/ubuntu-vm/workspace/busybox-1.23.1/networking/udhcp/dhcpc.c:change_listen_mode
/home/ubuntu-vm/workspace/busybox-1.23.1/networking/udhcp/dhcpc.c:client_background:#if BB_MMU
/home/ubuntu-vm/workspace/busybox-1.23.1/networking/udhcp/dhcpc.c:fill_envp
/home/ubuntu-vm/workspace/busybox-1.23.1/networking/udhcp/dhcpc.c:good_hostname:#if ENABLE_FEATURE_UDHCPC_SANITIZEOPT
/home/ubuntu-vm/workspace/busybox-1.23.1/networking/udhcp/dhcpc.c:init_packet
/home/ubuntu-vm/workspace/busybox-1.23.1/networking/udhcp/dhcpc.c:mton
/home/ubuntu-vm/workspace/busybox-1.23.1/networking/udhcp/dhcpc.c:perform_release
/home/ubuntu-vm/workspace/busybox-1.23.1/networking/udhcp/dhcpc.c:perform_renew
/home/ubuntu-vm/workspace/busybox-1.23.1/networking/udhcp/dhcpc.c:random_xid
/home/ubuntu-vm/workspace/busybox-1.23.1/networking/udhcp/dhcpc.c:raw_bcast_from_client_config_ifindex
/home/ubuntu-vm/workspace/busybox-1.23.1/networking/udhcp/dhcpc.c:send_decline:#if 0:#if ENABLE_FEATURE_UDHCPC_ARPING
/home/ubuntu-vm/workspace/busybox-1.23.1/networking/udhcp/dhcpc.c:send_discover
/home/ubuntu-vm/workspace/busybox-1.23.1/networking/udhcp/dhcpc.c:send_release
/home/ubuntu-vm/workspace/busybox-1.23.1/networking/udhcp/dhcpc.c:send_renew
/home/ubuntu-vm/workspace/busybox-1.23.1/networking/udhcp/dhcpc.c:send_select
/home/ubuntu-vm/workspace/busybox-1.23.1/networking/udhcp/dhcpc.c:sprint_nip
/home/ubuntu-vm/workspace/busybox-1.23.1/networking/udhcp/dhcpc.c:udhcp_raw_socket:#if 0 /* Several users reported breakage when BPF filter is used */
/home/ubuntu-vm/workspace/busybox-1.23.1/networking/udhcp/dhcpc.c:udhcp_recv_raw_packet
/home/ubuntu-vm/workspace/busybox-1.23.1/networking/udhcp/dhcpc.c:udhcp_run_script
/home/ubuntu-vm/workspace/busybox-1.23.1/networking/udhcp/dhcpc.c:udhcpc_main:#if ENABLE_FEATURE_UDHCP_PORT:#if !BB_MMU:#if BB_MMU /* -b is not supported on NOMMU */:#if ENABLE_FEATURE_UDHCPC_ARPING:#if BB_MMU /* NOMMU case backgrounded earlier */
/home/ubuntu-vm/workspace/busybox-1.23.1/networking/udhcp/dhcpc.c:valid_domain_label:#if ENABLE_FEATURE_UDHCPC_SANITIZEOPT
/home/ubuntu-vm/workspace/busybox-1.23.1/networking/udhcp/dhcpc.c:xmalloc_optname_optval:#if ENABLE_FEATURE_UDHCP_RFC3397
