/home/ubuntu-vm/workspace/busybox-1.23.1/e2fsprogs/old_e2fsprogs/ext2fs/fileio.c:ext2fs_file_close
/home/ubuntu-vm/workspace/busybox-1.23.1/e2fsprogs/old_e2fsprogs/ext2fs/fileio.c:ext2fs_file_flush
/home/ubuntu-vm/workspace/busybox-1.23.1/e2fsprogs/old_e2fsprogs/ext2fs/fileio.c:ext2fs_file_get_fs
/home/ubuntu-vm/workspace/busybox-1.23.1/e2fsprogs/old_e2fsprogs/ext2fs/fileio.c:ext2fs_file_get_lsize
/home/ubuntu-vm/workspace/busybox-1.23.1/e2fsprogs/old_e2fsprogs/ext2fs/fileio.c:ext2fs_file_get_size
/home/ubuntu-vm/workspace/busybox-1.23.1/e2fsprogs/old_e2fsprogs/ext2fs/fileio.c:ext2fs_file_llseek
/home/ubuntu-vm/workspace/busybox-1.23.1/e2fsprogs/old_e2fsprogs/ext2fs/fileio.c:ext2fs_file_lseek
/home/ubuntu-vm/workspace/busybox-1.23.1/e2fsprogs/old_e2fsprogs/ext2fs/fileio.c:ext2fs_file_open
/home/ubuntu-vm/workspace/busybox-1.23.1/e2fsprogs/old_e2fsprogs/ext2fs/fileio.c:ext2fs_file_open2
/home/ubuntu-vm/workspace/busybox-1.23.1/e2fsprogs/old_e2fsprogs/ext2fs/fileio.c:ext2fs_file_read
/home/ubuntu-vm/workspace/busybox-1.23.1/e2fsprogs/old_e2fsprogs/ext2fs/fileio.c:ext2fs_file_set_size
/home/ubuntu-vm/workspace/busybox-1.23.1/e2fsprogs/old_e2fsprogs/ext2fs/fileio.c:ext2fs_file_write
/home/ubuntu-vm/workspace/busybox-1.23.1/e2fsprogs/old_e2fsprogs/ext2fs/fileio.c:load_buffer
/home/ubuntu-vm/workspace/busybox-1.23.1/e2fsprogs/old_e2fsprogs/ext2fs/fileio.c:sync_buffer_position
