/home/ubuntu-vm/workspace/busybox-1.23.1/e2fsprogs/old_e2fsprogs/ext2fs/irel_ma.c:ext2fs_irel_memarray_create
/home/ubuntu-vm/workspace/busybox-1.23.1/e2fsprogs/old_e2fsprogs/ext2fs/irel_ma.c:ima_add_ref
/home/ubuntu-vm/workspace/busybox-1.23.1/e2fsprogs/old_e2fsprogs/ext2fs/irel_ma.c:ima_delete
/home/ubuntu-vm/workspace/busybox-1.23.1/e2fsprogs/old_e2fsprogs/ext2fs/irel_ma.c:ima_free
/home/ubuntu-vm/workspace/busybox-1.23.1/e2fsprogs/old_e2fsprogs/ext2fs/irel_ma.c:ima_get
/home/ubuntu-vm/workspace/busybox-1.23.1/e2fsprogs/old_e2fsprogs/ext2fs/irel_ma.c:ima_get_by_orig
/home/ubuntu-vm/workspace/busybox-1.23.1/e2fsprogs/old_e2fsprogs/ext2fs/irel_ma.c:ima_move
/home/ubuntu-vm/workspace/busybox-1.23.1/e2fsprogs/old_e2fsprogs/ext2fs/irel_ma.c:ima_next
/home/ubuntu-vm/workspace/busybox-1.23.1/e2fsprogs/old_e2fsprogs/ext2fs/irel_ma.c:ima_next_ref
/home/ubuntu-vm/workspace/busybox-1.23.1/e2fsprogs/old_e2fsprogs/ext2fs/irel_ma.c:ima_put
/home/ubuntu-vm/workspace/busybox-1.23.1/e2fsprogs/old_e2fsprogs/ext2fs/irel_ma.c:ima_start_iter
/home/ubuntu-vm/workspace/busybox-1.23.1/e2fsprogs/old_e2fsprogs/ext2fs/irel_ma.c:ima_start_iter_ref
