/home/ubuntu-vm/workspace/busybox-1.23.1/archival/lzop.c:add_bytes_to_chksum
/home/ubuntu-vm/workspace/busybox-1.23.1/archival/lzop.c:check_magic
/home/ubuntu-vm/workspace/busybox-1.23.1/archival/lzop.c:chksum_getresult
/home/ubuntu-vm/workspace/busybox-1.23.1/archival/lzop.c:copy2
/home/ubuntu-vm/workspace/busybox-1.23.1/archival/lzop.c:copy3
/home/ubuntu-vm/workspace/busybox-1.23.1/archival/lzop.c:do_lzo_compress
/home/ubuntu-vm/workspace/busybox-1.23.1/archival/lzop.c:do_lzo_decompress
/home/ubuntu-vm/workspace/busybox-1.23.1/archival/lzop.c:f_read
/home/ubuntu-vm/workspace/busybox-1.23.1/archival/lzop.c:f_read16
/home/ubuntu-vm/workspace/busybox-1.23.1/archival/lzop.c:f_read32
/home/ubuntu-vm/workspace/busybox-1.23.1/archival/lzop.c:f_read8
/home/ubuntu-vm/workspace/busybox-1.23.1/archival/lzop.c:f_write
/home/ubuntu-vm/workspace/busybox-1.23.1/archival/lzop.c:f_write16
/home/ubuntu-vm/workspace/busybox-1.23.1/archival/lzop.c:f_write32
/home/ubuntu-vm/workspace/busybox-1.23.1/archival/lzop.c:f_write8
/home/ubuntu-vm/workspace/busybox-1.23.1/archival/lzop.c:init_chksum
/home/ubuntu-vm/workspace/busybox-1.23.1/archival/lzop.c:lzo1x_optimize:#if defined(LZO1X):#if defined(LZO1X)
/home/ubuntu-vm/workspace/busybox-1.23.1/archival/lzop.c:lzo_adler32
/home/ubuntu-vm/workspace/busybox-1.23.1/archival/lzop.c:lzo_check
/home/ubuntu-vm/workspace/busybox-1.23.1/archival/lzop.c:lzo_compress:#if ENABLE_LZOP_COMPR_HIGH
/home/ubuntu-vm/workspace/busybox-1.23.1/archival/lzop.c:lzo_crc32
/home/ubuntu-vm/workspace/busybox-1.23.1/archival/lzop.c:lzo_decompress
/home/ubuntu-vm/workspace/busybox-1.23.1/archival/lzop.c:lzo_get_method
/home/ubuntu-vm/workspace/busybox-1.23.1/archival/lzop.c:lzo_set_method:#if ENABLE_LZOP_COMPR_HIGH
/home/ubuntu-vm/workspace/busybox-1.23.1/archival/lzop.c:lzop_main
/home/ubuntu-vm/workspace/busybox-1.23.1/archival/lzop.c:make_new_name_lzop
/home/ubuntu-vm/workspace/busybox-1.23.1/archival/lzop.c:p_header
/home/ubuntu-vm/workspace/busybox-1.23.1/archival/lzop.c:pack_lzop
/home/ubuntu-vm/workspace/busybox-1.23.1/archival/lzop.c:read32
/home/ubuntu-vm/workspace/busybox-1.23.1/archival/lzop.c:read_header
/home/ubuntu-vm/workspace/busybox-1.23.1/archival/lzop.c:write32
/home/ubuntu-vm/workspace/busybox-1.23.1/archival/lzop.c:write_header
