/home/ubuntu-vm/workspace/busybox-1.23.1/scripts/kconfig/mconf.c:build_conf
/home/ubuntu-vm/workspace/busybox-1.23.1/scripts/kconfig/mconf.c:conf
/home/ubuntu-vm/workspace/busybox-1.23.1/scripts/kconfig/mconf.c:conf_choice
/home/ubuntu-vm/workspace/busybox-1.23.1/scripts/kconfig/mconf.c:conf_cleanup
/home/ubuntu-vm/workspace/busybox-1.23.1/scripts/kconfig/mconf.c:conf_load
/home/ubuntu-vm/workspace/busybox-1.23.1/scripts/kconfig/mconf.c:conf_save
/home/ubuntu-vm/workspace/busybox-1.23.1/scripts/kconfig/mconf.c:conf_string
/home/ubuntu-vm/workspace/busybox-1.23.1/scripts/kconfig/mconf.c:cprint
/home/ubuntu-vm/workspace/busybox-1.23.1/scripts/kconfig/mconf.c:cprint1
/home/ubuntu-vm/workspace/busybox-1.23.1/scripts/kconfig/mconf.c:cprint_done
/home/ubuntu-vm/workspace/busybox-1.23.1/scripts/kconfig/mconf.c:cprint_init
/home/ubuntu-vm/workspace/busybox-1.23.1/scripts/kconfig/mconf.c:exec_conf:#ifdef SIGWINCH:#if 0
/home/ubuntu-vm/workspace/busybox-1.23.1/scripts/kconfig/mconf.c:get_prompt_str
/home/ubuntu-vm/workspace/busybox-1.23.1/scripts/kconfig/mconf.c:get_relations_str
/home/ubuntu-vm/workspace/busybox-1.23.1/scripts/kconfig/mconf.c:get_symbol_str
/home/ubuntu-vm/workspace/busybox-1.23.1/scripts/kconfig/mconf.c:init_wsize
/home/ubuntu-vm/workspace/busybox-1.23.1/scripts/kconfig/mconf.c:main
/home/ubuntu-vm/workspace/busybox-1.23.1/scripts/kconfig/mconf.c:search_conf
/home/ubuntu-vm/workspace/busybox-1.23.1/scripts/kconfig/mconf.c:show_file
/home/ubuntu-vm/workspace/busybox-1.23.1/scripts/kconfig/mconf.c:show_help
/home/ubuntu-vm/workspace/busybox-1.23.1/scripts/kconfig/mconf.c:show_helptext
/home/ubuntu-vm/workspace/busybox-1.23.1/scripts/kconfig/mconf.c:show_textbox
/home/ubuntu-vm/workspace/busybox-1.23.1/scripts/kconfig/mconf.c:winch_handler:#ifdef SIGWINCH
