/home/ubuntu-vm/workspace/busybox-1.23.1/networking/ntpd_simple.c:add_peers
/home/ubuntu-vm/workspace/busybox-1.23.1/networking/ntpd_simple.c:compare_offsets
/home/ubuntu-vm/workspace/busybox-1.23.1/networking/ntpd_simple.c:d_to_lfp:#if ENABLE_FEATURE_NTPD_SERVER
/home/ubuntu-vm/workspace/busybox-1.23.1/networking/ntpd_simple.c:d_to_sfp:#if ENABLE_FEATURE_NTPD_SERVER
/home/ubuntu-vm/workspace/busybox-1.23.1/networking/ntpd_simple.c:d_to_tv
/home/ubuntu-vm/workspace/busybox-1.23.1/networking/ntpd_simple.c:do_sendto
/home/ubuntu-vm/workspace/busybox-1.23.1/networking/ntpd_simple.c:error_interval
/home/ubuntu-vm/workspace/busybox-1.23.1/networking/ntpd_simple.c:gettime1900d
/home/ubuntu-vm/workspace/busybox-1.23.1/networking/ntpd_simple.c:lfp_to_d
/home/ubuntu-vm/workspace/busybox-1.23.1/networking/ntpd_simple.c:ntp_init:#if ENABLE_FEATURE_NTPD_SERVER:# if 0:#if 0
/home/ubuntu-vm/workspace/busybox-1.23.1/networking/ntpd_simple.c:ntpd_main:#if ENABLE_FEATURE_NTPD_SERVER:#if ENABLE_FEATURE_NTPD_SERVER
/home/ubuntu-vm/workspace/busybox-1.23.1/networking/ntpd_simple.c:recv_and_process_client_pkt:#if ENABLE_FEATURE_NTPD_SERVER
/home/ubuntu-vm/workspace/busybox-1.23.1/networking/ntpd_simple.c:recv_and_process_peer_pkt
/home/ubuntu-vm/workspace/busybox-1.23.1/networking/ntpd_simple.c:scale_interval
/home/ubuntu-vm/workspace/busybox-1.23.1/networking/ntpd_simple.c:send_query_to_peer:#if ENABLE_FEATURE_IPV6
/home/ubuntu-vm/workspace/busybox-1.23.1/networking/ntpd_simple.c:set_next
/home/ubuntu-vm/workspace/busybox-1.23.1/networking/ntpd_simple.c:slew_time:#if ENABLE_FEATURE_IPV6
/home/ubuntu-vm/workspace/busybox-1.23.1/networking/ntpd_simple.c:step_time_once
/home/ubuntu-vm/workspace/busybox-1.23.1/networking/ntpd_simple.c:update_peer_data
/home/ubuntu-vm/workspace/busybox-1.23.1/networking/ntpd_simple.c:updated_scale
