/home/ubuntu-vm/workspace/busybox-1.23.1/libbb/procps.c:alloc_procps_scan
/home/ubuntu-vm/workspace/busybox-1.23.1/libbb/procps.c:clear_cache
/home/ubuntu-vm/workspace/busybox-1.23.1/libbb/procps.c:clear_username_cache
/home/ubuntu-vm/workspace/busybox-1.23.1/libbb/procps.c:fast_strtol_10:# if ENABLE_FEATURE_FAST_TOP:#if ENABLE_FEATURE_FAST_TOP || ENABLE_FEATURE_TOPMEM || ENABLE_PMAP
/home/ubuntu-vm/workspace/busybox-1.23.1/libbb/procps.c:fast_strtoul_10:#if ENABLE_FEATURE_FAST_TOP || ENABLE_FEATURE_TOPMEM || ENABLE_PMAP
/home/ubuntu-vm/workspace/busybox-1.23.1/libbb/procps.c:fast_strtoul_16:#if ENABLE_FEATURE_TOPMEM || ENABLE_PMAP
/home/ubuntu-vm/workspace/busybox-1.23.1/libbb/procps.c:free_procps_scan:#if ENABLE_FEATURE_SHOW_THREADS
/home/ubuntu-vm/workspace/busybox-1.23.1/libbb/procps.c:get_cached
/home/ubuntu-vm/workspace/busybox-1.23.1/libbb/procps.c:get_cached_groupname
/home/ubuntu-vm/workspace/busybox-1.23.1/libbb/procps.c:get_cached_username
/home/ubuntu-vm/workspace/busybox-1.23.1/libbb/procps.c:procps_read_smaps:#if !ENABLE_PMAP:#if ENABLE_FEATURE_TOPMEM || ENABLE_PMAP
/home/ubuntu-vm/workspace/busybox-1.23.1/libbb/procps.c:procps_scan:#if ENABLE_FEATURE_SHOW_THREADS:#if ENABLE_FEATURE_SHOW_THREADS:#if ENABLE_SELINUX:#if ENABLE_FEATURE_SHOW_THREADS:#if !ENABLE_FEATURE_FAST_TOP:# if ENABLE_FEATURE_TOP_SMP_PROCESS:# if ENABLE_FEATURE_TOP_SMP_PROCESS:# if ENABLE_FEATURE_TOP_SMP_PROCESS:# if ENABLE_FEATURE_TOP_SMP_PROCESS:#if !ENABLE_FEATURE_FAST_TOP:#if ENABLE_FEATURE_PS_ADDITIONAL_COLUMNS:#if ENABLE_FEATURE_TOPMEM:#if ENABLE_FEATURE_PS_ADDITIONAL_COLUMNS:#if 0 /* PSSCAN_CMD is not used */
/home/ubuntu-vm/workspace/busybox-1.23.1/libbb/procps.c:read_cmdline
/home/ubuntu-vm/workspace/busybox-1.23.1/libbb/procps.c:read_to_buf
/home/ubuntu-vm/workspace/busybox-1.23.1/libbb/procps.c:skip_fields:#if ENABLE_FEATURE_FAST_TOP || ENABLE_FEATURE_TOPMEM || ENABLE_PMAP
