/home/ubuntu-vm/workspace/busybox-1.23.1/miscutils/setserial.c:cmd_is_flag
/home/ubuntu-vm/workspace/busybox-1.23.1/miscutils/setserial.c:cmd_need_arg
/home/ubuntu-vm/workspace/busybox-1.23.1/miscutils/setserial.c:cmd_noprint
/home/ubuntu-vm/workspace/busybox-1.23.1/miscutils/setserial.c:find_cmd
/home/ubuntu-vm/workspace/busybox-1.23.1/miscutils/setserial.c:get_numeric
/home/ubuntu-vm/workspace/busybox-1.23.1/miscutils/setserial.c:get_spd
/home/ubuntu-vm/workspace/busybox-1.23.1/miscutils/setserial.c:get_uart
/home/ubuntu-vm/workspace/busybox-1.23.1/miscutils/setserial.c:get_wait
/home/ubuntu-vm/workspace/busybox-1.23.1/miscutils/setserial.c:index_in_strings_case_insensitive
/home/ubuntu-vm/workspace/busybox-1.23.1/miscutils/setserial.c:print_closing_wait
/home/ubuntu-vm/workspace/busybox-1.23.1/miscutils/setserial.c:print_flag
/home/ubuntu-vm/workspace/busybox-1.23.1/miscutils/setserial.c:print_serial_flags
/home/ubuntu-vm/workspace/busybox-1.23.1/miscutils/setserial.c:serial_ctl
/home/ubuntu-vm/workspace/busybox-1.23.1/miscutils/setserial.c:serial_get
/home/ubuntu-vm/workspace/busybox-1.23.1/miscutils/setserial.c:serial_open
/home/ubuntu-vm/workspace/busybox-1.23.1/miscutils/setserial.c:serial_set
/home/ubuntu-vm/workspace/busybox-1.23.1/miscutils/setserial.c:setserial_main
/home/ubuntu-vm/workspace/busybox-1.23.1/miscutils/setserial.c:uart_id
/home/ubuntu-vm/workspace/busybox-1.23.1/miscutils/setserial.c:uart_type
