/home/ubuntu-vm/workspace/busybox-1.23.1/networking/tftp.c:tftp_blksize_check:# if ENABLE_TFTP_DEBUG:#if ENABLE_FEATURE_TFTP_BLOCKSIZE:#if ENABLE_FEATURE_TFTP_GET || ENABLE_FEATURE_TFTP_PUT
/home/ubuntu-vm/workspace/busybox-1.23.1/networking/tftp.c:tftp_get_option:#if ENABLE_FEATURE_TFTP_BLOCKSIZE:#if ENABLE_FEATURE_TFTP_GET || ENABLE_FEATURE_TFTP_PUT
/home/ubuntu-vm/workspace/busybox-1.23.1/networking/tftp.c:tftp_main:# if ENABLE_FEATURE_TFTP_BLOCKSIZE:# if ENABLE_FEATURE_TFTP_BLOCKSIZE:# if ENABLE_TFTP_DEBUG:# if ENABLE_FEATURE_TFTP_PROGRESS_BAR:#if ENABLE_TFTP:#if ENABLE_FEATURE_TFTP_GET || ENABLE_FEATURE_TFTP_PUT
/home/ubuntu-vm/workspace/busybox-1.23.1/networking/tftp.c:tftp_progress_done:#if ENABLE_FEATURE_TFTP_PROGRESS_BAR:#if ENABLE_FEATURE_TFTP_GET || ENABLE_FEATURE_TFTP_PUT
/home/ubuntu-vm/workspace/busybox-1.23.1/networking/tftp.c:tftp_progress_init:#if ENABLE_FEATURE_TFTP_PROGRESS_BAR:#if ENABLE_FEATURE_TFTP_GET || ENABLE_FEATURE_TFTP_PUT
/home/ubuntu-vm/workspace/busybox-1.23.1/networking/tftp.c:tftp_progress_update:#if ENABLE_FEATURE_TFTP_PROGRESS_BAR:#if ENABLE_FEATURE_TFTP_GET || ENABLE_FEATURE_TFTP_PUT
/home/ubuntu-vm/workspace/busybox-1.23.1/networking/tftp.c:tftp_protocol:#if !ENABLE_TFTP:#if !ENABLE_FEATURE_TFTP_BLOCKSIZE:#if ENABLE_TFTPD:#if ENABLE_FEATURE_TFTP_BLOCKSIZE:# if ENABLE_FEATURE_TFTP_BLOCKSIZE:#if ENABLE_TFTP:# if ENABLE_FEATURE_TFTP_PROGRESS_BAR:#if ENABLE_FEATURE_TFTP_BLOCKSIZE:#if ENABLE_TFTP_DEBUG:#if ENABLE_FEATURE_TFTP_PROGRESS_BAR:#if ENABLE_TFTP_DEBUG:# if ENABLE_FEATURE_TFTP_PROGRESS_BAR:#if ENABLE_FEATURE_TFTP_BLOCKSIZE:#if 0:#if ENABLE_FEATURE_TFTP_GET || ENABLE_FEATURE_TFTP_PUT
/home/ubuntu-vm/workspace/busybox-1.23.1/networking/tftp.c:tftpd_main:# if ENABLE_FEATURE_TFTP_BLOCKSIZE:#if ENABLE_TFTPD:#if ENABLE_FEATURE_TFTP_GET || ENABLE_FEATURE_TFTP_PUT
