/home/ubuntu-vm/workspace/busybox-1.23.1/procps/top.c:clearmems
/home/ubuntu-vm/workspace/busybox-1.23.1/procps/top.c:display_cpus:# if ENABLE_FEATURE_TOP_SMP_CPU:# if ENABLE_FEATURE_TOP_DECIMALS:# if !ENABLE_FEATURE_TOP_SMP_CPU:# if ENABLE_FEATURE_TOP_SMP_CPU:#if ENABLE_FEATURE_TOP_CPU_GLOBAL_PERCENTS
/home/ubuntu-vm/workspace/busybox-1.23.1/procps/top.c:display_header
/home/ubuntu-vm/workspace/busybox-1.23.1/procps/top.c:display_process_list:#if ENABLE_FEATURE_TOP_CPU_USAGE_PERCENTAGE:#if ENABLE_FEATURE_TOP_DECIMALS:#if ENABLE_FEATURE_TOP_CPU_USAGE_PERCENTAGE:#if ENABLE_FEATURE_TOP_CPU_USAGE_PERCENTAGE
/home/ubuntu-vm/workspace/busybox-1.23.1/procps/top.c:display_topmem_header:#if ENABLE_FEATURE_TOPMEM
/home/ubuntu-vm/workspace/busybox-1.23.1/procps/top.c:display_topmem_process_list:#if ENABLE_FEATURE_TOPMEM
/home/ubuntu-vm/workspace/busybox-1.23.1/procps/top.c:do_stats:#if ENABLE_FEATURE_TOP_CPU_USAGE_PERCENTAGE
/home/ubuntu-vm/workspace/busybox-1.23.1/procps/top.c:fmt_100percent_8:#if ENABLE_FEATURE_TOP_CPU_GLOBAL_PERCENTS && ENABLE_FEATURE_TOP_DECIMALS
/home/ubuntu-vm/workspace/busybox-1.23.1/procps/top.c:get_jiffy_counts:#if !ENABLE_FEATURE_TOP_SMP_CPU:#if ENABLE_FEATURE_TOP_CPU_USAGE_PERCENTAGE
/home/ubuntu-vm/workspace/busybox-1.23.1/procps/top.c:handle_input:# if ENABLE_FEATURE_TOP_CPU_USAGE_PERCENTAGE:# if ENABLE_FEATURE_SHOW_THREADS:#  if ENABLE_FEATURE_TOPMEM:#  if ENABLE_FEATURE_TOP_SMP_CPU:# if ENABLE_FEATURE_TOP_CPU_USAGE_PERCENTAGE:#if ENABLE_FEATURE_USE_TERMIOS
/home/ubuntu-vm/workspace/busybox-1.23.1/procps/top.c:mem_sort
/home/ubuntu-vm/workspace/busybox-1.23.1/procps/top.c:mult_lvl_cmp:#if ENABLE_FEATURE_TOP_CPU_USAGE_PERCENTAGE
/home/ubuntu-vm/workspace/busybox-1.23.1/procps/top.c:parse_meminfo
/home/ubuntu-vm/workspace/busybox-1.23.1/procps/top.c:pcpu_sort:#if ENABLE_FEATURE_TOP_CPU_USAGE_PERCENTAGE
/home/ubuntu-vm/workspace/busybox-1.23.1/procps/top.c:pid_sort:#if ENABLE_FEATURE_USE_TERMIOS
/home/ubuntu-vm/workspace/busybox-1.23.1/procps/top.c:read_cpu_jiffy:#if !ENABLE_FEATURE_TOP_SMP_CPU:#if ENABLE_FEATURE_TOP_CPU_USAGE_PERCENTAGE
/home/ubuntu-vm/workspace/busybox-1.23.1/procps/top.c:reset_term:# if ENABLE_FEATURE_TOP_CPU_USAGE_PERCENTAGE:#if ENABLE_FEATURE_USE_TERMIOS
/home/ubuntu-vm/workspace/busybox-1.23.1/procps/top.c:sig_catcher:#if ENABLE_FEATURE_USE_TERMIOS
/home/ubuntu-vm/workspace/busybox-1.23.1/procps/top.c:time_sort:#if ENABLE_FEATURE_TOP_CPU_USAGE_PERCENTAGE
/home/ubuntu-vm/workspace/busybox-1.23.1/procps/top.c:top_main:#if ENABLE_FEATURE_USE_TERMIOS:#if ENABLE_FEATURE_TOP_SMP_CPU:#if ENABLE_FEATURE_TOPMEM:#if ENABLE_FEATURE_TOP_CPU_USAGE_PERCENTAGE:#if ENABLE_FEATURE_USE_TERMIOS:#if ENABLE_FEATURE_USE_TERMIOS:#if ENABLE_FEATURE_TOPMEM:#if ENABLE_FEATURE_TOP_CPU_USAGE_PERCENTAGE:#if ENABLE_FEATURE_TOP_SMP_PROCESS:#if ENABLE_FEATURE_TOPMEM:#if ENABLE_FEATURE_TOP_CPU_USAGE_PERCENTAGE:#if ENABLE_FEATURE_TOPMEM:#if ENABLE_FEATURE_TOPMEM:#if !ENABLE_FEATURE_USE_TERMIOS:#if ENABLE_FEATURE_USE_TERMIOS
/home/ubuntu-vm/workspace/busybox-1.23.1/procps/top.c:topmem_sort:#if ENABLE_FEATURE_TOPMEM
/home/ubuntu-vm/workspace/busybox-1.23.1/procps/top.c:ulltoa6_and_space:#if ENABLE_FEATURE_TOPMEM
