0:/home/leofernandesmo/workspace/reachability-analysis-study/subjects/libssh-0.7.2/src/agent.c:agent_close:#ifndef _WIN32
0:/home/leofernandesmo/workspace/reachability-analysis-study/subjects/libssh-0.7.2/src/agent.c:agent_connect:#ifndef _WIN32
0:/home/leofernandesmo/workspace/reachability-analysis-study/subjects/libssh-0.7.2/src/agent.c:agent_free:#ifndef _WIN32
0:/home/leofernandesmo/workspace/reachability-analysis-study/subjects/libssh-0.7.2/src/agent.c:agent_get_u32:#ifndef _WIN32
0:/home/leofernandesmo/workspace/reachability-analysis-study/subjects/libssh-0.7.2/src/agent.c:agent_is_running:#ifndef _WIN32
0:/home/leofernandesmo/workspace/reachability-analysis-study/subjects/libssh-0.7.2/src/agent.c:agent_new:#ifndef _WIN32
0:/home/leofernandesmo/workspace/reachability-analysis-study/subjects/libssh-0.7.2/src/agent.c:agent_put_u32:#ifndef _WIN32
0:/home/leofernandesmo/workspace/reachability-analysis-study/subjects/libssh-0.7.2/src/agent.c:agent_set_channel:#ifndef _WIN32
0:/home/leofernandesmo/workspace/reachability-analysis-study/subjects/libssh-0.7.2/src/agent.c:agent_talk:#ifndef _WIN32
0:/home/leofernandesmo/workspace/reachability-analysis-study/subjects/libssh-0.7.2/src/agent.c:atomicio:#ifdef EWOULDBLOCK:#ifndef _WIN32
0:/home/leofernandesmo/workspace/reachability-analysis-study/subjects/libssh-0.7.2/src/agent.c:ssh_agent_get_first_ident:#ifndef _WIN32
0:/home/leofernandesmo/workspace/reachability-analysis-study/subjects/libssh-0.7.2/src/agent.c:ssh_agent_get_ident_count:#ifndef _WIN32
0:/home/leofernandesmo/workspace/reachability-analysis-study/subjects/libssh-0.7.2/src/agent.c:ssh_agent_get_next_ident:#ifndef _WIN32
0:/home/leofernandesmo/workspace/reachability-analysis-study/subjects/libssh-0.7.2/src/agent.c:ssh_agent_sign_data:#ifndef _WIN32
0:/home/leofernandesmo/workspace/reachability-analysis-study/subjects/libssh-0.7.2/src/agent.c:ssh_set_agent_channel:#ifndef _WIN32
0:/home/leofernandesmo/workspace/reachability-analysis-study/subjects/libssh-0.7.2/src/agent.c:ssh_set_agent_socket:#ifndef _WIN32
2:/home/leofernandesmo/workspace/reachability-analysis-study/subjects/libssh-0.7.2/src/agent.c:#ifdef HAVE_UNISTD_H
2:/home/leofernandesmo/workspace/reachability-analysis-study/subjects/libssh-0.7.2/src/agent.c:#if 0
