1:/home/leofernandesmo/workspace/reachability-analysis-study/subjects/libssh-0.7.2/src/bind.c:bind_socket
1:/home/leofernandesmo/workspace/reachability-analysis-study/subjects/libssh-0.7.2/src/bind.c:ssh_bind_accept
0:/home/leofernandesmo/workspace/reachability-analysis-study/subjects/libssh-0.7.2/src/bind.c:ssh_bind_accept_fd:#ifdef HAVE_ECC
1:/home/leofernandesmo/workspace/reachability-analysis-study/subjects/libssh-0.7.2/src/bind.c:ssh_bind_fd_toaccept
1:/home/leofernandesmo/workspace/reachability-analysis-study/subjects/libssh-0.7.2/src/bind.c:ssh_bind_free
1:/home/leofernandesmo/workspace/reachability-analysis-study/subjects/libssh-0.7.2/src/bind.c:ssh_bind_get_fd
1:/home/leofernandesmo/workspace/reachability-analysis-study/subjects/libssh-0.7.2/src/bind.c:ssh_bind_get_poll
0:/home/leofernandesmo/workspace/reachability-analysis-study/subjects/libssh-0.7.2/src/bind.c:ssh_bind_import_keys:#ifdef HAVE_ECC
1:/home/leofernandesmo/workspace/reachability-analysis-study/subjects/libssh-0.7.2/src/bind.c:ssh_bind_listen
1:/home/leofernandesmo/workspace/reachability-analysis-study/subjects/libssh-0.7.2/src/bind.c:ssh_bind_new
1:/home/leofernandesmo/workspace/reachability-analysis-study/subjects/libssh-0.7.2/src/bind.c:ssh_bind_poll_callback
1:/home/leofernandesmo/workspace/reachability-analysis-study/subjects/libssh-0.7.2/src/bind.c:ssh_bind_set_blocking
1:/home/leofernandesmo/workspace/reachability-analysis-study/subjects/libssh-0.7.2/src/bind.c:ssh_bind_set_callbacks
1:/home/leofernandesmo/workspace/reachability-analysis-study/subjects/libssh-0.7.2/src/bind.c:ssh_bind_set_fd
2:/home/leofernandesmo/workspace/reachability-analysis-study/subjects/libssh-0.7.2/src/bind.c:#ifdef HAVE_WSPIAPI_H
2:/home/leofernandesmo/workspace/reachability-analysis-study/subjects/libssh-0.7.2/src/bind.c:#ifdef _WIN32
