0:/home/leofernandesmo/workspace/reachability-analysis-study/subjects/libssh-0.7.2/src/external/blowfish.c:Blowfish_decipher:#if !defined(HAVE_BCRYPT_PBKDF) && (!defined(HAVE_BLOWFISH_INITSTATE) || \
0:/home/leofernandesmo/workspace/reachability-analysis-study/subjects/libssh-0.7.2/src/external/blowfish.c:Blowfish_encipher:#if !defined(HAVE_BCRYPT_PBKDF) && (!defined(HAVE_BLOWFISH_INITSTATE) || \
0:/home/leofernandesmo/workspace/reachability-analysis-study/subjects/libssh-0.7.2/src/external/blowfish.c:Blowfish_expand0state:#if !defined(HAVE_BCRYPT_PBKDF) && (!defined(HAVE_BLOWFISH_INITSTATE) || \
0:/home/leofernandesmo/workspace/reachability-analysis-study/subjects/libssh-0.7.2/src/external/blowfish.c:Blowfish_expandstate:#if !defined(HAVE_BCRYPT_PBKDF) && (!defined(HAVE_BLOWFISH_INITSTATE) || \
0:/home/leofernandesmo/workspace/reachability-analysis-study/subjects/libssh-0.7.2/src/external/blowfish.c:Blowfish_initstate:#if !defined(HAVE_BCRYPT_PBKDF) && (!defined(HAVE_BLOWFISH_INITSTATE) || \
0:/home/leofernandesmo/workspace/reachability-analysis-study/subjects/libssh-0.7.2/src/external/blowfish.c:Blowfish_stream2word:#if !defined(HAVE_BCRYPT_PBKDF) && (!defined(HAVE_BLOWFISH_INITSTATE) || \
0:/home/leofernandesmo/workspace/reachability-analysis-study/subjects/libssh-0.7.2/src/external/blowfish.c:blf_cbc_decrypt:#if !defined(HAVE_BCRYPT_PBKDF) && (!defined(HAVE_BLOWFISH_INITSTATE) || \
0:/home/leofernandesmo/workspace/reachability-analysis-study/subjects/libssh-0.7.2/src/external/blowfish.c:blf_cbc_encrypt:#if !defined(HAVE_BCRYPT_PBKDF) && (!defined(HAVE_BLOWFISH_INITSTATE) || \
0:/home/leofernandesmo/workspace/reachability-analysis-study/subjects/libssh-0.7.2/src/external/blowfish.c:blf_dec:#if !defined(HAVE_BCRYPT_PBKDF) && (!defined(HAVE_BLOWFISH_INITSTATE) || \
0:/home/leofernandesmo/workspace/reachability-analysis-study/subjects/libssh-0.7.2/src/external/blowfish.c:blf_ecb_decrypt:#if !defined(HAVE_BCRYPT_PBKDF) && (!defined(HAVE_BLOWFISH_INITSTATE) || \
0:/home/leofernandesmo/workspace/reachability-analysis-study/subjects/libssh-0.7.2/src/external/blowfish.c:blf_ecb_encrypt:#if !defined(HAVE_BCRYPT_PBKDF) && (!defined(HAVE_BLOWFISH_INITSTATE) || \
0:/home/leofernandesmo/workspace/reachability-analysis-study/subjects/libssh-0.7.2/src/external/blowfish.c:blf_enc:#if !defined(HAVE_BCRYPT_PBKDF) && (!defined(HAVE_BLOWFISH_INITSTATE) || \
0:/home/leofernandesmo/workspace/reachability-analysis-study/subjects/libssh-0.7.2/src/external/blowfish.c:blf_key:#if !defined(HAVE_BCRYPT_PBKDF) && (!defined(HAVE_BLOWFISH_INITSTATE) || \
2:/home/leofernandesmo/workspace/reachability-analysis-study/subjects/libssh-0.7.2/src/external/blowfish.c:#if 0
2:/home/leofernandesmo/workspace/reachability-analysis-study/subjects/libssh-0.7.2/src/external/blowfish.c:#ifdef __GNUC__
2:/home/leofernandesmo/workspace/reachability-analysis-study/subjects/libssh-0.7.2/src/external/blowfish.c:#if 0
