1:/home/leofernandesmo/workspace/reachability-analysis-study/subjects/libssh-0.7.2/src/buffer.c:_ssh_buffer_pack
1:/home/leofernandesmo/workspace/reachability-analysis-study/subjects/libssh-0.7.2/src/buffer.c:_ssh_buffer_unpack
1:/home/leofernandesmo/workspace/reachability-analysis-study/subjects/libssh-0.7.2/src/buffer.c:buffer_add_buffer
1:/home/leofernandesmo/workspace/reachability-analysis-study/subjects/libssh-0.7.2/src/buffer.c:buffer_add_ssh_string
1:/home/leofernandesmo/workspace/reachability-analysis-study/subjects/libssh-0.7.2/src/buffer.c:buffer_add_u16
1:/home/leofernandesmo/workspace/reachability-analysis-study/subjects/libssh-0.7.2/src/buffer.c:buffer_add_u32
1:/home/leofernandesmo/workspace/reachability-analysis-study/subjects/libssh-0.7.2/src/buffer.c:buffer_add_u64
1:/home/leofernandesmo/workspace/reachability-analysis-study/subjects/libssh-0.7.2/src/buffer.c:buffer_add_u8
1:/home/leofernandesmo/workspace/reachability-analysis-study/subjects/libssh-0.7.2/src/buffer.c:buffer_get_data
1:/home/leofernandesmo/workspace/reachability-analysis-study/subjects/libssh-0.7.2/src/buffer.c:buffer_get_mpint
1:/home/leofernandesmo/workspace/reachability-analysis-study/subjects/libssh-0.7.2/src/buffer.c:buffer_get_rest
1:/home/leofernandesmo/workspace/reachability-analysis-study/subjects/libssh-0.7.2/src/buffer.c:buffer_get_rest_len
1:/home/leofernandesmo/workspace/reachability-analysis-study/subjects/libssh-0.7.2/src/buffer.c:buffer_get_ssh_string
1:/home/leofernandesmo/workspace/reachability-analysis-study/subjects/libssh-0.7.2/src/buffer.c:buffer_get_u32
1:/home/leofernandesmo/workspace/reachability-analysis-study/subjects/libssh-0.7.2/src/buffer.c:buffer_get_u64
1:/home/leofernandesmo/workspace/reachability-analysis-study/subjects/libssh-0.7.2/src/buffer.c:buffer_get_u8
1:/home/leofernandesmo/workspace/reachability-analysis-study/subjects/libssh-0.7.2/src/buffer.c:buffer_pass_bytes
1:/home/leofernandesmo/workspace/reachability-analysis-study/subjects/libssh-0.7.2/src/buffer.c:buffer_pass_bytes_end
1:/home/leofernandesmo/workspace/reachability-analysis-study/subjects/libssh-0.7.2/src/buffer.c:buffer_prepend_data
1:/home/leofernandesmo/workspace/reachability-analysis-study/subjects/libssh-0.7.2/src/buffer.c:buffer_shift
0:/home/leofernandesmo/workspace/reachability-analysis-study/subjects/libssh-0.7.2/src/buffer.c:buffer_verify:#ifdef DEBUG_BUFFER
1:/home/leofernandesmo/workspace/reachability-analysis-study/subjects/libssh-0.7.2/src/buffer.c:realloc_buffer
1:/home/leofernandesmo/workspace/reachability-analysis-study/subjects/libssh-0.7.2/src/buffer.c:ssh_buffer_add_data
1:/home/leofernandesmo/workspace/reachability-analysis-study/subjects/libssh-0.7.2/src/buffer.c:ssh_buffer_free
1:/home/leofernandesmo/workspace/reachability-analysis-study/subjects/libssh-0.7.2/src/buffer.c:ssh_buffer_get_begin
1:/home/leofernandesmo/workspace/reachability-analysis-study/subjects/libssh-0.7.2/src/buffer.c:ssh_buffer_get_len
1:/home/leofernandesmo/workspace/reachability-analysis-study/subjects/libssh-0.7.2/src/buffer.c:ssh_buffer_new
1:/home/leofernandesmo/workspace/reachability-analysis-study/subjects/libssh-0.7.2/src/buffer.c:ssh_buffer_pack_va
1:/home/leofernandesmo/workspace/reachability-analysis-study/subjects/libssh-0.7.2/src/buffer.c:ssh_buffer_reinit
1:/home/leofernandesmo/workspace/reachability-analysis-study/subjects/libssh-0.7.2/src/buffer.c:ssh_buffer_set_secure
1:/home/leofernandesmo/workspace/reachability-analysis-study/subjects/libssh-0.7.2/src/buffer.c:ssh_buffer_unpack_va
2:/home/leofernandesmo/workspace/reachability-analysis-study/subjects/libssh-0.7.2/src/buffer.c:#ifndef _WIN32
