1:/home/leofernandesmo/workspace/reachability-analysis-study/subjects/libssh-0.7.2/src/channels.c:SSH_PACKET_CALLBACK
1:/home/leofernandesmo/workspace/reachability-analysis-study/subjects/libssh-0.7.2/src/channels.c:SSH_PACKET_CALLBACK
1:/home/leofernandesmo/workspace/reachability-analysis-study/subjects/libssh-0.7.2/src/channels.c:SSH_PACKET_CALLBACK
1:/home/leofernandesmo/workspace/reachability-analysis-study/subjects/libssh-0.7.2/src/channels.c:SSH_PACKET_CALLBACK
1:/home/leofernandesmo/workspace/reachability-analysis-study/subjects/libssh-0.7.2/src/channels.c:SSH_PACKET_CALLBACK
1:/home/leofernandesmo/workspace/reachability-analysis-study/subjects/libssh-0.7.2/src/channels.c:SSH_PACKET_CALLBACK
0:/home/leofernandesmo/workspace/reachability-analysis-study/subjects/libssh-0.7.2/src/channels.c:SSH_PACKET_CALLBACK:#ifdef WITH_SERVER
1:/home/leofernandesmo/workspace/reachability-analysis-study/subjects/libssh-0.7.2/src/channels.c:SSH_PACKET_CALLBACK
1:/home/leofernandesmo/workspace/reachability-analysis-study/subjects/libssh-0.7.2/src/channels.c:SSH_PACKET_CALLBACK
1:/home/leofernandesmo/workspace/reachability-analysis-study/subjects/libssh-0.7.2/src/channels.c:SSH_PACKET_CALLBACK
1:/home/leofernandesmo/workspace/reachability-analysis-study/subjects/libssh-0.7.2/src/channels.c:SSH_PACKET_CALLBACK
1:/home/leofernandesmo/workspace/reachability-analysis-study/subjects/libssh-0.7.2/src/channels.c:channel_default_bufferize
0:/home/leofernandesmo/workspace/reachability-analysis-study/subjects/libssh-0.7.2/src/channels.c:channel_from_msg:#ifdef WITH_SSH1
1:/home/leofernandesmo/workspace/reachability-analysis-study/subjects/libssh-0.7.2/src/channels.c:channel_open
1:/home/leofernandesmo/workspace/reachability-analysis-study/subjects/libssh-0.7.2/src/channels.c:channel_protocol_select
1:/home/leofernandesmo/workspace/reachability-analysis-study/subjects/libssh-0.7.2/src/channels.c:channel_read_buffer
1:/home/leofernandesmo/workspace/reachability-analysis-study/subjects/libssh-0.7.2/src/channels.c:channel_request
0:/home/leofernandesmo/workspace/reachability-analysis-study/subjects/libssh-0.7.2/src/channels.c:channel_write_common:#ifdef WITH_SSH1
1:/home/leofernandesmo/workspace/reachability-analysis-study/subjects/libssh-0.7.2/src/channels.c:count_ptrs
1:/home/leofernandesmo/workspace/reachability-analysis-study/subjects/libssh-0.7.2/src/channels.c:generate_cookie
1:/home/leofernandesmo/workspace/reachability-analysis-study/subjects/libssh-0.7.2/src/channels.c:global_request
0:/home/leofernandesmo/workspace/reachability-analysis-study/subjects/libssh-0.7.2/src/channels.c:grow_window:#ifdef WITH_SSH1
0:/home/leofernandesmo/workspace/reachability-analysis-study/subjects/libssh-0.7.2/src/channels.c:ssh_channel_accept:#ifndef _WIN32:#ifdef _WIN32
1:/home/leofernandesmo/workspace/reachability-analysis-study/subjects/libssh-0.7.2/src/channels.c:ssh_channel_accept_forward
1:/home/leofernandesmo/workspace/reachability-analysis-study/subjects/libssh-0.7.2/src/channels.c:ssh_channel_accept_x11
1:/home/leofernandesmo/workspace/reachability-analysis-study/subjects/libssh-0.7.2/src/channels.c:ssh_channel_cancel_forward
0:/home/leofernandesmo/workspace/reachability-analysis-study/subjects/libssh-0.7.2/src/channels.c:ssh_channel_change_pty_size:#ifdef WITH_SSH1
1:/home/leofernandesmo/workspace/reachability-analysis-study/subjects/libssh-0.7.2/src/channels.c:ssh_channel_close
1:/home/leofernandesmo/workspace/reachability-analysis-study/subjects/libssh-0.7.2/src/channels.c:ssh_channel_do_free
1:/home/leofernandesmo/workspace/reachability-analysis-study/subjects/libssh-0.7.2/src/channels.c:ssh_channel_exit_status_termination
1:/home/leofernandesmo/workspace/reachability-analysis-study/subjects/libssh-0.7.2/src/channels.c:ssh_channel_flush
1:/home/leofernandesmo/workspace/reachability-analysis-study/subjects/libssh-0.7.2/src/channels.c:ssh_channel_free
1:/home/leofernandesmo/workspace/reachability-analysis-study/subjects/libssh-0.7.2/src/channels.c:ssh_channel_from_local
1:/home/leofernandesmo/workspace/reachability-analysis-study/subjects/libssh-0.7.2/src/channels.c:ssh_channel_get_exit_status
1:/home/leofernandesmo/workspace/reachability-analysis-study/subjects/libssh-0.7.2/src/channels.c:ssh_channel_get_session
1:/home/leofernandesmo/workspace/reachability-analysis-study/subjects/libssh-0.7.2/src/channels.c:ssh_channel_is_closed
1:/home/leofernandesmo/workspace/reachability-analysis-study/subjects/libssh-0.7.2/src/channels.c:ssh_channel_is_eof
1:/home/leofernandesmo/workspace/reachability-analysis-study/subjects/libssh-0.7.2/src/channels.c:ssh_channel_is_open
1:/home/leofernandesmo/workspace/reachability-analysis-study/subjects/libssh-0.7.2/src/channels.c:ssh_channel_listen_forward
1:/home/leofernandesmo/workspace/reachability-analysis-study/subjects/libssh-0.7.2/src/channels.c:ssh_channel_new
1:/home/leofernandesmo/workspace/reachability-analysis-study/subjects/libssh-0.7.2/src/channels.c:ssh_channel_new_id
0:/home/leofernandesmo/workspace/reachability-analysis-study/subjects/libssh-0.7.2/src/channels.c:ssh_channel_open_auth_agent:#ifdef WITH_SSH1
1:/home/leofernandesmo/workspace/reachability-analysis-study/subjects/libssh-0.7.2/src/channels.c:ssh_channel_open_forward
0:/home/leofernandesmo/workspace/reachability-analysis-study/subjects/libssh-0.7.2/src/channels.c:ssh_channel_open_reverse_forward:#if WITH_SERVER
0:/home/leofernandesmo/workspace/reachability-analysis-study/subjects/libssh-0.7.2/src/channels.c:ssh_channel_open_session:#ifdef WITH_SSH1
1:/home/leofernandesmo/workspace/reachability-analysis-study/subjects/libssh-0.7.2/src/channels.c:ssh_channel_open_termination
0:/home/leofernandesmo/workspace/reachability-analysis-study/subjects/libssh-0.7.2/src/channels.c:ssh_channel_open_x11:#if WITH_SERVER
1:/home/leofernandesmo/workspace/reachability-analysis-study/subjects/libssh-0.7.2/src/channels.c:ssh_channel_poll
1:/home/leofernandesmo/workspace/reachability-analysis-study/subjects/libssh-0.7.2/src/channels.c:ssh_channel_poll_timeout
1:/home/leofernandesmo/workspace/reachability-analysis-study/subjects/libssh-0.7.2/src/channels.c:ssh_channel_read
1:/home/leofernandesmo/workspace/reachability-analysis-study/subjects/libssh-0.7.2/src/channels.c:ssh_channel_read_nonblocking
1:/home/leofernandesmo/workspace/reachability-analysis-study/subjects/libssh-0.7.2/src/channels.c:ssh_channel_read_termination
1:/home/leofernandesmo/workspace/reachability-analysis-study/subjects/libssh-0.7.2/src/channels.c:ssh_channel_read_timeout
1:/home/leofernandesmo/workspace/reachability-analysis-study/subjects/libssh-0.7.2/src/channels.c:ssh_channel_request_env
0:/home/leofernandesmo/workspace/reachability-analysis-study/subjects/libssh-0.7.2/src/channels.c:ssh_channel_request_exec:#ifdef WITH_SSH1
1:/home/leofernandesmo/workspace/reachability-analysis-study/subjects/libssh-0.7.2/src/channels.c:ssh_channel_request_pty
0:/home/leofernandesmo/workspace/reachability-analysis-study/subjects/libssh-0.7.2/src/channels.c:ssh_channel_request_pty_size:#ifdef WITH_SSH1
0:/home/leofernandesmo/workspace/reachability-analysis-study/subjects/libssh-0.7.2/src/channels.c:ssh_channel_request_send_exit_signal:#ifdef WITH_SSH1:#if WITH_SERVER
0:/home/leofernandesmo/workspace/reachability-analysis-study/subjects/libssh-0.7.2/src/channels.c:ssh_channel_request_send_exit_status:#ifdef WITH_SSH1:#if WITH_SERVER
0:/home/leofernandesmo/workspace/reachability-analysis-study/subjects/libssh-0.7.2/src/channels.c:ssh_channel_request_send_signal:#ifdef WITH_SSH1
1:/home/leofernandesmo/workspace/reachability-analysis-study/subjects/libssh-0.7.2/src/channels.c:ssh_channel_request_sftp
0:/home/leofernandesmo/workspace/reachability-analysis-study/subjects/libssh-0.7.2/src/channels.c:ssh_channel_request_shell:#ifdef WITH_SSH1
1:/home/leofernandesmo/workspace/reachability-analysis-study/subjects/libssh-0.7.2/src/channels.c:ssh_channel_request_subsystem
1:/home/leofernandesmo/workspace/reachability-analysis-study/subjects/libssh-0.7.2/src/channels.c:ssh_channel_request_termination
1:/home/leofernandesmo/workspace/reachability-analysis-study/subjects/libssh-0.7.2/src/channels.c:ssh_channel_request_x11
1:/home/leofernandesmo/workspace/reachability-analysis-study/subjects/libssh-0.7.2/src/channels.c:ssh_channel_select
1:/home/leofernandesmo/workspace/reachability-analysis-study/subjects/libssh-0.7.2/src/channels.c:ssh_channel_send_eof
1:/home/leofernandesmo/workspace/reachability-analysis-study/subjects/libssh-0.7.2/src/channels.c:ssh_channel_set_blocking
1:/home/leofernandesmo/workspace/reachability-analysis-study/subjects/libssh-0.7.2/src/channels.c:ssh_channel_set_counter
1:/home/leofernandesmo/workspace/reachability-analysis-study/subjects/libssh-0.7.2/src/channels.c:ssh_channel_waitwindow_termination
1:/home/leofernandesmo/workspace/reachability-analysis-study/subjects/libssh-0.7.2/src/channels.c:ssh_channel_window_size
1:/home/leofernandesmo/workspace/reachability-analysis-study/subjects/libssh-0.7.2/src/channels.c:ssh_channel_write
0:/home/leofernandesmo/workspace/reachability-analysis-study/subjects/libssh-0.7.2/src/channels.c:ssh_channel_write_stderr:#if WITH_SERVER
1:/home/leofernandesmo/workspace/reachability-analysis-study/subjects/libssh-0.7.2/src/channels.c:ssh_forward_accept
1:/home/leofernandesmo/workspace/reachability-analysis-study/subjects/libssh-0.7.2/src/channels.c:ssh_forward_cancel
1:/home/leofernandesmo/workspace/reachability-analysis-study/subjects/libssh-0.7.2/src/channels.c:ssh_forward_listen
1:/home/leofernandesmo/workspace/reachability-analysis-study/subjects/libssh-0.7.2/src/channels.c:ssh_global_request_termination
1:/home/leofernandesmo/workspace/reachability-analysis-study/subjects/libssh-0.7.2/src/channels.c:ssh_waitsession_unblocked
2:/home/leofernandesmo/workspace/reachability-analysis-study/subjects/libssh-0.7.2/src/channels.c:#ifndef _WIN32
2:/home/leofernandesmo/workspace/reachability-analysis-study/subjects/libssh-0.7.2/src/channels.c:#if WITH_SERVER
