0:/home/leofernandesmo/workspace/reachability-analysis-study/subjects/libssh-0.7.2/src/channels1.c:SSH_PACKET_CALLBACK:#ifdef WITH_SSH1
0:/home/leofernandesmo/workspace/reachability-analysis-study/subjects/libssh-0.7.2/src/channels1.c:SSH_PACKET_CALLBACK:#ifdef WITH_SSH1
0:/home/leofernandesmo/workspace/reachability-analysis-study/subjects/libssh-0.7.2/src/channels1.c:SSH_PACKET_CALLBACK:#ifdef WITH_SSH1
0:/home/leofernandesmo/workspace/reachability-analysis-study/subjects/libssh-0.7.2/src/channels1.c:channel_change_pty_size1:#ifdef WITH_SSH1
0:/home/leofernandesmo/workspace/reachability-analysis-study/subjects/libssh-0.7.2/src/channels1.c:channel_open_session1:#ifdef WITH_SSH1
0:/home/leofernandesmo/workspace/reachability-analysis-study/subjects/libssh-0.7.2/src/channels1.c:channel_request_exec1:#ifdef WITH_SSH1
0:/home/leofernandesmo/workspace/reachability-analysis-study/subjects/libssh-0.7.2/src/channels1.c:channel_request_pty_size1:#ifdef WITH_SSH1
0:/home/leofernandesmo/workspace/reachability-analysis-study/subjects/libssh-0.7.2/src/channels1.c:channel_request_shell1:#ifdef WITH_SSH1
0:/home/leofernandesmo/workspace/reachability-analysis-study/subjects/libssh-0.7.2/src/channels1.c:channel_write1:#ifdef WITH_SSH1
0:/home/leofernandesmo/workspace/reachability-analysis-study/subjects/libssh-0.7.2/src/channels1.c:ssh_get_channel1:#ifdef WITH_SSH1
2:/home/leofernandesmo/workspace/reachability-analysis-study/subjects/libssh-0.7.2/src/channels1.c:#ifndef _WIN32
2:/home/leofernandesmo/workspace/reachability-analysis-study/subjects/libssh-0.7.2/src/channels1.c:#ifdef HAVE_UNISTD_H
