0:/home/leofernandesmo/workspace/reachability-analysis-study/subjects/libssh-0.7.2/build/CMakeFiles/3.5.1/CompilerIdC/CMakeCCompilerId.c:main:#ifdef COMPILER_VERSION_MAJOR:#ifdef SIMULATE_ID:#ifdef SIMULATE_VERSION_MAJOR:#if defined(__CRAYXE) || defined(__CRAYXC):#ifdef ID_VOID_MAIN
0:/home/leofernandesmo/workspace/reachability-analysis-study/subjects/libssh-0.7.2/build/CMakeFiles/3.5.1/CompilerIdC/CMakeCCompilerId.c:main:#ifdef COMPILER_VERSION_MAJOR:#ifdef SIMULATE_ID:#ifdef SIMULATE_VERSION_MAJOR:#if defined(__CRAYXE) || defined(__CRAYXC):#ifdef ID_VOID_MAIN
2:/home/leofernandesmo/workspace/reachability-analysis-study/subjects/libssh-0.7.2/build/CMakeFiles/3.5.1/CompilerIdC/CMakeCCompilerId.c:#ifdef __cplusplus
2:/home/leofernandesmo/workspace/reachability-analysis-study/subjects/libssh-0.7.2/build/CMakeFiles/3.5.1/CompilerIdC/CMakeCCompilerId.c:#if defined(__18CXX)
2:/home/leofernandesmo/workspace/reachability-analysis-study/subjects/libssh-0.7.2/build/CMakeFiles/3.5.1/CompilerIdC/CMakeCCompilerId.c:# if defined(_MSC_VER)
2:/home/leofernandesmo/workspace/reachability-analysis-study/subjects/libssh-0.7.2/build/CMakeFiles/3.5.1/CompilerIdC/CMakeCCompilerId.c:# if defined(__INTEL_COMPILER_UPDATE)
2:/home/leofernandesmo/workspace/reachability-analysis-study/subjects/libssh-0.7.2/build/CMakeFiles/3.5.1/CompilerIdC/CMakeCCompilerId.c:# if defined(__INTEL_COMPILER_BUILD_DATE)
2:/home/leofernandesmo/workspace/reachability-analysis-study/subjects/libssh-0.7.2/build/CMakeFiles/3.5.1/CompilerIdC/CMakeCCompilerId.c:# if defined(_MSC_VER)
2:/home/leofernandesmo/workspace/reachability-analysis-study/subjects/libssh-0.7.2/build/CMakeFiles/3.5.1/CompilerIdC/CMakeCCompilerId.c:# if defined(__PATHCC_PATCHLEVEL__)
2:/home/leofernandesmo/workspace/reachability-analysis-study/subjects/libssh-0.7.2/build/CMakeFiles/3.5.1/CompilerIdC/CMakeCCompilerId.c:# if (__WATCOMC__ % 10) > 0
2:/home/leofernandesmo/workspace/reachability-analysis-study/subjects/libssh-0.7.2/build/CMakeFiles/3.5.1/CompilerIdC/CMakeCCompilerId.c:# if (__WATCOMC__ % 10) > 0
2:/home/leofernandesmo/workspace/reachability-analysis-study/subjects/libssh-0.7.2/build/CMakeFiles/3.5.1/CompilerIdC/CMakeCCompilerId.c:# if __SUNPRO_C >= 0x5100
2:/home/leofernandesmo/workspace/reachability-analysis-study/subjects/libssh-0.7.2/build/CMakeFiles/3.5.1/CompilerIdC/CMakeCCompilerId.c:# if defined(__PGIC_PATCHLEVEL__)
2:/home/leofernandesmo/workspace/reachability-analysis-study/subjects/libssh-0.7.2/build/CMakeFiles/3.5.1/CompilerIdC/CMakeCCompilerId.c:# if defined(_MSC_VER)
2:/home/leofernandesmo/workspace/reachability-analysis-study/subjects/libssh-0.7.2/build/CMakeFiles/3.5.1/CompilerIdC/CMakeCCompilerId.c:# if defined(_MSC_VER)
2:/home/leofernandesmo/workspace/reachability-analysis-study/subjects/libssh-0.7.2/build/CMakeFiles/3.5.1/CompilerIdC/CMakeCCompilerId.c:# if defined(_MSC_VER)
2:/home/leofernandesmo/workspace/reachability-analysis-study/subjects/libssh-0.7.2/build/CMakeFiles/3.5.1/CompilerIdC/CMakeCCompilerId.c:# if defined(_MSC_VER)
2:/home/leofernandesmo/workspace/reachability-analysis-study/subjects/libssh-0.7.2/build/CMakeFiles/3.5.1/CompilerIdC/CMakeCCompilerId.c:# if defined(__GNUC_MINOR__)
2:/home/leofernandesmo/workspace/reachability-analysis-study/subjects/libssh-0.7.2/build/CMakeFiles/3.5.1/CompilerIdC/CMakeCCompilerId.c:# if defined(__GNUC_PATCHLEVEL__)
2:/home/leofernandesmo/workspace/reachability-analysis-study/subjects/libssh-0.7.2/build/CMakeFiles/3.5.1/CompilerIdC/CMakeCCompilerId.c:#  if _MSC_VER >= 1400
2:/home/leofernandesmo/workspace/reachability-analysis-study/subjects/libssh-0.7.2/build/CMakeFiles/3.5.1/CompilerIdC/CMakeCCompilerId.c:# if defined(_MSC_FULL_VER)
2:/home/leofernandesmo/workspace/reachability-analysis-study/subjects/libssh-0.7.2/build/CMakeFiles/3.5.1/CompilerIdC/CMakeCCompilerId.c:# if defined(_MSC_BUILD)
2:/home/leofernandesmo/workspace/reachability-analysis-study/subjects/libssh-0.7.2/build/CMakeFiles/3.5.1/CompilerIdC/CMakeCCompilerId.c:#if defined(__VISUALDSPVERSION__)
2:/home/leofernandesmo/workspace/reachability-analysis-study/subjects/libssh-0.7.2/build/CMakeFiles/3.5.1/CompilerIdC/CMakeCCompilerId.c:#if __ARMCC_VERSION >= 1000000
2:/home/leofernandesmo/workspace/reachability-analysis-study/subjects/libssh-0.7.2/build/CMakeFiles/3.5.1/CompilerIdC/CMakeCCompilerId.c:# if defined(_SGI_COMPILER_VERSION)
2:/home/leofernandesmo/workspace/reachability-analysis-study/subjects/libssh-0.7.2/build/CMakeFiles/3.5.1/CompilerIdC/CMakeCCompilerId.c:#if defined(__INTEL_COMPILER) || defined(__ICC)
2:/home/leofernandesmo/workspace/reachability-analysis-study/subjects/libssh-0.7.2/build/CMakeFiles/3.5.1/CompilerIdC/CMakeCCompilerId.c:#ifdef SIMULATE_ID
2:/home/leofernandesmo/workspace/reachability-analysis-study/subjects/libssh-0.7.2/build/CMakeFiles/3.5.1/CompilerIdC/CMakeCCompilerId.c:#ifdef __QNXNTO__
2:/home/leofernandesmo/workspace/reachability-analysis-study/subjects/libssh-0.7.2/build/CMakeFiles/3.5.1/CompilerIdC/CMakeCCompilerId.c:#if defined(__CRAYXE) || defined(__CRAYXC)
2:/home/leofernandesmo/workspace/reachability-analysis-study/subjects/libssh-0.7.2/build/CMakeFiles/3.5.1/CompilerIdC/CMakeCCompilerId.c:# if defined(__LINUX__)
2:/home/leofernandesmo/workspace/reachability-analysis-study/subjects/libssh-0.7.2/build/CMakeFiles/3.5.1/CompilerIdC/CMakeCCompilerId.c:#if defined(__linux) || defined(__linux__) || defined(linux)
2:/home/leofernandesmo/workspace/reachability-analysis-study/subjects/libssh-0.7.2/build/CMakeFiles/3.5.1/CompilerIdC/CMakeCCompilerId.c:#  if _M_ARM == 4
2:/home/leofernandesmo/workspace/reachability-analysis-study/subjects/libssh-0.7.2/build/CMakeFiles/3.5.1/CompilerIdC/CMakeCCompilerId.c:# if defined(_M_IA64)
2:/home/leofernandesmo/workspace/reachability-analysis-study/subjects/libssh-0.7.2/build/CMakeFiles/3.5.1/CompilerIdC/CMakeCCompilerId.c:# if defined(_M_I86)
2:/home/leofernandesmo/workspace/reachability-analysis-study/subjects/libssh-0.7.2/build/CMakeFiles/3.5.1/CompilerIdC/CMakeCCompilerId.c:#if defined(_WIN32) && defined(_MSC_VER)
2:/home/leofernandesmo/workspace/reachability-analysis-study/subjects/libssh-0.7.2/build/CMakeFiles/3.5.1/CompilerIdC/CMakeCCompilerId.c:#   ifdef COMPILER_VERSION_TWEAK
2:/home/leofernandesmo/workspace/reachability-analysis-study/subjects/libssh-0.7.2/build/CMakeFiles/3.5.1/CompilerIdC/CMakeCCompilerId.c:#  ifdef COMPILER_VERSION_PATCH
2:/home/leofernandesmo/workspace/reachability-analysis-study/subjects/libssh-0.7.2/build/CMakeFiles/3.5.1/CompilerIdC/CMakeCCompilerId.c:# ifdef COMPILER_VERSION_MINOR
2:/home/leofernandesmo/workspace/reachability-analysis-study/subjects/libssh-0.7.2/build/CMakeFiles/3.5.1/CompilerIdC/CMakeCCompilerId.c:#ifdef COMPILER_VERSION_MAJOR
2:/home/leofernandesmo/workspace/reachability-analysis-study/subjects/libssh-0.7.2/build/CMakeFiles/3.5.1/CompilerIdC/CMakeCCompilerId.c:#   ifdef SIMULATE_VERSION_TWEAK
2:/home/leofernandesmo/workspace/reachability-analysis-study/subjects/libssh-0.7.2/build/CMakeFiles/3.5.1/CompilerIdC/CMakeCCompilerId.c:#  ifdef SIMULATE_VERSION_PATCH
2:/home/leofernandesmo/workspace/reachability-analysis-study/subjects/libssh-0.7.2/build/CMakeFiles/3.5.1/CompilerIdC/CMakeCCompilerId.c:# ifdef SIMULATE_VERSION_MINOR
2:/home/leofernandesmo/workspace/reachability-analysis-study/subjects/libssh-0.7.2/build/CMakeFiles/3.5.1/CompilerIdC/CMakeCCompilerId.c:#ifdef SIMULATE_VERSION_MAJOR
2:/home/leofernandesmo/workspace/reachability-analysis-study/subjects/libssh-0.7.2/build/CMakeFiles/3.5.1/CompilerIdC/CMakeCCompilerId.c:#if !defined(__STDC_VERSION__)
