1:/home/leofernandesmo/workspace/reachability-analysis-study/subjects/libssh-0.7.2/src/external/curve25519_ref.c:add
1:/home/leofernandesmo/workspace/reachability-analysis-study/subjects/libssh-0.7.2/src/external/curve25519_ref.c:c_select
1:/home/leofernandesmo/workspace/reachability-analysis-study/subjects/libssh-0.7.2/src/external/curve25519_ref.c:crypto_scalarmult
1:/home/leofernandesmo/workspace/reachability-analysis-study/subjects/libssh-0.7.2/src/external/curve25519_ref.c:crypto_scalarmult_base
1:/home/leofernandesmo/workspace/reachability-analysis-study/subjects/libssh-0.7.2/src/external/curve25519_ref.c:freeze
1:/home/leofernandesmo/workspace/reachability-analysis-study/subjects/libssh-0.7.2/src/external/curve25519_ref.c:mainloop
1:/home/leofernandesmo/workspace/reachability-analysis-study/subjects/libssh-0.7.2/src/external/curve25519_ref.c:mult
1:/home/leofernandesmo/workspace/reachability-analysis-study/subjects/libssh-0.7.2/src/external/curve25519_ref.c:mult121665
1:/home/leofernandesmo/workspace/reachability-analysis-study/subjects/libssh-0.7.2/src/external/curve25519_ref.c:recip
1:/home/leofernandesmo/workspace/reachability-analysis-study/subjects/libssh-0.7.2/src/external/curve25519_ref.c:square
1:/home/leofernandesmo/workspace/reachability-analysis-study/subjects/libssh-0.7.2/src/external/curve25519_ref.c:squeeze
1:/home/leofernandesmo/workspace/reachability-analysis-study/subjects/libssh-0.7.2/src/external/curve25519_ref.c:sub
