1:/home/leofernandesmo/workspace/reachability-analysis-study/subjects/libssh-0.7.2/src/external/fe25519.c:equal
1:/home/leofernandesmo/workspace/reachability-analysis-study/subjects/libssh-0.7.2/src/external/fe25519.c:fe25519_add
1:/home/leofernandesmo/workspace/reachability-analysis-study/subjects/libssh-0.7.2/src/external/fe25519.c:fe25519_cmov
1:/home/leofernandesmo/workspace/reachability-analysis-study/subjects/libssh-0.7.2/src/external/fe25519.c:fe25519_freeze
1:/home/leofernandesmo/workspace/reachability-analysis-study/subjects/libssh-0.7.2/src/external/fe25519.c:fe25519_getparity
1:/home/leofernandesmo/workspace/reachability-analysis-study/subjects/libssh-0.7.2/src/external/fe25519.c:fe25519_invert
1:/home/leofernandesmo/workspace/reachability-analysis-study/subjects/libssh-0.7.2/src/external/fe25519.c:fe25519_iseq_vartime
1:/home/leofernandesmo/workspace/reachability-analysis-study/subjects/libssh-0.7.2/src/external/fe25519.c:fe25519_iszero
1:/home/leofernandesmo/workspace/reachability-analysis-study/subjects/libssh-0.7.2/src/external/fe25519.c:fe25519_mul
1:/home/leofernandesmo/workspace/reachability-analysis-study/subjects/libssh-0.7.2/src/external/fe25519.c:fe25519_neg
1:/home/leofernandesmo/workspace/reachability-analysis-study/subjects/libssh-0.7.2/src/external/fe25519.c:fe25519_pack
1:/home/leofernandesmo/workspace/reachability-analysis-study/subjects/libssh-0.7.2/src/external/fe25519.c:fe25519_pow2523
1:/home/leofernandesmo/workspace/reachability-analysis-study/subjects/libssh-0.7.2/src/external/fe25519.c:fe25519_setone
1:/home/leofernandesmo/workspace/reachability-analysis-study/subjects/libssh-0.7.2/src/external/fe25519.c:fe25519_setzero
1:/home/leofernandesmo/workspace/reachability-analysis-study/subjects/libssh-0.7.2/src/external/fe25519.c:fe25519_square
1:/home/leofernandesmo/workspace/reachability-analysis-study/subjects/libssh-0.7.2/src/external/fe25519.c:fe25519_sub
1:/home/leofernandesmo/workspace/reachability-analysis-study/subjects/libssh-0.7.2/src/external/fe25519.c:fe25519_unpack
1:/home/leofernandesmo/workspace/reachability-analysis-study/subjects/libssh-0.7.2/src/external/fe25519.c:ge
1:/home/leofernandesmo/workspace/reachability-analysis-study/subjects/libssh-0.7.2/src/external/fe25519.c:reduce_add_sub
1:/home/leofernandesmo/workspace/reachability-analysis-study/subjects/libssh-0.7.2/src/external/fe25519.c:reduce_mul
1:/home/leofernandesmo/workspace/reachability-analysis-study/subjects/libssh-0.7.2/src/external/fe25519.c:times19
1:/home/leofernandesmo/workspace/reachability-analysis-study/subjects/libssh-0.7.2/src/external/fe25519.c:times38
