1:/home/leofernandesmo/workspace/reachability-analysis-study/subjects/libssh-0.7.2/ge25519_pp.c:add_p1p1
1:/home/leofernandesmo/workspace/reachability-analysis-study/subjects/libssh-0.7.2/ge25519_pp.c:choose_t
1:/home/leofernandesmo/workspace/reachability-analysis-study/subjects/libssh-0.7.2/ge25519_pp.c:cmov_aff
1:/home/leofernandesmo/workspace/reachability-analysis-study/subjects/libssh-0.7.2/ge25519_pp.c:crypto_sign_ed25519_ref_double_scalarmult_vartime
1:/home/leofernandesmo/workspace/reachability-analysis-study/subjects/libssh-0.7.2/ge25519_pp.c:crypto_sign_ed25519_ref_isneutral_vartime
1:/home/leofernandesmo/workspace/reachability-analysis-study/subjects/libssh-0.7.2/ge25519_pp.c:crypto_sign_ed25519_ref_pack
1:/home/leofernandesmo/workspace/reachability-analysis-study/subjects/libssh-0.7.2/ge25519_pp.c:crypto_sign_ed25519_ref_scalarmult_base
1:/home/leofernandesmo/workspace/reachability-analysis-study/subjects/libssh-0.7.2/ge25519_pp.c:crypto_sign_ed25519_ref_unpackneg_vartime
1:/home/leofernandesmo/workspace/reachability-analysis-study/subjects/libssh-0.7.2/ge25519_pp.c:dbl_p1p1
1:/home/leofernandesmo/workspace/reachability-analysis-study/subjects/libssh-0.7.2/ge25519_pp.c:equal
1:/home/leofernandesmo/workspace/reachability-analysis-study/subjects/libssh-0.7.2/ge25519_pp.c:ge25519_mixadd2
1:/home/leofernandesmo/workspace/reachability-analysis-study/subjects/libssh-0.7.2/ge25519_pp.c:negative
1:/home/leofernandesmo/workspace/reachability-analysis-study/subjects/libssh-0.7.2/ge25519_pp.c:p1p1_to_p2
1:/home/leofernandesmo/workspace/reachability-analysis-study/subjects/libssh-0.7.2/ge25519_pp.c:p1p1_to_p3
1:/home/leofernandesmo/workspace/reachability-analysis-study/subjects/libssh-0.7.2/ge25519_pp.c:setneutral
