1:/home/leofernandesmo/workspace/reachability-analysis-study/subjects/libssh-0.7.2/src/external/ge25519.c:add_p1p1
1:/home/leofernandesmo/workspace/reachability-analysis-study/subjects/libssh-0.7.2/src/external/ge25519.c:choose_t
1:/home/leofernandesmo/workspace/reachability-analysis-study/subjects/libssh-0.7.2/src/external/ge25519.c:cmov_aff
1:/home/leofernandesmo/workspace/reachability-analysis-study/subjects/libssh-0.7.2/src/external/ge25519.c:dbl_p1p1
1:/home/leofernandesmo/workspace/reachability-analysis-study/subjects/libssh-0.7.2/src/external/ge25519.c:equal
1:/home/leofernandesmo/workspace/reachability-analysis-study/subjects/libssh-0.7.2/src/external/ge25519.c:ge25519_double_scalarmult_vartime
1:/home/leofernandesmo/workspace/reachability-analysis-study/subjects/libssh-0.7.2/src/external/ge25519.c:ge25519_isneutral_vartime
1:/home/leofernandesmo/workspace/reachability-analysis-study/subjects/libssh-0.7.2/src/external/ge25519.c:ge25519_mixadd2
1:/home/leofernandesmo/workspace/reachability-analysis-study/subjects/libssh-0.7.2/src/external/ge25519.c:ge25519_pack
1:/home/leofernandesmo/workspace/reachability-analysis-study/subjects/libssh-0.7.2/src/external/ge25519.c:ge25519_scalarmult_base
1:/home/leofernandesmo/workspace/reachability-analysis-study/subjects/libssh-0.7.2/src/external/ge25519.c:ge25519_unpackneg_vartime
1:/home/leofernandesmo/workspace/reachability-analysis-study/subjects/libssh-0.7.2/src/external/ge25519.c:negative
1:/home/leofernandesmo/workspace/reachability-analysis-study/subjects/libssh-0.7.2/src/external/ge25519.c:p1p1_to_p2
1:/home/leofernandesmo/workspace/reachability-analysis-study/subjects/libssh-0.7.2/src/external/ge25519.c:p1p1_to_p3
1:/home/leofernandesmo/workspace/reachability-analysis-study/subjects/libssh-0.7.2/src/external/ge25519.c:setneutral
