0:/home/leofernandesmo/workspace/reachability-analysis-study/subjects/libssh-0.7.2/src/gssapi.c:SSH_PACKET_CALLBACK:#ifdef WITH_SERVER
0:/home/leofernandesmo/workspace/reachability-analysis-study/subjects/libssh-0.7.2/src/gssapi.c:SSH_PACKET_CALLBACK:#ifdef WITH_SERVER
0:/home/leofernandesmo/workspace/reachability-analysis-study/subjects/libssh-0.7.2/src/gssapi.c:SSH_PACKET_CALLBACK:#ifdef WITH_SERVER
1:/home/leofernandesmo/workspace/reachability-analysis-study/subjects/libssh-0.7.2/src/gssapi.c:SSH_PACKET_CALLBACK
1:/home/leofernandesmo/workspace/reachability-analysis-study/subjects/libssh-0.7.2/src/gssapi.c:SSH_PACKET_CALLBACK
1:/home/leofernandesmo/workspace/reachability-analysis-study/subjects/libssh-0.7.2/src/gssapi.c:ssh_gssapi_auth_mic
1:/home/leofernandesmo/workspace/reachability-analysis-study/subjects/libssh-0.7.2/src/gssapi.c:ssh_gssapi_build_mic
1:/home/leofernandesmo/workspace/reachability-analysis-study/subjects/libssh-0.7.2/src/gssapi.c:ssh_gssapi_free
0:/home/leofernandesmo/workspace/reachability-analysis-study/subjects/libssh-0.7.2/src/gssapi.c:ssh_gssapi_get_creds:#ifdef WITH_SERVER
0:/home/leofernandesmo/workspace/reachability-analysis-study/subjects/libssh-0.7.2/src/gssapi.c:ssh_gssapi_handle_userauth:#ifdef WITH_SERVER
1:/home/leofernandesmo/workspace/reachability-analysis-study/subjects/libssh-0.7.2/src/gssapi.c:ssh_gssapi_init
1:/home/leofernandesmo/workspace/reachability-analysis-study/subjects/libssh-0.7.2/src/gssapi.c:ssh_gssapi_log_error
1:/home/leofernandesmo/workspace/reachability-analysis-study/subjects/libssh-0.7.2/src/gssapi.c:ssh_gssapi_match
0:/home/leofernandesmo/workspace/reachability-analysis-study/subjects/libssh-0.7.2/src/gssapi.c:ssh_gssapi_name_to_char:#ifdef WITH_SERVER
1:/home/leofernandesmo/workspace/reachability-analysis-study/subjects/libssh-0.7.2/src/gssapi.c:ssh_gssapi_oid_from_string
1:/home/leofernandesmo/workspace/reachability-analysis-study/subjects/libssh-0.7.2/src/gssapi.c:ssh_gssapi_send_auth_mic
1:/home/leofernandesmo/workspace/reachability-analysis-study/subjects/libssh-0.7.2/src/gssapi.c:ssh_gssapi_send_mic
0:/home/leofernandesmo/workspace/reachability-analysis-study/subjects/libssh-0.7.2/src/gssapi.c:ssh_gssapi_send_response:#ifdef WITH_SERVER
1:/home/leofernandesmo/workspace/reachability-analysis-study/subjects/libssh-0.7.2/src/gssapi.c:ssh_gssapi_set_creds
2:/home/leofernandesmo/workspace/reachability-analysis-study/subjects/libssh-0.7.2/src/gssapi.c:#ifdef HAVE_UNISTD_H
