1:/home/leofernandesmo/workspace/reachability-analysis-study/subjects/libssh-0.7.2/src/kex.c:SSH_PACKET_CALLBACK
1:/home/leofernandesmo/workspace/reachability-analysis-study/subjects/libssh-0.7.2/src/kex.c:cmp_first_kex_algo
1:/home/leofernandesmo/workspace/reachability-analysis-study/subjects/libssh-0.7.2/src/kex.c:set_client_kex
1:/home/leofernandesmo/workspace/reachability-analysis-study/subjects/libssh-0.7.2/src/kex.c:space_tokenize
1:/home/leofernandesmo/workspace/reachability-analysis-study/subjects/libssh-0.7.2/src/kex.c:ssh_client_select_hostkeys
1:/home/leofernandesmo/workspace/reachability-analysis-study/subjects/libssh-0.7.2/src/kex.c:ssh_find_matching
1:/home/leofernandesmo/workspace/reachability-analysis-study/subjects/libssh-0.7.2/src/kex.c:ssh_kex_get_description
1:/home/leofernandesmo/workspace/reachability-analysis-study/subjects/libssh-0.7.2/src/kex.c:ssh_kex_get_supported_method
1:/home/leofernandesmo/workspace/reachability-analysis-study/subjects/libssh-0.7.2/src/kex.c:ssh_kex_select_methods
0:/home/leofernandesmo/workspace/reachability-analysis-study/subjects/libssh-0.7.2/src/kex.c:ssh_list_kex:#ifdef DEBUG_CRYPTO
1:/home/leofernandesmo/workspace/reachability-analysis-study/subjects/libssh-0.7.2/src/kex.c:ssh_send_kex
1:/home/leofernandesmo/workspace/reachability-analysis-study/subjects/libssh-0.7.2/src/kex.c:tokenize
1:/home/leofernandesmo/workspace/reachability-analysis-study/subjects/libssh-0.7.2/src/kex.c:verify_existing_algo
2:/home/leofernandesmo/workspace/reachability-analysis-study/subjects/libssh-0.7.2/src/kex.c:# ifdef HAVE_OPENSSL_BLOWFISH_H
2:/home/leofernandesmo/workspace/reachability-analysis-study/subjects/libssh-0.7.2/src/kex.c:#  ifdef BROKEN_AES_CTR
2:/home/leofernandesmo/workspace/reachability-analysis-study/subjects/libssh-0.7.2/src/kex.c:# ifdef HAVE_OPENSSL_AES_H
2:/home/leofernandesmo/workspace/reachability-analysis-study/subjects/libssh-0.7.2/src/kex.c:#ifdef HAVE_LIBGCRYPT
2:/home/leofernandesmo/workspace/reachability-analysis-study/subjects/libssh-0.7.2/src/kex.c:#ifdef WITH_ZLIB
2:/home/leofernandesmo/workspace/reachability-analysis-study/subjects/libssh-0.7.2/src/kex.c:#ifdef HAVE_CURVE25519
2:/home/leofernandesmo/workspace/reachability-analysis-study/subjects/libssh-0.7.2/src/kex.c:#ifdef HAVE_ECDH
