1:/home/leofernandesmo/workspace/reachability-analysis-study/subjects/libssh-0.7.2/src/kex1.c:SSH_PACKET_CALLBACK
0:/home/leofernandesmo/workspace/reachability-analysis-study/subjects/libssh-0.7.2/src/kex1.c:build_session_id1:#ifdef DEBUG_CRYPTO:#ifdef DEBUG_CRYPTO
0:/home/leofernandesmo/workspace/reachability-analysis-study/subjects/libssh-0.7.2/src/kex1.c:encrypt_session_key:#ifdef DEBUG_CRYPTO
1:/home/leofernandesmo/workspace/reachability-analysis-study/subjects/libssh-0.7.2/src/kex1.c:make_rsa1_string
0:/home/leofernandesmo/workspace/reachability-analysis-study/subjects/libssh-0.7.2/src/kex1.c:modulus_smaller:#ifdef HAVE_LIBGCRYPT:#ifdef HAVE_LIBGCRYPT
0:/home/leofernandesmo/workspace/reachability-analysis-study/subjects/libssh-0.7.2/src/kex1.c:ssh_encrypt_rsa1:#ifdef HAVE_LIBGCRYPT
1:/home/leofernandesmo/workspace/reachability-analysis-study/subjects/libssh-0.7.2/src/kex1.c:ssh_get_kex1
2:/home/leofernandesmo/workspace/reachability-analysis-study/subjects/libssh-0.7.2/src/kex1.c:#ifndef _WIN32
