1:/home/leofernandesmo/workspace/reachability-analysis-study/subjects/libssh-0.7.2/src/known_hosts.c:alldigits
0:/home/leofernandesmo/workspace/reachability-analysis-study/subjects/libssh-0.7.2/src/known_hosts.c:check_public_key:#ifdef HAVE_LIBGCRYPT
1:/home/leofernandesmo/workspace/reachability-analysis-study/subjects/libssh-0.7.2/src/known_hosts.c:match_hashed_host
1:/home/leofernandesmo/workspace/reachability-analysis-study/subjects/libssh-0.7.2/src/known_hosts.c:ssh_get_knownhost_line
1:/home/leofernandesmo/workspace/reachability-analysis-study/subjects/libssh-0.7.2/src/known_hosts.c:ssh_is_server_known
1:/home/leofernandesmo/workspace/reachability-analysis-study/subjects/libssh-0.7.2/src/known_hosts.c:ssh_knownhosts_algorithms
1:/home/leofernandesmo/workspace/reachability-analysis-study/subjects/libssh-0.7.2/src/known_hosts.c:ssh_write_knownhost
1:/home/leofernandesmo/workspace/reachability-analysis-study/subjects/libssh-0.7.2/src/known_hosts.c:tokens_free
2:/home/leofernandesmo/workspace/reachability-analysis-study/subjects/libssh-0.7.2/src/known_hosts.c:#ifdef HAVE_LIBGCRYPT
2:/home/leofernandesmo/workspace/reachability-analysis-study/subjects/libssh-0.7.2/src/known_hosts.c:#ifndef _WIN32
