1:/home/leofernandesmo/workspace/reachability-analysis-study/subjects/libssh-0.7.2/src/legacy.c:buffer_free
1:/home/leofernandesmo/workspace/reachability-analysis-study/subjects/libssh-0.7.2/src/legacy.c:buffer_get
1:/home/leofernandesmo/workspace/reachability-analysis-study/subjects/libssh-0.7.2/src/legacy.c:buffer_get_len
1:/home/leofernandesmo/workspace/reachability-analysis-study/subjects/libssh-0.7.2/src/legacy.c:buffer_new
1:/home/leofernandesmo/workspace/reachability-analysis-study/subjects/libssh-0.7.2/src/legacy.c:channel_accept_x11
1:/home/leofernandesmo/workspace/reachability-analysis-study/subjects/libssh-0.7.2/src/legacy.c:channel_change_pty_size
1:/home/leofernandesmo/workspace/reachability-analysis-study/subjects/libssh-0.7.2/src/legacy.c:channel_close
1:/home/leofernandesmo/workspace/reachability-analysis-study/subjects/libssh-0.7.2/src/legacy.c:channel_forward_accept
1:/home/leofernandesmo/workspace/reachability-analysis-study/subjects/libssh-0.7.2/src/legacy.c:channel_forward_cancel
1:/home/leofernandesmo/workspace/reachability-analysis-study/subjects/libssh-0.7.2/src/legacy.c:channel_forward_listen
1:/home/leofernandesmo/workspace/reachability-analysis-study/subjects/libssh-0.7.2/src/legacy.c:channel_free
1:/home/leofernandesmo/workspace/reachability-analysis-study/subjects/libssh-0.7.2/src/legacy.c:channel_get_exit_status
1:/home/leofernandesmo/workspace/reachability-analysis-study/subjects/libssh-0.7.2/src/legacy.c:channel_get_session
1:/home/leofernandesmo/workspace/reachability-analysis-study/subjects/libssh-0.7.2/src/legacy.c:channel_is_closed
1:/home/leofernandesmo/workspace/reachability-analysis-study/subjects/libssh-0.7.2/src/legacy.c:channel_is_eof
1:/home/leofernandesmo/workspace/reachability-analysis-study/subjects/libssh-0.7.2/src/legacy.c:channel_is_open
1:/home/leofernandesmo/workspace/reachability-analysis-study/subjects/libssh-0.7.2/src/legacy.c:channel_new
1:/home/leofernandesmo/workspace/reachability-analysis-study/subjects/libssh-0.7.2/src/legacy.c:channel_open_forward
1:/home/leofernandesmo/workspace/reachability-analysis-study/subjects/libssh-0.7.2/src/legacy.c:channel_open_session
1:/home/leofernandesmo/workspace/reachability-analysis-study/subjects/libssh-0.7.2/src/legacy.c:channel_poll
1:/home/leofernandesmo/workspace/reachability-analysis-study/subjects/libssh-0.7.2/src/legacy.c:channel_read
1:/home/leofernandesmo/workspace/reachability-analysis-study/subjects/libssh-0.7.2/src/legacy.c:channel_read_nonblocking
1:/home/leofernandesmo/workspace/reachability-analysis-study/subjects/libssh-0.7.2/src/legacy.c:channel_request_env
1:/home/leofernandesmo/workspace/reachability-analysis-study/subjects/libssh-0.7.2/src/legacy.c:channel_request_exec
1:/home/leofernandesmo/workspace/reachability-analysis-study/subjects/libssh-0.7.2/src/legacy.c:channel_request_pty
1:/home/leofernandesmo/workspace/reachability-analysis-study/subjects/libssh-0.7.2/src/legacy.c:channel_request_pty_size
1:/home/leofernandesmo/workspace/reachability-analysis-study/subjects/libssh-0.7.2/src/legacy.c:channel_request_send_signal
1:/home/leofernandesmo/workspace/reachability-analysis-study/subjects/libssh-0.7.2/src/legacy.c:channel_request_sftp
1:/home/leofernandesmo/workspace/reachability-analysis-study/subjects/libssh-0.7.2/src/legacy.c:channel_request_shell
1:/home/leofernandesmo/workspace/reachability-analysis-study/subjects/libssh-0.7.2/src/legacy.c:channel_request_subsystem
1:/home/leofernandesmo/workspace/reachability-analysis-study/subjects/libssh-0.7.2/src/legacy.c:channel_request_x11
1:/home/leofernandesmo/workspace/reachability-analysis-study/subjects/libssh-0.7.2/src/legacy.c:channel_select
1:/home/leofernandesmo/workspace/reachability-analysis-study/subjects/libssh-0.7.2/src/legacy.c:channel_send_eof
1:/home/leofernandesmo/workspace/reachability-analysis-study/subjects/libssh-0.7.2/src/legacy.c:channel_set_blocking
1:/home/leofernandesmo/workspace/reachability-analysis-study/subjects/libssh-0.7.2/src/legacy.c:channel_write
0:/home/leofernandesmo/workspace/reachability-analysis-study/subjects/libssh-0.7.2/src/legacy.c:channel_write_stderr:#ifdef WITH_SERVER
0:/home/leofernandesmo/workspace/reachability-analysis-study/subjects/libssh-0.7.2/src/legacy.c:privatekey_free:#ifdef HAVE_LIBGCRYPT
1:/home/leofernandesmo/workspace/reachability-analysis-study/subjects/libssh-0.7.2/src/legacy.c:privatekey_from_file
0:/home/leofernandesmo/workspace/reachability-analysis-study/subjects/libssh-0.7.2/src/legacy.c:publickey_free:#ifdef HAVE_LIBGCRYPT:#ifdef HAVE_LIBGCRYPT
1:/home/leofernandesmo/workspace/reachability-analysis-study/subjects/libssh-0.7.2/src/legacy.c:publickey_from_file
1:/home/leofernandesmo/workspace/reachability-analysis-study/subjects/libssh-0.7.2/src/legacy.c:publickey_from_privatekey
1:/home/leofernandesmo/workspace/reachability-analysis-study/subjects/libssh-0.7.2/src/legacy.c:publickey_from_string
1:/home/leofernandesmo/workspace/reachability-analysis-study/subjects/libssh-0.7.2/src/legacy.c:publickey_to_string
0:/home/leofernandesmo/workspace/reachability-analysis-study/subjects/libssh-0.7.2/src/legacy.c:ssh_accept:#ifdef WITH_SERVER
1:/home/leofernandesmo/workspace/reachability-analysis-study/subjects/libssh-0.7.2/src/legacy.c:ssh_auth_list
1:/home/leofernandesmo/workspace/reachability-analysis-study/subjects/libssh-0.7.2/src/legacy.c:ssh_get_pubkey
0:/home/leofernandesmo/workspace/reachability-analysis-study/subjects/libssh-0.7.2/src/legacy.c:ssh_message_retrieve:#ifdef WITH_SERVER
1:/home/leofernandesmo/workspace/reachability-analysis-study/subjects/libssh-0.7.2/src/legacy.c:ssh_privatekey_type
1:/home/leofernandesmo/workspace/reachability-analysis-study/subjects/libssh-0.7.2/src/legacy.c:ssh_publickey_to_file
1:/home/leofernandesmo/workspace/reachability-analysis-study/subjects/libssh-0.7.2/src/legacy.c:ssh_try_publickey_from_file
1:/home/leofernandesmo/workspace/reachability-analysis-study/subjects/libssh-0.7.2/src/legacy.c:ssh_type_from_name
1:/home/leofernandesmo/workspace/reachability-analysis-study/subjects/libssh-0.7.2/src/legacy.c:ssh_type_to_char
1:/home/leofernandesmo/workspace/reachability-analysis-study/subjects/libssh-0.7.2/src/legacy.c:ssh_userauth_autopubkey
1:/home/leofernandesmo/workspace/reachability-analysis-study/subjects/libssh-0.7.2/src/legacy.c:ssh_userauth_offer_pubkey
1:/home/leofernandesmo/workspace/reachability-analysis-study/subjects/libssh-0.7.2/src/legacy.c:ssh_userauth_privatekey_file
1:/home/leofernandesmo/workspace/reachability-analysis-study/subjects/libssh-0.7.2/src/legacy.c:ssh_userauth_pubkey
1:/home/leofernandesmo/workspace/reachability-analysis-study/subjects/libssh-0.7.2/src/legacy.c:string_burn
1:/home/leofernandesmo/workspace/reachability-analysis-study/subjects/libssh-0.7.2/src/legacy.c:string_copy
1:/home/leofernandesmo/workspace/reachability-analysis-study/subjects/libssh-0.7.2/src/legacy.c:string_data
1:/home/leofernandesmo/workspace/reachability-analysis-study/subjects/libssh-0.7.2/src/legacy.c:string_fill
1:/home/leofernandesmo/workspace/reachability-analysis-study/subjects/libssh-0.7.2/src/legacy.c:string_free
1:/home/leofernandesmo/workspace/reachability-analysis-study/subjects/libssh-0.7.2/src/legacy.c:string_from_char
1:/home/leofernandesmo/workspace/reachability-analysis-study/subjects/libssh-0.7.2/src/legacy.c:string_len
1:/home/leofernandesmo/workspace/reachability-analysis-study/subjects/libssh-0.7.2/src/legacy.c:string_new
1:/home/leofernandesmo/workspace/reachability-analysis-study/subjects/libssh-0.7.2/src/legacy.c:string_to_char
