0:/home/leofernandesmo/workspace/reachability-analysis-study/subjects/libssh-0.7.2/src/libcrypto.c:aes_ctr128_encrypt:#ifndef BROKEN_AES_CTR:#ifdef HAS_AES:#ifdef HAVE_LIBCRYPTO
0:/home/leofernandesmo/workspace/reachability-analysis-study/subjects/libssh-0.7.2/src/libcrypto.c:aes_decrypt:#ifdef HAS_AES:#ifdef HAVE_LIBCRYPTO
0:/home/leofernandesmo/workspace/reachability-analysis-study/subjects/libssh-0.7.2/src/libcrypto.c:aes_encrypt:#ifdef HAS_AES:#ifdef HAVE_LIBCRYPTO
0:/home/leofernandesmo/workspace/reachability-analysis-study/subjects/libssh-0.7.2/src/libcrypto.c:aes_set_decrypt_key:#ifdef HAS_AES:#ifdef HAVE_LIBCRYPTO
0:/home/leofernandesmo/workspace/reachability-analysis-study/subjects/libssh-0.7.2/src/libcrypto.c:aes_set_encrypt_key:#ifdef HAS_AES:#ifdef HAVE_LIBCRYPTO
0:/home/leofernandesmo/workspace/reachability-analysis-study/subjects/libssh-0.7.2/src/libcrypto.c:alloc_key:#ifdef HAVE_LIBCRYPTO
0:/home/leofernandesmo/workspace/reachability-analysis-study/subjects/libssh-0.7.2/src/libcrypto.c:blowfish_decrypt:#ifdef HAS_BLOWFISH:#ifdef HAVE_LIBCRYPTO
0:/home/leofernandesmo/workspace/reachability-analysis-study/subjects/libssh-0.7.2/src/libcrypto.c:blowfish_encrypt:#ifdef HAS_BLOWFISH:#ifdef HAVE_LIBCRYPTO
0:/home/leofernandesmo/workspace/reachability-analysis-study/subjects/libssh-0.7.2/src/libcrypto.c:blowfish_set_key:#ifdef HAS_BLOWFISH:#ifdef HAVE_LIBCRYPTO
0:/home/leofernandesmo/workspace/reachability-analysis-study/subjects/libssh-0.7.2/src/libcrypto.c:des1_1_decrypt:#ifdef HAS_DES:#ifdef HAVE_LIBCRYPTO
0:/home/leofernandesmo/workspace/reachability-analysis-study/subjects/libssh-0.7.2/src/libcrypto.c:des1_1_encrypt:#ifdef HAS_DES:#ifdef HAVE_LIBCRYPTO
0:/home/leofernandesmo/workspace/reachability-analysis-study/subjects/libssh-0.7.2/src/libcrypto.c:des1_set_key:#ifdef HAS_DES:#ifdef HAVE_LIBCRYPTO
0:/home/leofernandesmo/workspace/reachability-analysis-study/subjects/libssh-0.7.2/src/libcrypto.c:des3_1_decrypt:#ifdef DEBUG_CRYPTO:#ifdef DEBUG_CRYPTO:#ifdef HAS_DES:#ifdef HAVE_LIBCRYPTO
0:/home/leofernandesmo/workspace/reachability-analysis-study/subjects/libssh-0.7.2/src/libcrypto.c:des3_1_encrypt:#ifdef DEBUG_CRYPTO:#ifdef DEBUG_CRYPTO:#ifdef HAS_DES:#ifdef HAVE_LIBCRYPTO
0:/home/leofernandesmo/workspace/reachability-analysis-study/subjects/libssh-0.7.2/src/libcrypto.c:des3_decrypt:#ifdef HAS_DES:#ifdef HAVE_LIBCRYPTO
0:/home/leofernandesmo/workspace/reachability-analysis-study/subjects/libssh-0.7.2/src/libcrypto.c:des3_encrypt:#ifdef HAS_DES:#ifdef HAVE_LIBCRYPTO
0:/home/leofernandesmo/workspace/reachability-analysis-study/subjects/libssh-0.7.2/src/libcrypto.c:des3_set_key:#ifdef HAS_DES:#ifdef HAVE_LIBCRYPTO
0:/home/leofernandesmo/workspace/reachability-analysis-study/subjects/libssh-0.7.2/src/libcrypto.c:evp:#ifdef HAVE_OPENSSL_ECC:#ifdef HAVE_LIBCRYPTO
0:/home/leofernandesmo/workspace/reachability-analysis-study/subjects/libssh-0.7.2/src/libcrypto.c:evp_final:#ifdef HAVE_OPENSSL_ECC:#ifdef HAVE_LIBCRYPTO
0:/home/leofernandesmo/workspace/reachability-analysis-study/subjects/libssh-0.7.2/src/libcrypto.c:evp_init:#ifdef HAVE_OPENSSL_ECC:#ifdef HAVE_LIBCRYPTO
0:/home/leofernandesmo/workspace/reachability-analysis-study/subjects/libssh-0.7.2/src/libcrypto.c:evp_update:#ifdef HAVE_OPENSSL_ECC:#ifdef HAVE_LIBCRYPTO
0:/home/leofernandesmo/workspace/reachability-analysis-study/subjects/libssh-0.7.2/src/libcrypto.c:hmac_final:#ifndef OLD_CRYPTO:#ifdef HAVE_LIBCRYPTO
0:/home/leofernandesmo/workspace/reachability-analysis-study/subjects/libssh-0.7.2/src/libcrypto.c:hmac_init:#ifndef OLD_CRYPTO:#ifdef HAVE_LIBCRYPTO
0:/home/leofernandesmo/workspace/reachability-analysis-study/subjects/libssh-0.7.2/src/libcrypto.c:hmac_update:#ifdef HAVE_LIBCRYPTO
0:/home/leofernandesmo/workspace/reachability-analysis-study/subjects/libssh-0.7.2/src/libcrypto.c:md5_final:#ifdef HAVE_LIBCRYPTO
0:/home/leofernandesmo/workspace/reachability-analysis-study/subjects/libssh-0.7.2/src/libcrypto.c:md5_init:#ifdef HAVE_LIBCRYPTO
0:/home/leofernandesmo/workspace/reachability-analysis-study/subjects/libssh-0.7.2/src/libcrypto.c:md5_update:#ifdef HAVE_LIBCRYPTO
0:/home/leofernandesmo/workspace/reachability-analysis-study/subjects/libssh-0.7.2/src/libcrypto.c:nid_to_evpmd:#ifdef HAVE_OPENSSL_ECC:#ifdef HAVE_LIBCRYPTO
0:/home/leofernandesmo/workspace/reachability-analysis-study/subjects/libssh-0.7.2/src/libcrypto.c:sha1:#ifdef HAVE_LIBCRYPTO
0:/home/leofernandesmo/workspace/reachability-analysis-study/subjects/libssh-0.7.2/src/libcrypto.c:sha1_final:#ifdef HAVE_LIBCRYPTO
0:/home/leofernandesmo/workspace/reachability-analysis-study/subjects/libssh-0.7.2/src/libcrypto.c:sha1_init:#ifdef HAVE_LIBCRYPTO
0:/home/leofernandesmo/workspace/reachability-analysis-study/subjects/libssh-0.7.2/src/libcrypto.c:sha1_update:#ifdef HAVE_LIBCRYPTO
0:/home/leofernandesmo/workspace/reachability-analysis-study/subjects/libssh-0.7.2/src/libcrypto.c:sha256:#ifdef HAVE_LIBCRYPTO
0:/home/leofernandesmo/workspace/reachability-analysis-study/subjects/libssh-0.7.2/src/libcrypto.c:sha256_final:#ifdef HAVE_LIBCRYPTO
0:/home/leofernandesmo/workspace/reachability-analysis-study/subjects/libssh-0.7.2/src/libcrypto.c:sha256_init:#ifdef HAVE_LIBCRYPTO
0:/home/leofernandesmo/workspace/reachability-analysis-study/subjects/libssh-0.7.2/src/libcrypto.c:sha256_update:#ifdef HAVE_LIBCRYPTO
0:/home/leofernandesmo/workspace/reachability-analysis-study/subjects/libssh-0.7.2/src/libcrypto.c:sha384:#ifdef HAVE_LIBCRYPTO
0:/home/leofernandesmo/workspace/reachability-analysis-study/subjects/libssh-0.7.2/src/libcrypto.c:sha384_final:#ifdef HAVE_LIBCRYPTO
0:/home/leofernandesmo/workspace/reachability-analysis-study/subjects/libssh-0.7.2/src/libcrypto.c:sha384_init:#ifdef HAVE_LIBCRYPTO
0:/home/leofernandesmo/workspace/reachability-analysis-study/subjects/libssh-0.7.2/src/libcrypto.c:sha384_update:#ifdef HAVE_LIBCRYPTO
0:/home/leofernandesmo/workspace/reachability-analysis-study/subjects/libssh-0.7.2/src/libcrypto.c:sha512:#ifdef HAVE_LIBCRYPTO
0:/home/leofernandesmo/workspace/reachability-analysis-study/subjects/libssh-0.7.2/src/libcrypto.c:sha512_final:#ifdef HAVE_LIBCRYPTO
0:/home/leofernandesmo/workspace/reachability-analysis-study/subjects/libssh-0.7.2/src/libcrypto.c:sha512_init:#ifdef HAVE_LIBCRYPTO
0:/home/leofernandesmo/workspace/reachability-analysis-study/subjects/libssh-0.7.2/src/libcrypto.c:sha512_update:#ifdef HAVE_LIBCRYPTO
0:/home/leofernandesmo/workspace/reachability-analysis-study/subjects/libssh-0.7.2/src/libcrypto.c:ssh_get_ciphertab:#ifdef HAVE_LIBCRYPTO
0:/home/leofernandesmo/workspace/reachability-analysis-study/subjects/libssh-0.7.2/src/libcrypto.c:ssh_mac_ctx_init:#ifdef HAVE_LIBCRYPTO
0:/home/leofernandesmo/workspace/reachability-analysis-study/subjects/libssh-0.7.2/src/libcrypto.c:ssh_mac_final:#ifdef HAVE_LIBCRYPTO
0:/home/leofernandesmo/workspace/reachability-analysis-study/subjects/libssh-0.7.2/src/libcrypto.c:ssh_mac_update:#ifdef HAVE_LIBCRYPTO
0:/home/leofernandesmo/workspace/reachability-analysis-study/subjects/libssh-0.7.2/src/libcrypto.c:ssh_reseed:#ifndef _WIN32:#ifdef HAVE_LIBCRYPTO
2:/home/leofernandesmo/workspace/reachability-analysis-study/subjects/libssh-0.7.2/src/libcrypto.c:#ifdef HAVE_SYS_TIME_H
2:/home/leofernandesmo/workspace/reachability-analysis-study/subjects/libssh-0.7.2/src/libcrypto.c:#ifdef HAVE_OPENSSL_AES_H
2:/home/leofernandesmo/workspace/reachability-analysis-study/subjects/libssh-0.7.2/src/libcrypto.c:#ifdef HAVE_OPENSSL_BLOWFISH_H
2:/home/leofernandesmo/workspace/reachability-analysis-study/subjects/libssh-0.7.2/src/libcrypto.c:#ifdef HAVE_OPENSSL_DES_H
2:/home/leofernandesmo/workspace/reachability-analysis-study/subjects/libssh-0.7.2/src/libcrypto.c:#if (OPENSSL_VERSION_NUMBER<0x00907000L)
2:/home/leofernandesmo/workspace/reachability-analysis-study/subjects/libssh-0.7.2/src/libcrypto.c:#ifdef HAS_BLOWFISH
2:/home/leofernandesmo/workspace/reachability-analysis-study/subjects/libssh-0.7.2/src/libcrypto.c:#ifndef BROKEN_AES_CTR
2:/home/leofernandesmo/workspace/reachability-analysis-study/subjects/libssh-0.7.2/src/libcrypto.c:#ifdef HAS_AES
2:/home/leofernandesmo/workspace/reachability-analysis-study/subjects/libssh-0.7.2/src/libcrypto.c:#ifdef HAS_DES
