0:/home/leofernandesmo/workspace/reachability-analysis-study/subjects/libssh-0.7.2/src/libgcrypt.c:aes_decrypt:#ifdef HAVE_LIBGCRYPT
0:/home/leofernandesmo/workspace/reachability-analysis-study/subjects/libssh-0.7.2/src/libgcrypt.c:aes_encrypt:#ifdef HAVE_LIBGCRYPT
0:/home/leofernandesmo/workspace/reachability-analysis-study/subjects/libssh-0.7.2/src/libgcrypt.c:aes_set_key:#ifdef HAVE_LIBGCRYPT
0:/home/leofernandesmo/workspace/reachability-analysis-study/subjects/libssh-0.7.2/src/libgcrypt.c:alloc_key:#ifdef HAVE_LIBGCRYPT
0:/home/leofernandesmo/workspace/reachability-analysis-study/subjects/libssh-0.7.2/src/libgcrypt.c:blowfish_decrypt:#ifdef HAVE_LIBGCRYPT
0:/home/leofernandesmo/workspace/reachability-analysis-study/subjects/libssh-0.7.2/src/libgcrypt.c:blowfish_encrypt:#ifdef HAVE_LIBGCRYPT
0:/home/leofernandesmo/workspace/reachability-analysis-study/subjects/libssh-0.7.2/src/libgcrypt.c:blowfish_set_key:#ifdef HAVE_LIBGCRYPT
0:/home/leofernandesmo/workspace/reachability-analysis-study/subjects/libssh-0.7.2/src/libgcrypt.c:des1_1_decrypt:#ifdef HAVE_LIBGCRYPT
0:/home/leofernandesmo/workspace/reachability-analysis-study/subjects/libssh-0.7.2/src/libgcrypt.c:des1_1_encrypt:#ifdef HAVE_LIBGCRYPT
0:/home/leofernandesmo/workspace/reachability-analysis-study/subjects/libssh-0.7.2/src/libgcrypt.c:des1_set_key:#ifdef HAVE_LIBGCRYPT
0:/home/leofernandesmo/workspace/reachability-analysis-study/subjects/libssh-0.7.2/src/libgcrypt.c:des3_1_decrypt:#ifdef HAVE_LIBGCRYPT
0:/home/leofernandesmo/workspace/reachability-analysis-study/subjects/libssh-0.7.2/src/libgcrypt.c:des3_1_encrypt:#ifdef HAVE_LIBGCRYPT
0:/home/leofernandesmo/workspace/reachability-analysis-study/subjects/libssh-0.7.2/src/libgcrypt.c:des3_1_set_key:#ifdef HAVE_LIBGCRYPT
0:/home/leofernandesmo/workspace/reachability-analysis-study/subjects/libssh-0.7.2/src/libgcrypt.c:des3_decrypt:#ifdef HAVE_LIBGCRYPT
0:/home/leofernandesmo/workspace/reachability-analysis-study/subjects/libssh-0.7.2/src/libgcrypt.c:des3_encrypt:#ifdef HAVE_LIBGCRYPT
0:/home/leofernandesmo/workspace/reachability-analysis-study/subjects/libssh-0.7.2/src/libgcrypt.c:des3_set_key:#ifdef HAVE_LIBGCRYPT
0:/home/leofernandesmo/workspace/reachability-analysis-study/subjects/libssh-0.7.2/src/libgcrypt.c:hmac_final:#ifdef HAVE_LIBGCRYPT
0:/home/leofernandesmo/workspace/reachability-analysis-study/subjects/libssh-0.7.2/src/libgcrypt.c:hmac_init:#ifdef HAVE_LIBGCRYPT
0:/home/leofernandesmo/workspace/reachability-analysis-study/subjects/libssh-0.7.2/src/libgcrypt.c:hmac_update:#ifdef HAVE_LIBGCRYPT
0:/home/leofernandesmo/workspace/reachability-analysis-study/subjects/libssh-0.7.2/src/libgcrypt.c:md5_final:#ifdef HAVE_LIBGCRYPT
0:/home/leofernandesmo/workspace/reachability-analysis-study/subjects/libssh-0.7.2/src/libgcrypt.c:md5_init:#ifdef HAVE_LIBGCRYPT
0:/home/leofernandesmo/workspace/reachability-analysis-study/subjects/libssh-0.7.2/src/libgcrypt.c:md5_update:#ifdef HAVE_LIBGCRYPT
0:/home/leofernandesmo/workspace/reachability-analysis-study/subjects/libssh-0.7.2/src/libgcrypt.c:sha1:#ifdef HAVE_LIBGCRYPT
0:/home/leofernandesmo/workspace/reachability-analysis-study/subjects/libssh-0.7.2/src/libgcrypt.c:sha1_final:#ifdef HAVE_LIBGCRYPT
0:/home/leofernandesmo/workspace/reachability-analysis-study/subjects/libssh-0.7.2/src/libgcrypt.c:sha1_init:#ifdef HAVE_LIBGCRYPT
0:/home/leofernandesmo/workspace/reachability-analysis-study/subjects/libssh-0.7.2/src/libgcrypt.c:sha1_update:#ifdef HAVE_LIBGCRYPT
0:/home/leofernandesmo/workspace/reachability-analysis-study/subjects/libssh-0.7.2/src/libgcrypt.c:sha256:#ifdef HAVE_LIBGCRYPT
0:/home/leofernandesmo/workspace/reachability-analysis-study/subjects/libssh-0.7.2/src/libgcrypt.c:sha256_final:#ifdef HAVE_LIBGCRYPT
0:/home/leofernandesmo/workspace/reachability-analysis-study/subjects/libssh-0.7.2/src/libgcrypt.c:sha256_init:#ifdef HAVE_LIBGCRYPT
0:/home/leofernandesmo/workspace/reachability-analysis-study/subjects/libssh-0.7.2/src/libgcrypt.c:sha256_update:#ifdef HAVE_LIBGCRYPT
0:/home/leofernandesmo/workspace/reachability-analysis-study/subjects/libssh-0.7.2/src/libgcrypt.c:sha384:#ifdef HAVE_LIBGCRYPT
0:/home/leofernandesmo/workspace/reachability-analysis-study/subjects/libssh-0.7.2/src/libgcrypt.c:sha384_final:#ifdef HAVE_LIBGCRYPT
0:/home/leofernandesmo/workspace/reachability-analysis-study/subjects/libssh-0.7.2/src/libgcrypt.c:sha384_init:#ifdef HAVE_LIBGCRYPT
0:/home/leofernandesmo/workspace/reachability-analysis-study/subjects/libssh-0.7.2/src/libgcrypt.c:sha384_update:#ifdef HAVE_LIBGCRYPT
0:/home/leofernandesmo/workspace/reachability-analysis-study/subjects/libssh-0.7.2/src/libgcrypt.c:sha512:#ifdef HAVE_LIBGCRYPT
0:/home/leofernandesmo/workspace/reachability-analysis-study/subjects/libssh-0.7.2/src/libgcrypt.c:sha512_final:#ifdef HAVE_LIBGCRYPT
0:/home/leofernandesmo/workspace/reachability-analysis-study/subjects/libssh-0.7.2/src/libgcrypt.c:sha512_init:#ifdef HAVE_LIBGCRYPT
0:/home/leofernandesmo/workspace/reachability-analysis-study/subjects/libssh-0.7.2/src/libgcrypt.c:sha512_update:#ifdef HAVE_LIBGCRYPT
0:/home/leofernandesmo/workspace/reachability-analysis-study/subjects/libssh-0.7.2/src/libgcrypt.c:ssh_get_ciphertab:#ifdef HAVE_LIBGCRYPT
0:/home/leofernandesmo/workspace/reachability-analysis-study/subjects/libssh-0.7.2/src/libgcrypt.c:ssh_mac_ctx_init:#ifdef HAVE_LIBGCRYPT
0:/home/leofernandesmo/workspace/reachability-analysis-study/subjects/libssh-0.7.2/src/libgcrypt.c:ssh_mac_final:#ifdef HAVE_LIBGCRYPT
0:/home/leofernandesmo/workspace/reachability-analysis-study/subjects/libssh-0.7.2/src/libgcrypt.c:ssh_mac_update:#ifdef HAVE_LIBGCRYPT
0:/home/leofernandesmo/workspace/reachability-analysis-study/subjects/libssh-0.7.2/src/libgcrypt.c:ssh_reseed:#ifdef HAVE_LIBGCRYPT
