1:/home/leofernandesmo/workspace/reachability-analysis-study/subjects/libssh-0.7.2/src/log.c:_ssh_log
1:/home/leofernandesmo/workspace/reachability-analysis-study/subjects/libssh-0.7.2/src/log.c:current_timestring
1:/home/leofernandesmo/workspace/reachability-analysis-study/subjects/libssh-0.7.2/src/log.c:ssh_get_log_callback
1:/home/leofernandesmo/workspace/reachability-analysis-study/subjects/libssh-0.7.2/src/log.c:ssh_get_log_level
1:/home/leofernandesmo/workspace/reachability-analysis-study/subjects/libssh-0.7.2/src/log.c:ssh_get_log_userdata
1:/home/leofernandesmo/workspace/reachability-analysis-study/subjects/libssh-0.7.2/src/log.c:ssh_log
1:/home/leofernandesmo/workspace/reachability-analysis-study/subjects/libssh-0.7.2/src/log.c:ssh_log_common
1:/home/leofernandesmo/workspace/reachability-analysis-study/subjects/libssh-0.7.2/src/log.c:ssh_log_function
1:/home/leofernandesmo/workspace/reachability-analysis-study/subjects/libssh-0.7.2/src/log.c:ssh_log_stderr
1:/home/leofernandesmo/workspace/reachability-analysis-study/subjects/libssh-0.7.2/src/log.c:ssh_set_log_callback
1:/home/leofernandesmo/workspace/reachability-analysis-study/subjects/libssh-0.7.2/src/log.c:ssh_set_log_level
1:/home/leofernandesmo/workspace/reachability-analysis-study/subjects/libssh-0.7.2/src/log.c:ssh_set_log_userdata
2:/home/leofernandesmo/workspace/reachability-analysis-study/subjects/libssh-0.7.2/src/log.c:#ifndef _WIN32
