1:/home/leofernandesmo/workspace/reachability-analysis-study/subjects/libssh-0.7.2/src/misc.c:_ssh_list_pop_head
0:/home/leofernandesmo/workspace/reachability-analysis-study/subjects/libssh-0.7.2/src/misc.c:gettimeofday:#ifdef _WIN32
0:/home/leofernandesmo/workspace/reachability-analysis-study/subjects/libssh-0.7.2/src/misc.c:ntohll:#ifdef WORDS_BIGENDIAN:#ifndef HAVE_NTOHLL
1:/home/leofernandesmo/workspace/reachability-analysis-study/subjects/libssh-0.7.2/src/misc.c:ssh_analyze_banner
1:/home/leofernandesmo/workspace/reachability-analysis-study/subjects/libssh-0.7.2/src/misc.c:ssh_basename
1:/home/leofernandesmo/workspace/reachability-analysis-study/subjects/libssh-0.7.2/src/misc.c:ssh_dirname
0:/home/leofernandesmo/workspace/reachability-analysis-study/subjects/libssh-0.7.2/src/misc.c:ssh_file_readaccess_ok:#ifdef _WIN32
0:/home/leofernandesmo/workspace/reachability-analysis-study/subjects/libssh-0.7.2/src/misc.c:ssh_file_readaccess_ok:#ifdef _WIN32
0:/home/leofernandesmo/workspace/reachability-analysis-study/subjects/libssh-0.7.2/src/misc.c:ssh_get_local_username:#ifdef _WIN32
0:/home/leofernandesmo/workspace/reachability-analysis-study/subjects/libssh-0.7.2/src/misc.c:ssh_get_local_username:#ifdef _WIN32
0:/home/leofernandesmo/workspace/reachability-analysis-study/subjects/libssh-0.7.2/src/misc.c:ssh_get_user_home_dir:#ifdef _WIN32
0:/home/leofernandesmo/workspace/reachability-analysis-study/subjects/libssh-0.7.2/src/misc.c:ssh_get_user_home_dir:#ifdef _WIN32
1:/home/leofernandesmo/workspace/reachability-analysis-study/subjects/libssh-0.7.2/src/misc.c:ssh_hostport
0:/home/leofernandesmo/workspace/reachability-analysis-study/subjects/libssh-0.7.2/src/misc.c:ssh_is_ipaddr:#ifdef _WIN32
0:/home/leofernandesmo/workspace/reachability-analysis-study/subjects/libssh-0.7.2/src/misc.c:ssh_is_ipaddr:#ifdef _WIN32
0:/home/leofernandesmo/workspace/reachability-analysis-study/subjects/libssh-0.7.2/src/misc.c:ssh_is_ipaddr_v4:#ifdef _WIN32
0:/home/leofernandesmo/workspace/reachability-analysis-study/subjects/libssh-0.7.2/src/misc.c:ssh_is_ipaddr_v4:#ifdef _WIN32
1:/home/leofernandesmo/workspace/reachability-analysis-study/subjects/libssh-0.7.2/src/misc.c:ssh_iterator_new
1:/home/leofernandesmo/workspace/reachability-analysis-study/subjects/libssh-0.7.2/src/misc.c:ssh_list_append
1:/home/leofernandesmo/workspace/reachability-analysis-study/subjects/libssh-0.7.2/src/misc.c:ssh_list_find
1:/home/leofernandesmo/workspace/reachability-analysis-study/subjects/libssh-0.7.2/src/misc.c:ssh_list_free
1:/home/leofernandesmo/workspace/reachability-analysis-study/subjects/libssh-0.7.2/src/misc.c:ssh_list_get_iterator
1:/home/leofernandesmo/workspace/reachability-analysis-study/subjects/libssh-0.7.2/src/misc.c:ssh_list_new
1:/home/leofernandesmo/workspace/reachability-analysis-study/subjects/libssh-0.7.2/src/misc.c:ssh_list_prepend
1:/home/leofernandesmo/workspace/reachability-analysis-study/subjects/libssh-0.7.2/src/misc.c:ssh_list_remove
1:/home/leofernandesmo/workspace/reachability-analysis-study/subjects/libssh-0.7.2/src/misc.c:ssh_lowercase
1:/home/leofernandesmo/workspace/reachability-analysis-study/subjects/libssh-0.7.2/src/misc.c:ssh_make_milliseconds
1:/home/leofernandesmo/workspace/reachability-analysis-study/subjects/libssh-0.7.2/src/misc.c:ssh_match_group
0:/home/leofernandesmo/workspace/reachability-analysis-study/subjects/libssh-0.7.2/src/misc.c:ssh_mkdir:#ifdef _WIN32
1:/home/leofernandesmo/workspace/reachability-analysis-study/subjects/libssh-0.7.2/src/misc.c:ssh_path_expand_escape
0:/home/leofernandesmo/workspace/reachability-analysis-study/subjects/libssh-0.7.2/src/misc.c:ssh_path_expand_tilde:#ifdef _WIN32
1:/home/leofernandesmo/workspace/reachability-analysis-study/subjects/libssh-0.7.2/src/misc.c:ssh_timeout_elapsed
1:/home/leofernandesmo/workspace/reachability-analysis-study/subjects/libssh-0.7.2/src/misc.c:ssh_timeout_update
1:/home/leofernandesmo/workspace/reachability-analysis-study/subjects/libssh-0.7.2/src/misc.c:ssh_timestamp_difference
0:/home/leofernandesmo/workspace/reachability-analysis-study/subjects/libssh-0.7.2/src/misc.c:ssh_timestamp_init:#ifdef HAVE_CLOCK_GETTIME
1:/home/leofernandesmo/workspace/reachability-analysis-study/subjects/libssh-0.7.2/src/misc.c:ssh_version
2:/home/leofernandesmo/workspace/reachability-analysis-study/subjects/libssh-0.7.2/src/misc.c:#ifdef HAVE_SYS_TIME_H
2:/home/leofernandesmo/workspace/reachability-analysis-study/subjects/libssh-0.7.2/src/misc.c:#ifndef _WIN32
2:/home/leofernandesmo/workspace/reachability-analysis-study/subjects/libssh-0.7.2/src/misc.c:#ifndef _WIN32_IE
2:/home/leofernandesmo/workspace/reachability-analysis-study/subjects/libssh-0.7.2/src/misc.c:#if _MSC_VER >= 1400
2:/home/leofernandesmo/workspace/reachability-analysis-study/subjects/libssh-0.7.2/src/misc.c:#ifdef _WIN32
2:/home/leofernandesmo/workspace/reachability-analysis-study/subjects/libssh-0.7.2/src/misc.c:#ifdef HAVE_LIBGCRYPT
2:/home/leofernandesmo/workspace/reachability-analysis-study/subjects/libssh-0.7.2/src/misc.c:#ifdef HAVE_LIBCRYPTO
2:/home/leofernandesmo/workspace/reachability-analysis-study/subjects/libssh-0.7.2/src/misc.c:#ifdef WITH_ZLIB
2:/home/leofernandesmo/workspace/reachability-analysis-study/subjects/libssh-0.7.2/src/misc.c:#ifndef NSS_BUFLEN_PASSWD
2:/home/leofernandesmo/workspace/reachability-analysis-study/subjects/libssh-0.7.2/src/misc.c:#ifdef _POSIX_MONOTONIC_CLOCK
