0:/home/leofernandesmo/workspace/reachability-analysis-study/subjects/libssh-0.7.2/src/pcap.c:ssh_pcap_context_connect:#ifdef WITH_PCAP
0:/home/leofernandesmo/workspace/reachability-analysis-study/subjects/libssh-0.7.2/src/pcap.c:ssh_pcap_context_free:#ifdef WITH_PCAP
0:/home/leofernandesmo/workspace/reachability-analysis-study/subjects/libssh-0.7.2/src/pcap.c:ssh_pcap_context_new:#ifdef WITH_PCAP
0:/home/leofernandesmo/workspace/reachability-analysis-study/subjects/libssh-0.7.2/src/pcap.c:ssh_pcap_context_set_file:#ifdef WITH_PCAP
0:/home/leofernandesmo/workspace/reachability-analysis-study/subjects/libssh-0.7.2/src/pcap.c:ssh_pcap_context_write:#ifdef WITH_PCAP
0:/home/leofernandesmo/workspace/reachability-analysis-study/subjects/libssh-0.7.2/src/pcap.c:ssh_pcap_file_close:#ifdef WITH_PCAP
0:/home/leofernandesmo/workspace/reachability-analysis-study/subjects/libssh-0.7.2/src/pcap.c:ssh_pcap_file_close:#ifdef WITH_PCAP
0:/home/leofernandesmo/workspace/reachability-analysis-study/subjects/libssh-0.7.2/src/pcap.c:ssh_pcap_file_free:#ifdef WITH_PCAP
0:/home/leofernandesmo/workspace/reachability-analysis-study/subjects/libssh-0.7.2/src/pcap.c:ssh_pcap_file_free:#ifdef WITH_PCAP
0:/home/leofernandesmo/workspace/reachability-analysis-study/subjects/libssh-0.7.2/src/pcap.c:ssh_pcap_file_new:#ifdef WITH_PCAP
0:/home/leofernandesmo/workspace/reachability-analysis-study/subjects/libssh-0.7.2/src/pcap.c:ssh_pcap_file_new:#ifdef WITH_PCAP
0:/home/leofernandesmo/workspace/reachability-analysis-study/subjects/libssh-0.7.2/src/pcap.c:ssh_pcap_file_open:#ifdef WITH_PCAP
0:/home/leofernandesmo/workspace/reachability-analysis-study/subjects/libssh-0.7.2/src/pcap.c:ssh_pcap_file_open:#ifdef WITH_PCAP
0:/home/leofernandesmo/workspace/reachability-analysis-study/subjects/libssh-0.7.2/src/pcap.c:ssh_pcap_file_write:#ifdef WITH_PCAP
0:/home/leofernandesmo/workspace/reachability-analysis-study/subjects/libssh-0.7.2/src/pcap.c:ssh_pcap_file_write_packet:#ifdef WITH_PCAP
0:/home/leofernandesmo/workspace/reachability-analysis-study/subjects/libssh-0.7.2/src/pcap.c:ssh_set_pcap_file:#ifdef WITH_PCAP
0:/home/leofernandesmo/workspace/reachability-analysis-study/subjects/libssh-0.7.2/src/pcap.c:ssh_set_pcap_file:#ifdef WITH_PCAP
2:/home/leofernandesmo/workspace/reachability-analysis-study/subjects/libssh-0.7.2/src/pcap.c:#ifdef _WIN32
