1:/home/leofernandesmo/workspace/reachability-analysis-study/subjects/libssh-0.7.2/tests/pkd/pkd_daemon.c:pkd_accept_fd
1:/home/leofernandesmo/workspace/reachability-analysis-study/subjects/libssh-0.7.2/tests/pkd/pkd_daemon.c:pkd_auth_pubkey_cb
1:/home/leofernandesmo/workspace/reachability-analysis-study/subjects/libssh-0.7.2/tests/pkd/pkd_daemon.c:pkd_chan_close
1:/home/leofernandesmo/workspace/reachability-analysis-study/subjects/libssh-0.7.2/tests/pkd/pkd_daemon.c:pkd_channel_openreq_cb
1:/home/leofernandesmo/workspace/reachability-analysis-study/subjects/libssh-0.7.2/tests/pkd/pkd_daemon.c:pkd_eof
1:/home/leofernandesmo/workspace/reachability-analysis-study/subjects/libssh-0.7.2/tests/pkd/pkd_daemon.c:pkd_exec_hello
1:/home/leofernandesmo/workspace/reachability-analysis-study/subjects/libssh-0.7.2/tests/pkd/pkd_daemon.c:pkd_init_libssh
1:/home/leofernandesmo/workspace/reachability-analysis-study/subjects/libssh-0.7.2/tests/pkd/pkd_daemon.c:pkd_init_server_fd
1:/home/leofernandesmo/workspace/reachability-analysis-study/subjects/libssh-0.7.2/tests/pkd/pkd_daemon.c:pkd_main
1:/home/leofernandesmo/workspace/reachability-analysis-study/subjects/libssh-0.7.2/tests/pkd/pkd_daemon.c:pkd_req_exec
1:/home/leofernandesmo/workspace/reachability-analysis-study/subjects/libssh-0.7.2/tests/pkd/pkd_daemon.c:pkd_service_request_cb
1:/home/leofernandesmo/workspace/reachability-analysis-study/subjects/libssh-0.7.2/tests/pkd/pkd_daemon.c:pkd_sighandler
1:/home/leofernandesmo/workspace/reachability-analysis-study/subjects/libssh-0.7.2/tests/pkd/pkd_daemon.c:pkd_start
1:/home/leofernandesmo/workspace/reachability-analysis-study/subjects/libssh-0.7.2/tests/pkd/pkd_daemon.c:pkd_stop
1:/home/leofernandesmo/workspace/reachability-analysis-study/subjects/libssh-0.7.2/tests/pkd/pkd_daemon.c:pkderr
1:/home/leofernandesmo/workspace/reachability-analysis-study/subjects/libssh-0.7.2/tests/pkd/pkd_daemon.c:pkdout
