1:/home/leofernandesmo/workspace/reachability-analysis-study/subjects/libssh-0.7.2/tests/pkd/pkd_hello.c:PKDTESTS_DEFAULT
0:/home/leofernandesmo/workspace/reachability-analysis-study/subjects/libssh-0.7.2/tests/pkd/pkd_hello.c:main:#ifdef HAVE_ARGP_H
0:/home/leofernandesmo/workspace/reachability-analysis-study/subjects/libssh-0.7.2/tests/pkd/pkd_hello.c:parse_opt:#ifdef HAVE_ARGP_H
1:/home/leofernandesmo/workspace/reachability-analysis-study/subjects/libssh-0.7.2/tests/pkd/pkd_hello.c:pkd_run_tests
1:/home/leofernandesmo/workspace/reachability-analysis-study/subjects/libssh-0.7.2/tests/pkd/pkd_hello.c:torture_pkd_client_noop
1:/home/leofernandesmo/workspace/reachability-analysis-study/subjects/libssh-0.7.2/tests/pkd/pkd_hello.c:torture_pkd_runtest
1:/home/leofernandesmo/workspace/reachability-analysis-study/subjects/libssh-0.7.2/tests/pkd/pkd_hello.c:torture_pkd_setup
1:/home/leofernandesmo/workspace/reachability-analysis-study/subjects/libssh-0.7.2/tests/pkd/pkd_hello.c:torture_pkd_setup_dsa
1:/home/leofernandesmo/workspace/reachability-analysis-study/subjects/libssh-0.7.2/tests/pkd/pkd_hello.c:torture_pkd_setup_ecdsa_256
1:/home/leofernandesmo/workspace/reachability-analysis-study/subjects/libssh-0.7.2/tests/pkd/pkd_hello.c:torture_pkd_setup_ecdsa_384
1:/home/leofernandesmo/workspace/reachability-analysis-study/subjects/libssh-0.7.2/tests/pkd/pkd_hello.c:torture_pkd_setup_ecdsa_521
1:/home/leofernandesmo/workspace/reachability-analysis-study/subjects/libssh-0.7.2/tests/pkd/pkd_hello.c:torture_pkd_setup_noop
1:/home/leofernandesmo/workspace/reachability-analysis-study/subjects/libssh-0.7.2/tests/pkd/pkd_hello.c:torture_pkd_setup_rsa
1:/home/leofernandesmo/workspace/reachability-analysis-study/subjects/libssh-0.7.2/tests/pkd/pkd_hello.c:torture_pkd_teardown
