1:/home/leofernandesmo/workspace/reachability-analysis-study/subjects/libssh-0.7.2/tests/pkd/pkd_keyutil.c:cleanup_dropbear_client_rsa_key
1:/home/leofernandesmo/workspace/reachability-analysis-study/subjects/libssh-0.7.2/tests/pkd/pkd_keyutil.c:cleanup_dsa_key
1:/home/leofernandesmo/workspace/reachability-analysis-study/subjects/libssh-0.7.2/tests/pkd/pkd_keyutil.c:cleanup_ecdsa_keys
1:/home/leofernandesmo/workspace/reachability-analysis-study/subjects/libssh-0.7.2/tests/pkd/pkd_keyutil.c:cleanup_key
1:/home/leofernandesmo/workspace/reachability-analysis-study/subjects/libssh-0.7.2/tests/pkd/pkd_keyutil.c:cleanup_openssh_client_keys
1:/home/leofernandesmo/workspace/reachability-analysis-study/subjects/libssh-0.7.2/tests/pkd/pkd_keyutil.c:cleanup_rsa_key
1:/home/leofernandesmo/workspace/reachability-analysis-study/subjects/libssh-0.7.2/tests/pkd/pkd_keyutil.c:setup_dropbear_client_rsa_key
1:/home/leofernandesmo/workspace/reachability-analysis-study/subjects/libssh-0.7.2/tests/pkd/pkd_keyutil.c:setup_dsa_key
1:/home/leofernandesmo/workspace/reachability-analysis-study/subjects/libssh-0.7.2/tests/pkd/pkd_keyutil.c:setup_ecdsa_keys
1:/home/leofernandesmo/workspace/reachability-analysis-study/subjects/libssh-0.7.2/tests/pkd/pkd_keyutil.c:setup_openssh_client_keys
1:/home/leofernandesmo/workspace/reachability-analysis-study/subjects/libssh-0.7.2/tests/pkd/pkd_keyutil.c:setup_rsa_key
