1:/home/leofernandesmo/workspace/reachability-analysis-study/subjects/libssh-0.7.2/src/scp.c:ssh_scp_accept_request
1:/home/leofernandesmo/workspace/reachability-analysis-study/subjects/libssh-0.7.2/src/scp.c:ssh_scp_close
1:/home/leofernandesmo/workspace/reachability-analysis-study/subjects/libssh-0.7.2/src/scp.c:ssh_scp_deny_request
1:/home/leofernandesmo/workspace/reachability-analysis-study/subjects/libssh-0.7.2/src/scp.c:ssh_scp_free
1:/home/leofernandesmo/workspace/reachability-analysis-study/subjects/libssh-0.7.2/src/scp.c:ssh_scp_init
1:/home/leofernandesmo/workspace/reachability-analysis-study/subjects/libssh-0.7.2/src/scp.c:ssh_scp_integer_mode
1:/home/leofernandesmo/workspace/reachability-analysis-study/subjects/libssh-0.7.2/src/scp.c:ssh_scp_leave_directory
1:/home/leofernandesmo/workspace/reachability-analysis-study/subjects/libssh-0.7.2/src/scp.c:ssh_scp_new
1:/home/leofernandesmo/workspace/reachability-analysis-study/subjects/libssh-0.7.2/src/scp.c:ssh_scp_pull_request
1:/home/leofernandesmo/workspace/reachability-analysis-study/subjects/libssh-0.7.2/src/scp.c:ssh_scp_push_directory
1:/home/leofernandesmo/workspace/reachability-analysis-study/subjects/libssh-0.7.2/src/scp.c:ssh_scp_push_file
1:/home/leofernandesmo/workspace/reachability-analysis-study/subjects/libssh-0.7.2/src/scp.c:ssh_scp_push_file64
1:/home/leofernandesmo/workspace/reachability-analysis-study/subjects/libssh-0.7.2/src/scp.c:ssh_scp_read
1:/home/leofernandesmo/workspace/reachability-analysis-study/subjects/libssh-0.7.2/src/scp.c:ssh_scp_read_string
1:/home/leofernandesmo/workspace/reachability-analysis-study/subjects/libssh-0.7.2/src/scp.c:ssh_scp_request_get_filename
1:/home/leofernandesmo/workspace/reachability-analysis-study/subjects/libssh-0.7.2/src/scp.c:ssh_scp_request_get_permissions
1:/home/leofernandesmo/workspace/reachability-analysis-study/subjects/libssh-0.7.2/src/scp.c:ssh_scp_request_get_size
1:/home/leofernandesmo/workspace/reachability-analysis-study/subjects/libssh-0.7.2/src/scp.c:ssh_scp_request_get_size64
1:/home/leofernandesmo/workspace/reachability-analysis-study/subjects/libssh-0.7.2/src/scp.c:ssh_scp_request_get_warning
1:/home/leofernandesmo/workspace/reachability-analysis-study/subjects/libssh-0.7.2/src/scp.c:ssh_scp_response
1:/home/leofernandesmo/workspace/reachability-analysis-study/subjects/libssh-0.7.2/src/scp.c:ssh_scp_string_mode
1:/home/leofernandesmo/workspace/reachability-analysis-study/subjects/libssh-0.7.2/src/scp.c:ssh_scp_write
