1:/home/leofernandesmo/workspace/reachability-analysis-study/subjects/libssh-0.7.2/src/session.c:ssh_blocking_flush
1:/home/leofernandesmo/workspace/reachability-analysis-study/subjects/libssh-0.7.2/src/session.c:ssh_flush_termination
0:/home/leofernandesmo/workspace/reachability-analysis-study/subjects/libssh-0.7.2/src/session.c:ssh_free:#ifdef WITH_PCAP:#ifndef _WIN32
1:/home/leofernandesmo/workspace/reachability-analysis-study/subjects/libssh-0.7.2/src/session.c:ssh_get_cipher_in
1:/home/leofernandesmo/workspace/reachability-analysis-study/subjects/libssh-0.7.2/src/session.c:ssh_get_cipher_out
1:/home/leofernandesmo/workspace/reachability-analysis-study/subjects/libssh-0.7.2/src/session.c:ssh_get_clientbanner
1:/home/leofernandesmo/workspace/reachability-analysis-study/subjects/libssh-0.7.2/src/session.c:ssh_get_disconnect_message
1:/home/leofernandesmo/workspace/reachability-analysis-study/subjects/libssh-0.7.2/src/session.c:ssh_get_fd
1:/home/leofernandesmo/workspace/reachability-analysis-study/subjects/libssh-0.7.2/src/session.c:ssh_get_hmac_in
1:/home/leofernandesmo/workspace/reachability-analysis-study/subjects/libssh-0.7.2/src/session.c:ssh_get_hmac_out
1:/home/leofernandesmo/workspace/reachability-analysis-study/subjects/libssh-0.7.2/src/session.c:ssh_get_kex_algo
1:/home/leofernandesmo/workspace/reachability-analysis-study/subjects/libssh-0.7.2/src/session.c:ssh_get_poll_flags
1:/home/leofernandesmo/workspace/reachability-analysis-study/subjects/libssh-0.7.2/src/session.c:ssh_get_serverbanner
1:/home/leofernandesmo/workspace/reachability-analysis-study/subjects/libssh-0.7.2/src/session.c:ssh_get_status
1:/home/leofernandesmo/workspace/reachability-analysis-study/subjects/libssh-0.7.2/src/session.c:ssh_get_version
1:/home/leofernandesmo/workspace/reachability-analysis-study/subjects/libssh-0.7.2/src/session.c:ssh_handle_packets
1:/home/leofernandesmo/workspace/reachability-analysis-study/subjects/libssh-0.7.2/src/session.c:ssh_handle_packets_termination
1:/home/leofernandesmo/workspace/reachability-analysis-study/subjects/libssh-0.7.2/src/session.c:ssh_is_blocking
1:/home/leofernandesmo/workspace/reachability-analysis-study/subjects/libssh-0.7.2/src/session.c:ssh_is_connected
0:/home/leofernandesmo/workspace/reachability-analysis-study/subjects/libssh-0.7.2/src/session.c:ssh_new:#ifndef _WIN32:#ifdef WITH_SSH1:#ifdef HAVE_ECC
1:/home/leofernandesmo/workspace/reachability-analysis-study/subjects/libssh-0.7.2/src/session.c:ssh_send_debug
1:/home/leofernandesmo/workspace/reachability-analysis-study/subjects/libssh-0.7.2/src/session.c:ssh_send_ignore
1:/home/leofernandesmo/workspace/reachability-analysis-study/subjects/libssh-0.7.2/src/session.c:ssh_set_blocking
1:/home/leofernandesmo/workspace/reachability-analysis-study/subjects/libssh-0.7.2/src/session.c:ssh_set_counters
1:/home/leofernandesmo/workspace/reachability-analysis-study/subjects/libssh-0.7.2/src/session.c:ssh_set_fd_except
1:/home/leofernandesmo/workspace/reachability-analysis-study/subjects/libssh-0.7.2/src/session.c:ssh_set_fd_toread
1:/home/leofernandesmo/workspace/reachability-analysis-study/subjects/libssh-0.7.2/src/session.c:ssh_set_fd_towrite
1:/home/leofernandesmo/workspace/reachability-analysis-study/subjects/libssh-0.7.2/src/session.c:ssh_silent_disconnect
1:/home/leofernandesmo/workspace/reachability-analysis-study/subjects/libssh-0.7.2/src/session.c:ssh_socket_exception_callback
