0:/home/leofernandesmo/workspace/reachability-analysis-study/subjects/libssh-0.7.2/src/sftp.c:buffer_add_attributes:#ifdef WITH_SFTP
0:/home/leofernandesmo/workspace/reachability-analysis-study/subjects/libssh-0.7.2/src/sftp.c:parse_handle_msg:#ifdef WITH_SFTP
0:/home/leofernandesmo/workspace/reachability-analysis-study/subjects/libssh-0.7.2/src/sftp.c:parse_status_msg:#ifdef WITH_SFTP
0:/home/leofernandesmo/workspace/reachability-analysis-study/subjects/libssh-0.7.2/src/sftp.c:request_queue_free:#ifdef WITH_SFTP
0:/home/leofernandesmo/workspace/reachability-analysis-study/subjects/libssh-0.7.2/src/sftp.c:request_queue_new:#ifdef WITH_SFTP
0:/home/leofernandesmo/workspace/reachability-analysis-study/subjects/libssh-0.7.2/src/sftp.c:sftp_async_read:#ifdef WITH_SFTP
0:/home/leofernandesmo/workspace/reachability-analysis-study/subjects/libssh-0.7.2/src/sftp.c:sftp_async_read_begin:#ifdef WITH_SFTP
0:/home/leofernandesmo/workspace/reachability-analysis-study/subjects/libssh-0.7.2/src/sftp.c:sftp_attributes_free:#ifdef WITH_SFTP
0:/home/leofernandesmo/workspace/reachability-analysis-study/subjects/libssh-0.7.2/src/sftp.c:sftp_canonicalize_path:#ifdef WITH_SFTP
0:/home/leofernandesmo/workspace/reachability-analysis-study/subjects/libssh-0.7.2/src/sftp.c:sftp_chmod:#ifdef WITH_SFTP
0:/home/leofernandesmo/workspace/reachability-analysis-study/subjects/libssh-0.7.2/src/sftp.c:sftp_chown:#ifdef WITH_SFTP
0:/home/leofernandesmo/workspace/reachability-analysis-study/subjects/libssh-0.7.2/src/sftp.c:sftp_close:#ifdef WITH_SFTP
0:/home/leofernandesmo/workspace/reachability-analysis-study/subjects/libssh-0.7.2/src/sftp.c:sftp_closedir:#ifdef WITH_SFTP
0:/home/leofernandesmo/workspace/reachability-analysis-study/subjects/libssh-0.7.2/src/sftp.c:sftp_dequeue:#ifdef WITH_SFTP
0:/home/leofernandesmo/workspace/reachability-analysis-study/subjects/libssh-0.7.2/src/sftp.c:sftp_dir_eof:#ifdef WITH_SFTP
0:/home/leofernandesmo/workspace/reachability-analysis-study/subjects/libssh-0.7.2/src/sftp.c:sftp_enqueue:#ifdef WITH_SFTP
0:/home/leofernandesmo/workspace/reachability-analysis-study/subjects/libssh-0.7.2/src/sftp.c:sftp_ext_free:#ifdef WITH_SFTP
0:/home/leofernandesmo/workspace/reachability-analysis-study/subjects/libssh-0.7.2/src/sftp.c:sftp_ext_new:#ifdef WITH_SFTP
0:/home/leofernandesmo/workspace/reachability-analysis-study/subjects/libssh-0.7.2/src/sftp.c:sftp_extension_supported:#ifdef WITH_SFTP
0:/home/leofernandesmo/workspace/reachability-analysis-study/subjects/libssh-0.7.2/src/sftp.c:sftp_extensions_get_count:#ifdef WITH_SFTP
0:/home/leofernandesmo/workspace/reachability-analysis-study/subjects/libssh-0.7.2/src/sftp.c:sftp_extensions_get_data:#ifdef WITH_SFTP
0:/home/leofernandesmo/workspace/reachability-analysis-study/subjects/libssh-0.7.2/src/sftp.c:sftp_extensions_get_name:#ifdef WITH_SFTP
0:/home/leofernandesmo/workspace/reachability-analysis-study/subjects/libssh-0.7.2/src/sftp.c:sftp_file_set_blocking:#ifdef WITH_SFTP
0:/home/leofernandesmo/workspace/reachability-analysis-study/subjects/libssh-0.7.2/src/sftp.c:sftp_file_set_nonblocking:#ifdef WITH_SFTP
0:/home/leofernandesmo/workspace/reachability-analysis-study/subjects/libssh-0.7.2/src/sftp.c:sftp_free:#ifdef WITH_SFTP
0:/home/leofernandesmo/workspace/reachability-analysis-study/subjects/libssh-0.7.2/src/sftp.c:sftp_fstat:#ifdef WITH_SFTP
0:/home/leofernandesmo/workspace/reachability-analysis-study/subjects/libssh-0.7.2/src/sftp.c:sftp_fstatvfs:#ifdef WITH_SFTP
0:/home/leofernandesmo/workspace/reachability-analysis-study/subjects/libssh-0.7.2/src/sftp.c:sftp_get_error:#ifdef WITH_SFTP
0:/home/leofernandesmo/workspace/reachability-analysis-study/subjects/libssh-0.7.2/src/sftp.c:sftp_get_message:#ifdef WITH_SFTP
0:/home/leofernandesmo/workspace/reachability-analysis-study/subjects/libssh-0.7.2/src/sftp.c:sftp_get_new_id:#ifdef WITH_SFTP
0:/home/leofernandesmo/workspace/reachability-analysis-study/subjects/libssh-0.7.2/src/sftp.c:sftp_handle_close:#ifdef WITH_SFTP
0:/home/leofernandesmo/workspace/reachability-analysis-study/subjects/libssh-0.7.2/src/sftp.c:sftp_init:#ifdef WITH_SFTP
0:/home/leofernandesmo/workspace/reachability-analysis-study/subjects/libssh-0.7.2/src/sftp.c:sftp_lstat:#ifdef WITH_SFTP
0:/home/leofernandesmo/workspace/reachability-analysis-study/subjects/libssh-0.7.2/src/sftp.c:sftp_message_free:#ifdef WITH_SFTP
0:/home/leofernandesmo/workspace/reachability-analysis-study/subjects/libssh-0.7.2/src/sftp.c:sftp_message_new:#ifdef WITH_SFTP
0:/home/leofernandesmo/workspace/reachability-analysis-study/subjects/libssh-0.7.2/src/sftp.c:sftp_mkdir:#ifdef WITH_SFTP
0:/home/leofernandesmo/workspace/reachability-analysis-study/subjects/libssh-0.7.2/src/sftp.c:sftp_new:#ifdef WITH_SFTP
0:/home/leofernandesmo/workspace/reachability-analysis-study/subjects/libssh-0.7.2/src/sftp.c:sftp_new_channel:#ifdef WITH_SFTP
0:/home/leofernandesmo/workspace/reachability-analysis-study/subjects/libssh-0.7.2/src/sftp.c:sftp_open:#ifdef WITH_SFTP
0:/home/leofernandesmo/workspace/reachability-analysis-study/subjects/libssh-0.7.2/src/sftp.c:sftp_opendir:#ifdef WITH_SFTP
0:/home/leofernandesmo/workspace/reachability-analysis-study/subjects/libssh-0.7.2/src/sftp.c:sftp_packet_free:#ifdef WITH_SFTP
0:/home/leofernandesmo/workspace/reachability-analysis-study/subjects/libssh-0.7.2/src/sftp.c:sftp_packet_read:#ifdef WITH_SFTP
0:/home/leofernandesmo/workspace/reachability-analysis-study/subjects/libssh-0.7.2/src/sftp.c:sftp_packet_write:#ifdef WITH_SFTP
0:/home/leofernandesmo/workspace/reachability-analysis-study/subjects/libssh-0.7.2/src/sftp.c:sftp_parse_attr:#ifdef WITH_SFTP
0:/home/leofernandesmo/workspace/reachability-analysis-study/subjects/libssh-0.7.2/src/sftp.c:sftp_parse_attr_3:#ifdef WITH_SFTP
0:/home/leofernandesmo/workspace/reachability-analysis-study/subjects/libssh-0.7.2/src/sftp.c:sftp_parse_attr_4:#ifdef WITH_SFTP
0:/home/leofernandesmo/workspace/reachability-analysis-study/subjects/libssh-0.7.2/src/sftp.c:sftp_parse_longname:#ifdef WITH_SFTP
0:/home/leofernandesmo/workspace/reachability-analysis-study/subjects/libssh-0.7.2/src/sftp.c:sftp_parse_statvfs:#ifdef WITH_SFTP
0:/home/leofernandesmo/workspace/reachability-analysis-study/subjects/libssh-0.7.2/src/sftp.c:sftp_read:#ifdef WITH_SFTP
0:/home/leofernandesmo/workspace/reachability-analysis-study/subjects/libssh-0.7.2/src/sftp.c:sftp_read_and_dispatch:#ifdef WITH_SFTP
0:/home/leofernandesmo/workspace/reachability-analysis-study/subjects/libssh-0.7.2/src/sftp.c:sftp_readdir:#ifdef WITH_SFTP
0:/home/leofernandesmo/workspace/reachability-analysis-study/subjects/libssh-0.7.2/src/sftp.c:sftp_readlink:#ifdef WITH_SFTP
0:/home/leofernandesmo/workspace/reachability-analysis-study/subjects/libssh-0.7.2/src/sftp.c:sftp_rename:#ifdef WITH_SFTP
0:/home/leofernandesmo/workspace/reachability-analysis-study/subjects/libssh-0.7.2/src/sftp.c:sftp_rewind:#ifdef WITH_SFTP
0:/home/leofernandesmo/workspace/reachability-analysis-study/subjects/libssh-0.7.2/src/sftp.c:sftp_rmdir:#ifdef WITH_SFTP
0:/home/leofernandesmo/workspace/reachability-analysis-study/subjects/libssh-0.7.2/src/sftp.c:sftp_seek:#ifdef WITH_SFTP
0:/home/leofernandesmo/workspace/reachability-analysis-study/subjects/libssh-0.7.2/src/sftp.c:sftp_seek64:#ifdef WITH_SFTP
0:/home/leofernandesmo/workspace/reachability-analysis-study/subjects/libssh-0.7.2/src/sftp.c:sftp_server_init:#ifdef WITH_SERVER:#ifdef WITH_SFTP
0:/home/leofernandesmo/workspace/reachability-analysis-study/subjects/libssh-0.7.2/src/sftp.c:sftp_server_new:#ifdef WITH_SERVER:#ifdef WITH_SFTP
0:/home/leofernandesmo/workspace/reachability-analysis-study/subjects/libssh-0.7.2/src/sftp.c:sftp_server_version:#ifdef WITH_SFTP
0:/home/leofernandesmo/workspace/reachability-analysis-study/subjects/libssh-0.7.2/src/sftp.c:sftp_set_error:#ifdef WITH_SFTP
0:/home/leofernandesmo/workspace/reachability-analysis-study/subjects/libssh-0.7.2/src/sftp.c:sftp_setstat:#ifdef WITH_SFTP
0:/home/leofernandesmo/workspace/reachability-analysis-study/subjects/libssh-0.7.2/src/sftp.c:sftp_stat:#ifdef WITH_SFTP
0:/home/leofernandesmo/workspace/reachability-analysis-study/subjects/libssh-0.7.2/src/sftp.c:sftp_statvfs:#ifdef WITH_SFTP
0:/home/leofernandesmo/workspace/reachability-analysis-study/subjects/libssh-0.7.2/src/sftp.c:sftp_statvfs_free:#ifdef WITH_SFTP
0:/home/leofernandesmo/workspace/reachability-analysis-study/subjects/libssh-0.7.2/src/sftp.c:sftp_symlink:#ifdef WITH_SFTP
0:/home/leofernandesmo/workspace/reachability-analysis-study/subjects/libssh-0.7.2/src/sftp.c:sftp_tell:#ifdef WITH_SFTP
0:/home/leofernandesmo/workspace/reachability-analysis-study/subjects/libssh-0.7.2/src/sftp.c:sftp_tell64:#ifdef WITH_SFTP
0:/home/leofernandesmo/workspace/reachability-analysis-study/subjects/libssh-0.7.2/src/sftp.c:sftp_unlink:#ifdef WITH_SFTP
0:/home/leofernandesmo/workspace/reachability-analysis-study/subjects/libssh-0.7.2/src/sftp.c:sftp_utimes:#ifdef WITH_SFTP
0:/home/leofernandesmo/workspace/reachability-analysis-study/subjects/libssh-0.7.2/src/sftp.c:sftp_write:#ifdef WITH_SFTP
0:/home/leofernandesmo/workspace/reachability-analysis-study/subjects/libssh-0.7.2/src/sftp.c:sftp_xstat:#ifdef WITH_SFTP
0:/home/leofernandesmo/workspace/reachability-analysis-study/subjects/libssh-0.7.2/src/sftp.c:status_msg_free:#ifdef WITH_SFTP
2:/home/leofernandesmo/workspace/reachability-analysis-study/subjects/libssh-0.7.2/src/sftp.c:#ifdef _MSC_VER
2:/home/leofernandesmo/workspace/reachability-analysis-study/subjects/libssh-0.7.2/src/sftp.c:#ifndef _WIN32
