1:/home/leofernandesmo/workspace/reachability-analysis-study/subjects/libssh-0.7.2/src/sftpserver.c:sftp_client_message_free
1:/home/leofernandesmo/workspace/reachability-analysis-study/subjects/libssh-0.7.2/src/sftpserver.c:sftp_client_message_get_data
1:/home/leofernandesmo/workspace/reachability-analysis-study/subjects/libssh-0.7.2/src/sftpserver.c:sftp_client_message_get_filename
1:/home/leofernandesmo/workspace/reachability-analysis-study/subjects/libssh-0.7.2/src/sftpserver.c:sftp_client_message_get_flags
1:/home/leofernandesmo/workspace/reachability-analysis-study/subjects/libssh-0.7.2/src/sftpserver.c:sftp_client_message_get_type
1:/home/leofernandesmo/workspace/reachability-analysis-study/subjects/libssh-0.7.2/src/sftpserver.c:sftp_client_message_set_filename
1:/home/leofernandesmo/workspace/reachability-analysis-study/subjects/libssh-0.7.2/src/sftpserver.c:sftp_get_client_message
1:/home/leofernandesmo/workspace/reachability-analysis-study/subjects/libssh-0.7.2/src/sftpserver.c:sftp_handle
1:/home/leofernandesmo/workspace/reachability-analysis-study/subjects/libssh-0.7.2/src/sftpserver.c:sftp_handle_alloc
1:/home/leofernandesmo/workspace/reachability-analysis-study/subjects/libssh-0.7.2/src/sftpserver.c:sftp_handle_remove
1:/home/leofernandesmo/workspace/reachability-analysis-study/subjects/libssh-0.7.2/src/sftpserver.c:sftp_reply_attr
1:/home/leofernandesmo/workspace/reachability-analysis-study/subjects/libssh-0.7.2/src/sftpserver.c:sftp_reply_data
1:/home/leofernandesmo/workspace/reachability-analysis-study/subjects/libssh-0.7.2/src/sftpserver.c:sftp_reply_handle
1:/home/leofernandesmo/workspace/reachability-analysis-study/subjects/libssh-0.7.2/src/sftpserver.c:sftp_reply_name
1:/home/leofernandesmo/workspace/reachability-analysis-study/subjects/libssh-0.7.2/src/sftpserver.c:sftp_reply_names
1:/home/leofernandesmo/workspace/reachability-analysis-study/subjects/libssh-0.7.2/src/sftpserver.c:sftp_reply_names_add
1:/home/leofernandesmo/workspace/reachability-analysis-study/subjects/libssh-0.7.2/src/sftpserver.c:sftp_reply_status
1:/home/leofernandesmo/workspace/reachability-analysis-study/subjects/libssh-0.7.2/src/sftpserver.c:sftp_send_client_message
2:/home/leofernandesmo/workspace/reachability-analysis-study/subjects/libssh-0.7.2/src/sftpserver.c:#ifndef _WIN32
