0:/home/leofernandesmo/workspace/reachability-analysis-study/subjects/libssh-0.7.2/src/socket.c:ssh_execute_command:#ifndef _WIN32
1:/home/leofernandesmo/workspace/reachability-analysis-study/subjects/libssh-0.7.2/src/socket.c:ssh_socket_buffered_write_bytes
0:/home/leofernandesmo/workspace/reachability-analysis-study/subjects/libssh-0.7.2/src/socket.c:ssh_socket_cleanup:#ifdef _WIN32
0:/home/leofernandesmo/workspace/reachability-analysis-study/subjects/libssh-0.7.2/src/socket.c:ssh_socket_close:#ifdef _WIN32
1:/home/leofernandesmo/workspace/reachability-analysis-study/subjects/libssh-0.7.2/src/socket.c:ssh_socket_connect
0:/home/leofernandesmo/workspace/reachability-analysis-study/subjects/libssh-0.7.2/src/socket.c:ssh_socket_connect_proxycommand:#ifndef _WIN32
1:/home/leofernandesmo/workspace/reachability-analysis-study/subjects/libssh-0.7.2/src/socket.c:ssh_socket_data_available
1:/home/leofernandesmo/workspace/reachability-analysis-study/subjects/libssh-0.7.2/src/socket.c:ssh_socket_data_writable
1:/home/leofernandesmo/workspace/reachability-analysis-study/subjects/libssh-0.7.2/src/socket.c:ssh_socket_fd_isset
1:/home/leofernandesmo/workspace/reachability-analysis-study/subjects/libssh-0.7.2/src/socket.c:ssh_socket_fd_set
1:/home/leofernandesmo/workspace/reachability-analysis-study/subjects/libssh-0.7.2/src/socket.c:ssh_socket_free
1:/home/leofernandesmo/workspace/reachability-analysis-study/subjects/libssh-0.7.2/src/socket.c:ssh_socket_get_fd_in
1:/home/leofernandesmo/workspace/reachability-analysis-study/subjects/libssh-0.7.2/src/socket.c:ssh_socket_get_poll_flags
1:/home/leofernandesmo/workspace/reachability-analysis-study/subjects/libssh-0.7.2/src/socket.c:ssh_socket_get_poll_handle_in
1:/home/leofernandesmo/workspace/reachability-analysis-study/subjects/libssh-0.7.2/src/socket.c:ssh_socket_get_poll_handle_out
1:/home/leofernandesmo/workspace/reachability-analysis-study/subjects/libssh-0.7.2/src/socket.c:ssh_socket_get_status
0:/home/leofernandesmo/workspace/reachability-analysis-study/subjects/libssh-0.7.2/src/socket.c:ssh_socket_init:#ifdef _WIN32
1:/home/leofernandesmo/workspace/reachability-analysis-study/subjects/libssh-0.7.2/src/socket.c:ssh_socket_is_open
1:/home/leofernandesmo/workspace/reachability-analysis-study/subjects/libssh-0.7.2/src/socket.c:ssh_socket_new
1:/home/leofernandesmo/workspace/reachability-analysis-study/subjects/libssh-0.7.2/src/socket.c:ssh_socket_nonblocking_flush
0:/home/leofernandesmo/workspace/reachability-analysis-study/subjects/libssh-0.7.2/src/socket.c:ssh_socket_pollcallback:#ifdef _WIN32
1:/home/leofernandesmo/workspace/reachability-analysis-study/subjects/libssh-0.7.2/src/socket.c:ssh_socket_reset
0:/home/leofernandesmo/workspace/reachability-analysis-study/subjects/libssh-0.7.2/src/socket.c:ssh_socket_set_blocking:#ifdef _WIN32
0:/home/leofernandesmo/workspace/reachability-analysis-study/subjects/libssh-0.7.2/src/socket.c:ssh_socket_set_blocking:#ifdef _WIN32
1:/home/leofernandesmo/workspace/reachability-analysis-study/subjects/libssh-0.7.2/src/socket.c:ssh_socket_set_callbacks
1:/home/leofernandesmo/workspace/reachability-analysis-study/subjects/libssh-0.7.2/src/socket.c:ssh_socket_set_except
0:/home/leofernandesmo/workspace/reachability-analysis-study/subjects/libssh-0.7.2/src/socket.c:ssh_socket_set_fd:#ifdef _WIN32
1:/home/leofernandesmo/workspace/reachability-analysis-study/subjects/libssh-0.7.2/src/socket.c:ssh_socket_set_fd_in
1:/home/leofernandesmo/workspace/reachability-analysis-study/subjects/libssh-0.7.2/src/socket.c:ssh_socket_set_fd_out
0:/home/leofernandesmo/workspace/reachability-analysis-study/subjects/libssh-0.7.2/src/socket.c:ssh_socket_set_nonblocking:#ifdef _WIN32
0:/home/leofernandesmo/workspace/reachability-analysis-study/subjects/libssh-0.7.2/src/socket.c:ssh_socket_set_nonblocking:#ifdef _WIN32
1:/home/leofernandesmo/workspace/reachability-analysis-study/subjects/libssh-0.7.2/src/socket.c:ssh_socket_set_read_wontblock
1:/home/leofernandesmo/workspace/reachability-analysis-study/subjects/libssh-0.7.2/src/socket.c:ssh_socket_set_write_wontblock
0:/home/leofernandesmo/workspace/reachability-analysis-study/subjects/libssh-0.7.2/src/socket.c:ssh_socket_unbuffered_read:#ifdef _WIN32
0:/home/leofernandesmo/workspace/reachability-analysis-study/subjects/libssh-0.7.2/src/socket.c:ssh_socket_unbuffered_write:#ifdef _WIN32
0:/home/leofernandesmo/workspace/reachability-analysis-study/subjects/libssh-0.7.2/src/socket.c:ssh_socket_unix:#ifndef _WIN32
1:/home/leofernandesmo/workspace/reachability-analysis-study/subjects/libssh-0.7.2/src/socket.c:ssh_socket_write
2:/home/leofernandesmo/workspace/reachability-analysis-study/subjects/libssh-0.7.2/src/socket.c:#if _MSC_VER >= 1400
2:/home/leofernandesmo/workspace/reachability-analysis-study/subjects/libssh-0.7.2/src/socket.c:#ifdef _WIN32
