1:/home/leofernandesmo/workspace/reachability-analysis-study/subjects/libssh-0.7.2/examples/ssh_server_fork.c:auth_password
1:/home/leofernandesmo/workspace/reachability-analysis-study/subjects/libssh-0.7.2/examples/ssh_server_fork.c:channel_open
1:/home/leofernandesmo/workspace/reachability-analysis-study/subjects/libssh-0.7.2/examples/ssh_server_fork.c:data_function
1:/home/leofernandesmo/workspace/reachability-analysis-study/subjects/libssh-0.7.2/examples/ssh_server_fork.c:exec_nopty
1:/home/leofernandesmo/workspace/reachability-analysis-study/subjects/libssh-0.7.2/examples/ssh_server_fork.c:exec_pty
1:/home/leofernandesmo/workspace/reachability-analysis-study/subjects/libssh-0.7.2/examples/ssh_server_fork.c:exec_request
1:/home/leofernandesmo/workspace/reachability-analysis-study/subjects/libssh-0.7.2/examples/ssh_server_fork.c:handle_session
0:/home/leofernandesmo/workspace/reachability-analysis-study/subjects/libssh-0.7.2/examples/ssh_server_fork.c:main:#ifdef HAVE_ARGP_H
0:/home/leofernandesmo/workspace/reachability-analysis-study/subjects/libssh-0.7.2/examples/ssh_server_fork.c:parse_opt:#ifdef HAVE_ARGP_H
1:/home/leofernandesmo/workspace/reachability-analysis-study/subjects/libssh-0.7.2/examples/ssh_server_fork.c:process_stderr
1:/home/leofernandesmo/workspace/reachability-analysis-study/subjects/libssh-0.7.2/examples/ssh_server_fork.c:process_stdout
1:/home/leofernandesmo/workspace/reachability-analysis-study/subjects/libssh-0.7.2/examples/ssh_server_fork.c:pty_request
1:/home/leofernandesmo/workspace/reachability-analysis-study/subjects/libssh-0.7.2/examples/ssh_server_fork.c:pty_resize
1:/home/leofernandesmo/workspace/reachability-analysis-study/subjects/libssh-0.7.2/examples/ssh_server_fork.c:set_default_keys
1:/home/leofernandesmo/workspace/reachability-analysis-study/subjects/libssh-0.7.2/examples/ssh_server_fork.c:shell_request
1:/home/leofernandesmo/workspace/reachability-analysis-study/subjects/libssh-0.7.2/examples/ssh_server_fork.c:sigchld_handler
1:/home/leofernandesmo/workspace/reachability-analysis-study/subjects/libssh-0.7.2/examples/ssh_server_fork.c:subsystem_request
2:/home/leofernandesmo/workspace/reachability-analysis-study/subjects/libssh-0.7.2/examples/ssh_server_fork.c:#ifdef HAVE_ARGP_H
2:/home/leofernandesmo/workspace/reachability-analysis-study/subjects/libssh-0.7.2/examples/ssh_server_fork.c:#ifdef HAVE_LIBUTIL_H
2:/home/leofernandesmo/workspace/reachability-analysis-study/subjects/libssh-0.7.2/examples/ssh_server_fork.c:#ifdef HAVE_PTY_H
2:/home/leofernandesmo/workspace/reachability-analysis-study/subjects/libssh-0.7.2/examples/ssh_server_fork.c:#ifdef HAVE_UTMP_H
2:/home/leofernandesmo/workspace/reachability-analysis-study/subjects/libssh-0.7.2/examples/ssh_server_fork.c:#ifdef HAVE_UTIL_H
2:/home/leofernandesmo/workspace/reachability-analysis-study/subjects/libssh-0.7.2/examples/ssh_server_fork.c:#ifdef _WIN32
2:/home/leofernandesmo/workspace/reachability-analysis-study/subjects/libssh-0.7.2/examples/ssh_server_fork.c:#ifndef KEYS_FOLDER
