1:/home/leofernandesmo/workspace/reachability-analysis-study/subjects/libssh-0.7.2/src/string.c:ssh_string_burn
1:/home/leofernandesmo/workspace/reachability-analysis-study/subjects/libssh-0.7.2/src/string.c:ssh_string_copy
1:/home/leofernandesmo/workspace/reachability-analysis-study/subjects/libssh-0.7.2/src/string.c:ssh_string_data
1:/home/leofernandesmo/workspace/reachability-analysis-study/subjects/libssh-0.7.2/src/string.c:ssh_string_fill
1:/home/leofernandesmo/workspace/reachability-analysis-study/subjects/libssh-0.7.2/src/string.c:ssh_string_free
1:/home/leofernandesmo/workspace/reachability-analysis-study/subjects/libssh-0.7.2/src/string.c:ssh_string_free_char
1:/home/leofernandesmo/workspace/reachability-analysis-study/subjects/libssh-0.7.2/src/string.c:ssh_string_from_char
1:/home/leofernandesmo/workspace/reachability-analysis-study/subjects/libssh-0.7.2/src/string.c:ssh_string_get_char
1:/home/leofernandesmo/workspace/reachability-analysis-study/subjects/libssh-0.7.2/src/string.c:ssh_string_len
1:/home/leofernandesmo/workspace/reachability-analysis-study/subjects/libssh-0.7.2/src/string.c:ssh_string_new
1:/home/leofernandesmo/workspace/reachability-analysis-study/subjects/libssh-0.7.2/src/string.c:ssh_string_to_char
2:/home/leofernandesmo/workspace/reachability-analysis-study/subjects/libssh-0.7.2/src/string.c:#ifndef _WIN32
