1:/home/leofernandesmo/workspace/reachability-analysis-study/subjects/libssh-0.7.2/tests/unittests/torture_server_x11.c:auth_password_accept
1:/home/leofernandesmo/workspace/reachability-analysis-study/subjects/libssh-0.7.2/tests/unittests/torture_server_x11.c:channel_open
1:/home/leofernandesmo/workspace/reachability-analysis-study/subjects/libssh-0.7.2/tests/unittests/torture_server_x11.c:client_thread
1:/home/leofernandesmo/workspace/reachability-analysis-study/subjects/libssh-0.7.2/tests/unittests/torture_server_x11.c:setup
1:/home/leofernandesmo/workspace/reachability-analysis-study/subjects/libssh-0.7.2/tests/unittests/torture_server_x11.c:ssh_channel_x11_req
1:/home/leofernandesmo/workspace/reachability-analysis-study/subjects/libssh-0.7.2/tests/unittests/torture_server_x11.c:teardown
1:/home/leofernandesmo/workspace/reachability-analysis-study/subjects/libssh-0.7.2/tests/unittests/torture_server_x11.c:test_ssh_channel_request_x11
1:/home/leofernandesmo/workspace/reachability-analysis-study/subjects/libssh-0.7.2/tests/unittests/torture_server_x11.c:torture_run_tests_13
