1:/home/leofernandesmo/workspace/reachability-analysis-study/subjects/libssh-0.7.2/tests/client/torture_auth.c:setup
1:/home/leofernandesmo/workspace/reachability-analysis-study/subjects/libssh-0.7.2/tests/client/torture_auth.c:teardown
1:/home/leofernandesmo/workspace/reachability-analysis-study/subjects/libssh-0.7.2/tests/client/torture_auth.c:torture_auth_agent
1:/home/leofernandesmo/workspace/reachability-analysis-study/subjects/libssh-0.7.2/tests/client/torture_auth.c:torture_auth_agent_nonblocking
1:/home/leofernandesmo/workspace/reachability-analysis-study/subjects/libssh-0.7.2/tests/client/torture_auth.c:torture_auth_autopubkey
1:/home/leofernandesmo/workspace/reachability-analysis-study/subjects/libssh-0.7.2/tests/client/torture_auth.c:torture_auth_autopubkey_nonblocking
1:/home/leofernandesmo/workspace/reachability-analysis-study/subjects/libssh-0.7.2/tests/client/torture_auth.c:torture_auth_kbdint
1:/home/leofernandesmo/workspace/reachability-analysis-study/subjects/libssh-0.7.2/tests/client/torture_auth.c:torture_auth_kbdint_nonblocking
1:/home/leofernandesmo/workspace/reachability-analysis-study/subjects/libssh-0.7.2/tests/client/torture_auth.c:torture_auth_none
1:/home/leofernandesmo/workspace/reachability-analysis-study/subjects/libssh-0.7.2/tests/client/torture_auth.c:torture_auth_none_nonblocking
1:/home/leofernandesmo/workspace/reachability-analysis-study/subjects/libssh-0.7.2/tests/client/torture_auth.c:torture_auth_password
1:/home/leofernandesmo/workspace/reachability-analysis-study/subjects/libssh-0.7.2/tests/client/torture_auth.c:torture_auth_password_nonblocking
1:/home/leofernandesmo/workspace/reachability-analysis-study/subjects/libssh-0.7.2/tests/client/torture_auth.c:torture_run_tests
