1:/home/leofernandesmo/workspace/reachability-analysis-study/subjects/libssh-0.7.2/tests/unittests/torture_callbacks.c:myauthcallback
1:/home/leofernandesmo/workspace/reachability-analysis-study/subjects/libssh-0.7.2/tests/unittests/torture_callbacks.c:setup
1:/home/leofernandesmo/workspace/reachability-analysis-study/subjects/libssh-0.7.2/tests/unittests/torture_callbacks.c:teardown
1:/home/leofernandesmo/workspace/reachability-analysis-study/subjects/libssh-0.7.2/tests/unittests/torture_callbacks.c:test_mock_ssh_logging_callback
1:/home/leofernandesmo/workspace/reachability-analysis-study/subjects/libssh-0.7.2/tests/unittests/torture_callbacks.c:torture_callbacks_exists
1:/home/leofernandesmo/workspace/reachability-analysis-study/subjects/libssh-0.7.2/tests/unittests/torture_callbacks.c:torture_callbacks_size
1:/home/leofernandesmo/workspace/reachability-analysis-study/subjects/libssh-0.7.2/tests/unittests/torture_callbacks.c:torture_log_callback
1:/home/leofernandesmo/workspace/reachability-analysis-study/subjects/libssh-0.7.2/tests/unittests/torture_callbacks.c:torture_run_tests_2
