1:/home/leofernandesmo/workspace/reachability-analysis-study/subjects/libssh-0.7.2/tests/client/torture_algorithms.c:setup
1:/home/leofernandesmo/workspace/reachability-analysis-study/subjects/libssh-0.7.2/tests/client/torture_algorithms.c:teardown
1:/home/leofernandesmo/workspace/reachability-analysis-study/subjects/libssh-0.7.2/tests/client/torture_algorithms.c:test_algorithm
1:/home/leofernandesmo/workspace/reachability-analysis-study/subjects/libssh-0.7.2/tests/client/torture_algorithms.c:torture_algorithms_3des_cbc_hmac_sha1
1:/home/leofernandesmo/workspace/reachability-analysis-study/subjects/libssh-0.7.2/tests/client/torture_algorithms.c:torture_algorithms_3des_cbc_hmac_sha2_256
1:/home/leofernandesmo/workspace/reachability-analysis-study/subjects/libssh-0.7.2/tests/client/torture_algorithms.c:torture_algorithms_3des_cbc_hmac_sha2_512
1:/home/leofernandesmo/workspace/reachability-analysis-study/subjects/libssh-0.7.2/tests/client/torture_algorithms.c:torture_algorithms_aes128_cbc_hmac_sha1
1:/home/leofernandesmo/workspace/reachability-analysis-study/subjects/libssh-0.7.2/tests/client/torture_algorithms.c:torture_algorithms_aes128_cbc_hmac_sha2_256
1:/home/leofernandesmo/workspace/reachability-analysis-study/subjects/libssh-0.7.2/tests/client/torture_algorithms.c:torture_algorithms_aes128_cbc_hmac_sha2_512
1:/home/leofernandesmo/workspace/reachability-analysis-study/subjects/libssh-0.7.2/tests/client/torture_algorithms.c:torture_algorithms_aes128_ctr_hmac_sha1
1:/home/leofernandesmo/workspace/reachability-analysis-study/subjects/libssh-0.7.2/tests/client/torture_algorithms.c:torture_algorithms_aes128_ctr_hmac_sha2_256
1:/home/leofernandesmo/workspace/reachability-analysis-study/subjects/libssh-0.7.2/tests/client/torture_algorithms.c:torture_algorithms_aes128_ctr_hmac_sha2_512
1:/home/leofernandesmo/workspace/reachability-analysis-study/subjects/libssh-0.7.2/tests/client/torture_algorithms.c:torture_algorithms_aes192_cbc_hmac_sha1
1:/home/leofernandesmo/workspace/reachability-analysis-study/subjects/libssh-0.7.2/tests/client/torture_algorithms.c:torture_algorithms_aes192_cbc_hmac_sha2_256
1:/home/leofernandesmo/workspace/reachability-analysis-study/subjects/libssh-0.7.2/tests/client/torture_algorithms.c:torture_algorithms_aes192_cbc_hmac_sha2_512
1:/home/leofernandesmo/workspace/reachability-analysis-study/subjects/libssh-0.7.2/tests/client/torture_algorithms.c:torture_algorithms_aes192_ctr_hmac_sha1
1:/home/leofernandesmo/workspace/reachability-analysis-study/subjects/libssh-0.7.2/tests/client/torture_algorithms.c:torture_algorithms_aes192_ctr_hmac_sha2_256
1:/home/leofernandesmo/workspace/reachability-analysis-study/subjects/libssh-0.7.2/tests/client/torture_algorithms.c:torture_algorithms_aes192_ctr_hmac_sha2_512
1:/home/leofernandesmo/workspace/reachability-analysis-study/subjects/libssh-0.7.2/tests/client/torture_algorithms.c:torture_algorithms_aes256_cbc_hmac_sha1
1:/home/leofernandesmo/workspace/reachability-analysis-study/subjects/libssh-0.7.2/tests/client/torture_algorithms.c:torture_algorithms_aes256_cbc_hmac_sha2_256
1:/home/leofernandesmo/workspace/reachability-analysis-study/subjects/libssh-0.7.2/tests/client/torture_algorithms.c:torture_algorithms_aes256_cbc_hmac_sha2_512
1:/home/leofernandesmo/workspace/reachability-analysis-study/subjects/libssh-0.7.2/tests/client/torture_algorithms.c:torture_algorithms_aes256_ctr_hmac_sha1
1:/home/leofernandesmo/workspace/reachability-analysis-study/subjects/libssh-0.7.2/tests/client/torture_algorithms.c:torture_algorithms_aes256_ctr_hmac_sha2_256
1:/home/leofernandesmo/workspace/reachability-analysis-study/subjects/libssh-0.7.2/tests/client/torture_algorithms.c:torture_algorithms_aes256_ctr_hmac_sha2_512
1:/home/leofernandesmo/workspace/reachability-analysis-study/subjects/libssh-0.7.2/tests/client/torture_algorithms.c:torture_algorithms_blowfish_cbc_hmac_sha1
1:/home/leofernandesmo/workspace/reachability-analysis-study/subjects/libssh-0.7.2/tests/client/torture_algorithms.c:torture_algorithms_blowfish_cbc_hmac_sha2_256
1:/home/leofernandesmo/workspace/reachability-analysis-study/subjects/libssh-0.7.2/tests/client/torture_algorithms.c:torture_algorithms_blowfish_cbc_hmac_sha2_512
1:/home/leofernandesmo/workspace/reachability-analysis-study/subjects/libssh-0.7.2/tests/client/torture_algorithms.c:torture_algorithms_dh_group1
0:/home/leofernandesmo/workspace/reachability-analysis-study/subjects/libssh-0.7.2/tests/client/torture_algorithms.c:torture_algorithms_ecdh_sha2_nistp256:#if defined(HAVE_LIBCRYPTO) && defined(HAVE_ECC)
0:/home/leofernandesmo/workspace/reachability-analysis-study/subjects/libssh-0.7.2/tests/client/torture_algorithms.c:torture_algorithms_zlib:#ifdef WITH_ZLIB:#ifdef WITH_ZLIB:#ifdef WITH_ZLIB
0:/home/leofernandesmo/workspace/reachability-analysis-study/subjects/libssh-0.7.2/tests/client/torture_algorithms.c:torture_algorithms_zlib_openssh:#ifdef WITH_ZLIB:#ifdef WITH_ZLIB:#ifdef WITH_ZLIB
0:/home/leofernandesmo/workspace/reachability-analysis-study/subjects/libssh-0.7.2/tests/client/torture_algorithms.c:torture_run_tests:#if defined(HAVE_LIBCRYPTO) && defined(HAVE_ECC)
