1:/home/leofernandesmo/workspace/reachability-analysis-study/subjects/libssh-0.7.2/tests/unittests/torture_buffer.c:setup
1:/home/leofernandesmo/workspace/reachability-analysis-study/subjects/libssh-0.7.2/tests/unittests/torture_buffer.c:teardown
1:/home/leofernandesmo/workspace/reachability-analysis-study/subjects/libssh-0.7.2/tests/unittests/torture_buffer.c:torture_buffer_add_format
1:/home/leofernandesmo/workspace/reachability-analysis-study/subjects/libssh-0.7.2/tests/unittests/torture_buffer.c:torture_buffer_get_format
1:/home/leofernandesmo/workspace/reachability-analysis-study/subjects/libssh-0.7.2/tests/unittests/torture_buffer.c:torture_buffer_get_format_error
1:/home/leofernandesmo/workspace/reachability-analysis-study/subjects/libssh-0.7.2/tests/unittests/torture_buffer.c:torture_buffer_get_ssh_string
1:/home/leofernandesmo/workspace/reachability-analysis-study/subjects/libssh-0.7.2/tests/unittests/torture_buffer.c:torture_buffer_pack_badformat
1:/home/leofernandesmo/workspace/reachability-analysis-study/subjects/libssh-0.7.2/tests/unittests/torture_buffer.c:torture_buffer_prepend
1:/home/leofernandesmo/workspace/reachability-analysis-study/subjects/libssh-0.7.2/tests/unittests/torture_buffer.c:torture_growing_buffer
1:/home/leofernandesmo/workspace/reachability-analysis-study/subjects/libssh-0.7.2/tests/unittests/torture_buffer.c:torture_growing_buffer_shifting
1:/home/leofernandesmo/workspace/reachability-analysis-study/subjects/libssh-0.7.2/tests/unittests/torture_buffer.c:torture_run_tests_1
