1:/home/leofernandesmo/workspace/reachability-analysis-study/subjects/libssh-0.7.2/tests/unittests/torture_options.c:setup
1:/home/leofernandesmo/workspace/reachability-analysis-study/subjects/libssh-0.7.2/tests/unittests/torture_options.c:teardown
1:/home/leofernandesmo/workspace/reachability-analysis-study/subjects/libssh-0.7.2/tests/unittests/torture_options.c:torture_options_get_host
1:/home/leofernandesmo/workspace/reachability-analysis-study/subjects/libssh-0.7.2/tests/unittests/torture_options.c:torture_options_get_identity
1:/home/leofernandesmo/workspace/reachability-analysis-study/subjects/libssh-0.7.2/tests/unittests/torture_options.c:torture_options_get_port
1:/home/leofernandesmo/workspace/reachability-analysis-study/subjects/libssh-0.7.2/tests/unittests/torture_options.c:torture_options_get_user
1:/home/leofernandesmo/workspace/reachability-analysis-study/subjects/libssh-0.7.2/tests/unittests/torture_options.c:torture_options_proxycommand
1:/home/leofernandesmo/workspace/reachability-analysis-study/subjects/libssh-0.7.2/tests/unittests/torture_options.c:torture_options_set_fd
1:/home/leofernandesmo/workspace/reachability-analysis-study/subjects/libssh-0.7.2/tests/unittests/torture_options.c:torture_options_set_host
1:/home/leofernandesmo/workspace/reachability-analysis-study/subjects/libssh-0.7.2/tests/unittests/torture_options.c:torture_options_set_identity
1:/home/leofernandesmo/workspace/reachability-analysis-study/subjects/libssh-0.7.2/tests/unittests/torture_options.c:torture_options_set_port
0:/home/leofernandesmo/workspace/reachability-analysis-study/subjects/libssh-0.7.2/tests/unittests/torture_options.c:torture_options_set_user:# ifndef NSS_BUFLEN_PASSWD:#ifndef _WIN32:#ifndef _WIN32
1:/home/leofernandesmo/workspace/reachability-analysis-study/subjects/libssh-0.7.2/tests/unittests/torture_options.c:torture_run_tests_9
2:/home/leofernandesmo/workspace/reachability-analysis-study/subjects/libssh-0.7.2/tests/unittests/torture_options.c:#ifndef _WIN32
2:/home/leofernandesmo/workspace/reachability-analysis-study/subjects/libssh-0.7.2/tests/unittests/torture_options.c:#if 0
