1:/home/leofernandesmo/workspace/reachability-analysis-study/subjects/libssh-0.7.2/tests/unittests/torture_keyfiles.c:setup_both_keys
1:/home/leofernandesmo/workspace/reachability-analysis-study/subjects/libssh-0.7.2/tests/unittests/torture_keyfiles.c:setup_both_keys_passphrase
1:/home/leofernandesmo/workspace/reachability-analysis-study/subjects/libssh-0.7.2/tests/unittests/torture_keyfiles.c:setup_dsa_key
1:/home/leofernandesmo/workspace/reachability-analysis-study/subjects/libssh-0.7.2/tests/unittests/torture_keyfiles.c:setup_rsa_key
1:/home/leofernandesmo/workspace/reachability-analysis-study/subjects/libssh-0.7.2/tests/unittests/torture_keyfiles.c:teardown
1:/home/leofernandesmo/workspace/reachability-analysis-study/subjects/libssh-0.7.2/tests/unittests/torture_keyfiles.c:torture_privatekey_from_file
1:/home/leofernandesmo/workspace/reachability-analysis-study/subjects/libssh-0.7.2/tests/unittests/torture_keyfiles.c:torture_privatekey_from_file_passphrase
1:/home/leofernandesmo/workspace/reachability-analysis-study/subjects/libssh-0.7.2/tests/unittests/torture_keyfiles.c:torture_pubkey_from_file
1:/home/leofernandesmo/workspace/reachability-analysis-study/subjects/libssh-0.7.2/tests/unittests/torture_keyfiles.c:torture_pubkey_generate_from_privkey
1:/home/leofernandesmo/workspace/reachability-analysis-study/subjects/libssh-0.7.2/tests/unittests/torture_keyfiles.c:torture_read_one_line
1:/home/leofernandesmo/workspace/reachability-analysis-study/subjects/libssh-0.7.2/tests/unittests/torture_keyfiles.c:torture_run_tests_6
