1:/home/leofernandesmo/workspace/reachability-analysis-study/subjects/libssh-0.7.2/tests/client/torture_knownhosts.c:setup
1:/home/leofernandesmo/workspace/reachability-analysis-study/subjects/libssh-0.7.2/tests/client/torture_knownhosts.c:teardown
1:/home/leofernandesmo/workspace/reachability-analysis-study/subjects/libssh-0.7.2/tests/client/torture_knownhosts.c:torture_knownhosts_conflict
1:/home/leofernandesmo/workspace/reachability-analysis-study/subjects/libssh-0.7.2/tests/client/torture_knownhosts.c:torture_knownhosts_fail
1:/home/leofernandesmo/workspace/reachability-analysis-study/subjects/libssh-0.7.2/tests/client/torture_knownhosts.c:torture_knownhosts_other
1:/home/leofernandesmo/workspace/reachability-analysis-study/subjects/libssh-0.7.2/tests/client/torture_knownhosts.c:torture_knownhosts_other_auto
1:/home/leofernandesmo/workspace/reachability-analysis-study/subjects/libssh-0.7.2/tests/client/torture_knownhosts.c:torture_knownhosts_port
1:/home/leofernandesmo/workspace/reachability-analysis-study/subjects/libssh-0.7.2/tests/client/torture_knownhosts.c:torture_knownhosts_precheck
1:/home/leofernandesmo/workspace/reachability-analysis-study/subjects/libssh-0.7.2/tests/client/torture_knownhosts.c:torture_run_tests
