/home/ubuntu-vm/workspace/libssh-0.5.3-temp/tests/unittests/torture_buffer.c
torture_buffer.c;torture_buffer_prepend
threads.c;ssh_threads_init;def(HAVE_LIBGCRYPT);!def(HAVE_LIBGCRYPT);
dh.c;ssh_crypto_finalize;def(HAVE_LIBGCRYPT);(def(HAVE_LIBCRYPTO)&!def(HAVE_LIBGCRYPT)&(def(HAVE_LIBGCRYPT)|def(HAVE_LIBCRYPTO)));
torture_buffer.c;torture_growing_buffer
buffer.c;buffer_get_rest_len
torture_buffer.c;setup
buffer.c;ssh_buffer_new
dh.c;ssh_crypto_init;def(HAVE_LIBGCRYPT);(def(HAVE_LIBCRYPTO)&!def(HAVE_LIBGCRYPT)&(def(HAVE_LIBGCRYPT)|def(HAVE_LIBCRYPTO)));(def(HAVE_LIBCRYPTO)&!def(HAVE_LIBGCRYPT));
buffer.c;buffer_prepend_data
torture_buffer.c;torture_growing_buffer_shifting
poll.c;ssh_poll_cleanup;def(HAVE_POLL);!def(HAVE_POLL);
init.c;ssh_init
torture_buffer.c;torture_run_tests_1473739033103
buffer.c;ssh_buffer_free
buffer.c;buffer_shift
threads.c;ssh_threads_finalize;!def(HAVE_LIBGCRYPT);
buffer.c;buffer_verify
socket.c;ssh_socket_cleanup
buffer.c;buffer_get_rest
torture_buffer.c;teardown
socket.c;ssh_socket_init
buffer.c;realloc_buffer
buffer.c;buffer_get_u32
threads.c;libcrypto_thread_init;!def(HAVE_LIBGCRYPT);
init.c;ssh_finalize
buffer.c;buffer_get_data
threads.c;libcrypto_thread_finalize;!def(HAVE_LIBGCRYPT);
buffer.c;buffer_add_data
buffer.c;buffer_get_u8
threads.c;libcrypto_lock_callback;!def(HAVE_LIBGCRYPT);
threads.c;libgcrypt_thread_init;def(HAVE_LIBGCRYPT);
poll.c;ssh_poll_init;def(HAVE_POLL);!def(HAVE_POLL);
