/home/ubuntu-vm/workspace/libssh-0.5.3-temp/tests/unittests/torture_keyfiles.c
dh.c;ssh_get_hexa
channels.c;ssh_channel_send_eof
keyfiles.c;read_dsa_privatekey
torture_keyfiles.c;torture_pubkey_from_file
buffer.c;buffer_prepend_data;def(DEBUG_BUFFER);!def(DEBUG_BUFFER);
misc.c;ssh_list_find
keyfiles.c;privatekey_file_to_buffer
base64.c;base64_to_bin
torture_keyfiles.c;torture_pubkey_generate_from_privkey
init.c;ssh_init
keyfiles.c;load_iv
log.c;ssh_log_common
base64.c;get_equals
libcrypto.c;hmac_update;def(HAVE_LIBCRYPTO);
libcrypto.c;md5_update;def(HAVE_LIBCRYPTO);
buffer.c;buffer_add_u32
torture_keyfiles.c;torture_run_tests_1473739039717
socket.c;ssh_socket_cleanup
socket.c;ssh_socket_init
misc.c;ssh_list_free
session.c;ssh_set_blocking
pcap.c;ssh_pcap_context_free;def(WITH_PCAP);
torture_keyfiles.c;setup_rsa_key
gzip.c;gzip_compress
threads.c;libcrypto_thread_init;!def(HAVE_LIBGCRYPT);
init.c;ssh_finalize
string.c;ssh_string_free
buffer.c;buffer_get_data
keyfiles.c;privatekey_decrypt
keyfiles.c;privatekey_dek_header
base64.c;_base64_to_bin
packet1.c;packet_send1;def(WITH_SSH1);(def(DEBUG_CRYPTO)&def(WITH_SSH1));
packet.c;ssh_packet_write
threads.c;libcrypto_lock_callback;!def(HAVE_LIBGCRYPT);
packet.c;packet_send2;(def(HAVE_LIBZ)&def(WITH_LIBZ));def(WITH_PCAP);
keyfiles.c;privatekey_type_from_file
buffer.c;ssh_buffer_new
dh.c;ssh_crypto_init;def(HAVE_LIBGCRYPT);(def(HAVE_LIBCRYPTO)&!def(HAVE_LIBGCRYPT)&(def(HAVE_LIBGCRYPT)|def(HAVE_LIBCRYPTO)));(def(HAVE_LIBCRYPTO)&!def(HAVE_LIBGCRYPT));
crypt.c;packet_encrypt;def(HAVE_LIBGCRYPT);(def(HAVE_LIBCRYPTO)&!def(HAVE_LIBGCRYPT));(!def(HAVE_LIBGCRYPT)&!def(HAVE_LIBCRYPTO));(!def(HAVE_LIBGCRYPT)&!def(HAVE_LIBCRYPTO)&def(DEBUG_CRYPTO));(def(HAVE_LIBGCRYPT)|def(HAVE_LIBCRYPTO));(def(DEBUG_CRYPTO)&(def(HAVE_LIBGCRYPT)|def(HAVE_LIBCRYPTO)));(def(HAVE_LIBCRYPTO)&!def(HAVE_LIBGCRYPT)&(def(HAVE_LIBGCRYPT)|def(HAVE_LIBCRYPTO)));
keys.c;ssh_type_to_char
channels.c;ssh_channel_close
buffer.c;ssh_buffer_free;def(DEBUG_BUFFER);!def(DEBUG_BUFFER);
torture_keyfiles.c;torture_privatekey_from_file
session.c;ssh_free;def(WITH_PCAP);
authentication.c;error
log.c;do_ssh_log
keyfiles.c;asn1_get_int
buffer.c;buffer_verify;def(DEBUG_BUFFER);
string.c;ssh_string_data
channels.c;ssh_channel_free
keyfiles.c;passphrase_to_key
buffer.c;ssh_buffer_get_begin
packet.c;packet_send;(def(HAVE_LIBZ)&def(WITH_LIBZ));def(WITH_PCAP);def(WITH_SSH1);
torture_keyfiles.c;torture_privatekey_from_file_passphrase
torture_keyfiles.c;setup_both_keys
keyfiles.c;pem_get_password
buffer.c;buffer_add_u8
keyfiles.c;privatekey_from_file
socket.c;ssh_socket_new
wrapper.c;cipher_free;def(HAVE_LIBGCRYPT);(!def(HAVE_LIBGCRYPT)&!def(HAVE_LIBCRYPTO));(def(HAVE_LIBCRYPTO)&!def(HAVE_LIBGCRYPT)&(def(HAVE_LIBGCRYPT)|def(HAVE_LIBCRYPTO)));(def(HAVE_LIBCRYPTO)&!def(HAVE_LIBGCRYPT));(def(HAVE_LIBGCRYPT)|def(HAVE_LIBCRYPTO));
keyfiles.c;asn1_get_len
misc.c;ssh_iterator_new
libcrypto.c;hmac_final;def(HAVE_LIBCRYPTO);
threads.c;ssh_threads_init;def(HAVE_LIBGCRYPT);!def(HAVE_LIBGCRYPT);
dh.c;ssh_crypto_finalize;def(HAVE_LIBGCRYPT);(def(HAVE_LIBCRYPTO)&!def(HAVE_LIBGCRYPT)&(def(HAVE_LIBGCRYPT)|def(HAVE_LIBCRYPTO)));
crc32.c;ssh_crc32
buffer.c;buffer_get_rest_len
pcap.c;ssh_pcap_file_write;def(WITH_PCAP);def(WITH_PCAP);
misc.c;ssh_list_append
string.c;ssh_string_burn
buffer.c;buffer_reinit;def(DEBUG_BUFFER);!def(DEBUG_BUFFER);
session.c;ssh_new
error.c;ssh_set_error_oom
string.c;ssh_string_fill
pcap.c;ssh_pcap_context_connect;def(WITH_PCAP);
buffer.c;buffer_shift;def(DEBUG_BUFFER);!def(DEBUG_BUFFER);
buffer.c;buffer_add_buffer
torture_keyfiles.c;torture_read_one_line
keyfiles.c;char_to_u32
torture_keyfiles.c;setup_dsa_key
keys.c;publickey_free;def(HAVE_LIBGCRYPT);!def(HAVE_LIBGCRYPT);(def(HAVE_LIBGCRYPT)|def(HAVE_LIBCRYPTO));(def(HAVE_LIBCRYPTO)&!def(HAVE_LIBGCRYPT));(!def(HAVE_LIBGCRYPT)&!def(HAVE_LIBCRYPTO));
torture_keyfiles.c;setup_both_keys_passphrase
keyfiles.c;read_line
buffer.c;ssh_buffer_get_len
threads.c;libcrypto_thread_finalize;!def(HAVE_LIBGCRYPT);
gzip.c;initcompress
buffer.c;buffer_add_data;def(DEBUG_BUFFER);!def(DEBUG_BUFFER);
dh.c;ssh_print_hexa
gzip.c;compress_buffer;(def(HAVE_LIBZ)&def(WITH_LIBZ));(def(HAVE_LIBZ)&def(WITH_LIBZ));
dh.c;ssh_get_random;def(HAVE_LIBGCRYPT);(def(HAVE_LIBCRYPTO)&!def(HAVE_LIBGCRYPT));
keyfiles.c;read_rsa_privatekey
pcap.c;ssh_pcap_context_write;def(WITH_PCAP);
buffer.c;buffer_add_u16
base64.c;to_block4
torture_keyfiles.c;teardown
misc.c;ssh_list_remove
keys.c;publickey_from_privatekey
poll.c;ssh_poll_cleanup;def(HAVE_POLL);!def(HAVE_POLL);
keyfiles.c;asn1_check_sequence
wrapper.c;crypto_free;def(WITH_LIBZ);
wrapper.c;crypto_new
error.c;ssh_set_error
misc.c;ssh_list_get_iterator
error.c;ssh_get_error
threads.c;ssh_threads_finalize;!def(HAVE_LIBGCRYPT);
buffer.c;buffer_get_rest
pcap.c;ssh_pcap_file_write_packet;def(WITH_PCAP);
string.c;ssh_string_len
misc.c;gettimeofday
buffer.c;realloc_buffer;def(DEBUG_BUFFER);!def(DEBUG_BUFFER);
libcrypto.c;md5_final;def(HAVE_LIBCRYPTO);
string.c;ssh_string_new
messages.c;ssh_message_free
libcrypto.c;hmac_init
misc.c;ssh_list_new
log.c;ssh_log
libcrypto.c;md5_init
threads.c;libgcrypt_thread_init;def(HAVE_LIBGCRYPT);
poll.c;ssh_poll_init;def(HAVE_POLL);!def(HAVE_POLL);
