/home/ubuntu-vm/workspace/libssh-0.5.3-temp/tests/unittests/torture_options.c
threads.c;ssh_threads_init;def(HAVE_LIBGCRYPT);!def(HAVE_LIBGCRYPT);
dh.c;ssh_crypto_finalize;def(HAVE_LIBGCRYPT);(def(HAVE_LIBCRYPTO)&!def(HAVE_LIBGCRYPT)&(def(HAVE_LIBGCRYPT)|def(HAVE_LIBCRYPTO)));
kex.c;tokenize
crc32.c;ssh_crc32
dh.c;ssh_get_hexa
torture_options.c;torture_options_set_host
buffer.c;buffer_get_rest_len
pcap.c;ssh_pcap_file_write;def(WITH_PCAP);def(WITH_PCAP);
channels.c;ssh_channel_send_eof
misc.c;ssh_get_local_username;!def(NSS_BUFLEN_PASSWD);def(NSS_BUFLEN_PASSWD);
misc.c;ssh_path_expand_escape
buffer.c;buffer_prepend_data;def(DEBUG_BUFFER);!def(DEBUG_BUFFER);
misc.c;ssh_list_find
torture_options.c;torture_options_set_port
torture_options.c;torture_run_tests_1473739044507
misc.c;ssh_list_append
init.c;ssh_init
buffer.c;buffer_reinit;def(DEBUG_BUFFER);!def(DEBUG_BUFFER);
log.c;ssh_log_common
misc.c;ssh_list_prepend
session.c;ssh_new
error.c;ssh_set_error_oom
libcrypto.c;hmac_update;def(HAVE_LIBCRYPTO);
options.c;ssh_options_set_algo
torture_options.c;teardown
torture_options.c;torture_options_set_fd
pcap.c;ssh_pcap_context_connect;def(WITH_PCAP);
buffer.c;buffer_add_u32
buffer.c;buffer_shift;def(DEBUG_BUFFER);!def(DEBUG_BUFFER);
socket.c;ssh_socket_cleanup
socket.c;ssh_socket_init
misc.c;ssh_list_free
torture_options.c;torture_options_set_user
misc.c;ssh_get_user_home_dir;!def(NSS_BUFLEN_PASSWD);def(NSS_BUFLEN_PASSWD);
session.c;ssh_set_blocking
kex.c;verify_existing_algo
buffer.c;buffer_add_buffer
pcap.c;ssh_pcap_context_free;def(WITH_PCAP);
keys.c;publickey_free;def(HAVE_LIBGCRYPT);!def(HAVE_LIBGCRYPT);(def(HAVE_LIBGCRYPT)|def(HAVE_LIBCRYPTO));(def(HAVE_LIBCRYPTO)&!def(HAVE_LIBGCRYPT));(!def(HAVE_LIBGCRYPT)&!def(HAVE_LIBCRYPTO));
gzip.c;gzip_compress
threads.c;libcrypto_thread_init;!def(HAVE_LIBGCRYPT);
init.c;ssh_finalize
buffer.c;ssh_buffer_get_len
threads.c;libcrypto_thread_finalize;!def(HAVE_LIBGCRYPT);
gzip.c;initcompress
buffer.c;buffer_add_data;def(DEBUG_BUFFER);!def(DEBUG_BUFFER);
dh.c;ssh_print_hexa
gzip.c;compress_buffer;(def(HAVE_LIBZ)&def(WITH_LIBZ));(def(HAVE_LIBZ)&def(WITH_LIBZ));
options.c;ssh_options_set
packet1.c;packet_send1;def(WITH_SSH1);(def(DEBUG_CRYPTO)&def(WITH_SSH1));
packet.c;ssh_packet_write
threads.c;libcrypto_lock_callback;!def(HAVE_LIBGCRYPT);
packet.c;packet_send2;(def(HAVE_LIBZ)&def(WITH_LIBZ));def(WITH_PCAP);
dh.c;ssh_get_random;def(HAVE_LIBGCRYPT);(def(HAVE_LIBCRYPTO)&!def(HAVE_LIBGCRYPT));
misc.c;ssh_path_expand_tilde
buffer.c;ssh_buffer_new
dh.c;ssh_crypto_init;def(HAVE_LIBGCRYPT);(def(HAVE_LIBCRYPTO)&!def(HAVE_LIBGCRYPT)&(def(HAVE_LIBGCRYPT)|def(HAVE_LIBCRYPTO)));(def(HAVE_LIBCRYPTO)&!def(HAVE_LIBGCRYPT));
pcap.c;ssh_pcap_context_write;def(WITH_PCAP);
buffer.c;buffer_add_u16
misc.c;ssh_list_remove
crypt.c;packet_encrypt;def(HAVE_LIBGCRYPT);(def(HAVE_LIBCRYPTO)&!def(HAVE_LIBGCRYPT));(!def(HAVE_LIBGCRYPT)&!def(HAVE_LIBCRYPTO));(!def(HAVE_LIBGCRYPT)&!def(HAVE_LIBCRYPTO)&def(DEBUG_CRYPTO));(def(HAVE_LIBGCRYPT)|def(HAVE_LIBCRYPTO));(def(DEBUG_CRYPTO)&(def(HAVE_LIBGCRYPT)|def(HAVE_LIBCRYPTO)));(def(HAVE_LIBCRYPTO)&!def(HAVE_LIBGCRYPT)&(def(HAVE_LIBGCRYPT)|def(HAVE_LIBCRYPTO)));
poll.c;ssh_poll_cleanup;def(HAVE_POLL);!def(HAVE_POLL);
channels.c;ssh_channel_close
wrapper.c;crypto_free;def(WITH_LIBZ);
buffer.c;ssh_buffer_free;def(DEBUG_BUFFER);!def(DEBUG_BUFFER);
session.c;ssh_free;def(WITH_PCAP);
log.c;do_ssh_log
wrapper.c;crypto_new
authentication.c;error
error.c;ssh_set_error
misc.c;ssh_list_get_iterator
error.c;ssh_get_error
threads.c;ssh_threads_finalize;!def(HAVE_LIBGCRYPT);
buffer.c;buffer_verify;def(DEBUG_BUFFER);
torture_options.c;setup
buffer.c;buffer_get_rest
pcap.c;ssh_pcap_file_write_packet;def(WITH_PCAP);
kex.c;ssh_find_matching
channels.c;ssh_channel_free
misc.c;gettimeofday
buffer.c;ssh_buffer_get_begin
buffer.c;realloc_buffer;def(DEBUG_BUFFER);!def(DEBUG_BUFFER);
packet.c;packet_send;(def(HAVE_LIBZ)&def(WITH_LIBZ));def(WITH_PCAP);def(WITH_SSH1);
messages.c;ssh_message_free
buffer.c;buffer_add_u8
libcrypto.c;hmac_init
error.c;ssh_set_error_invalid
misc.c;ssh_list_new
log.c;ssh_log
torture_options.c;torture_options_set_identity
socket.c;ssh_socket_new
wrapper.c;cipher_free;def(HAVE_LIBGCRYPT);(!def(HAVE_LIBGCRYPT)&!def(HAVE_LIBCRYPTO));(def(HAVE_LIBCRYPTO)&!def(HAVE_LIBGCRYPT)&(def(HAVE_LIBGCRYPT)|def(HAVE_LIBCRYPTO)));(def(HAVE_LIBCRYPTO)&!def(HAVE_LIBGCRYPT));(def(HAVE_LIBGCRYPT)|def(HAVE_LIBCRYPTO));
threads.c;libgcrypt_thread_init;def(HAVE_LIBGCRYPT);
poll.c;ssh_poll_init;def(HAVE_POLL);!def(HAVE_POLL);
misc.c;ssh_iterator_new
libcrypto.c;hmac_final;def(HAVE_LIBCRYPTO);
