/home/ubuntu-vm/workspace/libpng-1.5.14/pngread.c:PNG_FUNCTION:#ifdef PNG_USER_MEM_SUPPORTED
/home/ubuntu-vm/workspace/libpng-1.5.14/pngread.c:PNG_FUNCTION:#ifdef PNG_USER_MEM_SUPPORTED:#ifdef PNG_SETJMP_SUPPORTED:#ifdef USE_FAR_KEYWORD:#ifdef USE_FAR_KEYWORD:#ifdef PNG_USER_MEM_SUPPORTED:#ifdef PNG_USER_LIMITS_SUPPORTED:#ifdef USE_FAR_KEYWORD:#ifdef USE_FAR_KEYWORD:#ifdef USE_FAR_KEYWORD:#ifdef PNG_USER_MEM_SUPPORTED:#ifdef PNG_USER_MEM_SUPPORTED
/home/ubuntu-vm/workspace/libpng-1.5.14/pngread.c:png_destroy_read_struct:#ifdef PNG_USER_MEM_SUPPORTED:#ifdef PNG_USER_MEM_SUPPORTED:#ifdef PNG_TEXT_SUPPORTED:#ifdef PNG_USER_MEM_SUPPORTED:#ifdef PNG_READ_TEXT_SUPPORTED:#ifdef PNG_USER_MEM_SUPPORTED:#ifdef PNG_USER_MEM_SUPPORTED
/home/ubuntu-vm/workspace/libpng-1.5.14/pngread.c:png_read_destroy:#ifdef PNG_SETJMP_SUPPORTED:#ifdef PNG_WARNINGS_SUPPORTED:#ifdef PNG_USER_MEM_SUPPORTED:#ifdef PNG_READ_GAMMA_SUPPORTED:#ifdef PNG_READ_QUANTIZE_SUPPORTED:#if defined(PNG_tRNS_SUPPORTED) || \:#ifdef PNG_READ_hIST_SUPPORTED:#ifdef PNG_PROGRESSIVE_READ_SUPPORTED:#ifdef PNG_SETJMP_SUPPORTED:#ifdef PNG_WARNINGS_SUPPORTED:#ifdef PNG_USER_MEM_SUPPORTED:#ifdef PNG_WARNINGS_SUPPORTED:#ifdef PNG_USER_MEM_SUPPORTED:#ifdef PNG_SETJMP_SUPPORTED
/home/ubuntu-vm/workspace/libpng-1.5.14/pngread.c:png_read_end:#ifdef PNG_READ_CHECK_FOR_INVALID_INDEX_SUPPORTED:#ifdef PNG_HANDLE_AS_UNKNOWN_SUPPORTED:#ifdef PNG_READ_bKGD_SUPPORTED:#ifdef PNG_READ_cHRM_SUPPORTED:#ifdef PNG_READ_gAMA_SUPPORTED:#ifdef PNG_READ_hIST_SUPPORTED:#ifdef PNG_READ_oFFs_SUPPORTED:#ifdef PNG_READ_pCAL_SUPPORTED:#ifdef PNG_READ_sCAL_SUPPORTED:#ifdef PNG_READ_pHYs_SUPPORTED:#ifdef PNG_READ_sBIT_SUPPORTED:#ifdef PNG_READ_sRGB_SUPPORTED:#ifdef PNG_READ_iCCP_SUPPORTED:#ifdef PNG_READ_sPLT_SUPPORTED:#ifdef PNG_READ_tEXt_SUPPORTED:#ifdef PNG_READ_tIME_SUPPORTED:#ifdef PNG_READ_tRNS_SUPPORTED:#ifdef PNG_READ_zTXt_SUPPORTED:#ifdef PNG_READ_iTXt_SUPPORTED:#ifdef PNG_READ_iTXt_SUPPORTED
/home/ubuntu-vm/workspace/libpng-1.5.14/pngread.c:png_read_image:#ifdef PNG_READ_INTERLACING_SUPPORTED:#ifdef PNG_READ_INTERLACING_SUPPORTED
/home/ubuntu-vm/workspace/libpng-1.5.14/pngread.c:png_read_info:#ifdef PNG_HANDLE_AS_UNKNOWN_SUPPORTED:#ifdef PNG_READ_bKGD_SUPPORTED:#ifdef PNG_READ_cHRM_SUPPORTED:#ifdef PNG_READ_gAMA_SUPPORTED:#ifdef PNG_READ_hIST_SUPPORTED:#ifdef PNG_READ_oFFs_SUPPORTED:#ifdef PNG_READ_pCAL_SUPPORTED:#ifdef PNG_READ_sCAL_SUPPORTED:#ifdef PNG_READ_pHYs_SUPPORTED:#ifdef PNG_READ_sBIT_SUPPORTED:#ifdef PNG_READ_sRGB_SUPPORTED:#ifdef PNG_READ_iCCP_SUPPORTED:#ifdef PNG_READ_sPLT_SUPPORTED:#ifdef PNG_READ_tEXt_SUPPORTED:#ifdef PNG_READ_tIME_SUPPORTED:#ifdef PNG_READ_tRNS_SUPPORTED:#ifdef PNG_READ_zTXt_SUPPORTED:#ifdef PNG_READ_iTXt_SUPPORTED:#ifdef PNG_READ_iTXt_SUPPORTED
/home/ubuntu-vm/workspace/libpng-1.5.14/pngread.c:png_read_png:#ifdef PNG_READ_SCALE_16_TO_8_SUPPORTED:#ifdef PNG_READ_STRIP_16_TO_8_SUPPORTED:#ifdef PNG_READ_STRIP_ALPHA_SUPPORTED:#if defined(PNG_READ_PACK_SUPPORTED) && !defined(PNG_READ_EXPAND_SUPPORTED):#ifdef PNG_READ_PACKSWAP_SUPPORTED:#ifdef PNG_READ_EXPAND_SUPPORTED:#ifdef PNG_READ_INVERT_SUPPORTED:#ifdef PNG_READ_SHIFT_SUPPORTED:#ifdef PNG_READ_BGR_SUPPORTED:#ifdef PNG_READ_SWAP_ALPHA_SUPPORTED:#ifdef PNG_READ_SWAP_SUPPORTED:#ifdef PNG_READ_INVERT_ALPHA_SUPPORTED:#ifdef PNG_READ_GRAY_TO_RGB_SUPPORTED:#ifdef PNG_READ_EXPAND_16_SUPPORTED:#ifdef PNG_READ_EXPAND_16_SUPPORTED:#ifdef PNG_READ_GRAY_TO_RGB_SUPPORTED:#ifdef PNG_READ_INVERT_ALPHA_SUPPORTED
/home/ubuntu-vm/workspace/libpng-1.5.14/pngread.c:png_read_row:#if defined(PNG_WRITE_INVERT_SUPPORTED) && !defined(PNG_READ_INVERT_SUPPORTED):#if defined(PNG_WRITE_FILLER_SUPPORTED) && !defined(PNG_READ_FILLER_SUPPORTED):#if defined(PNG_WRITE_PACKSWAP_SUPPORTED) && \:#if defined(PNG_WRITE_PACK_SUPPORTED) && !defined(PNG_READ_PACK_SUPPORTED):#if defined(PNG_WRITE_SHIFT_SUPPORTED) && !defined(PNG_READ_SHIFT_SUPPORTED):#if defined(PNG_WRITE_BGR_SUPPORTED) && !defined(PNG_READ_BGR_SUPPORTED):#if defined(PNG_WRITE_SWAP_SUPPORTED) && !defined(PNG_READ_SWAP_SUPPORTED):#ifdef PNG_READ_INTERLACING_SUPPORTED:#ifdef PNG_MNG_FEATURES_SUPPORTED:#ifdef PNG_READ_TRANSFORMS_SUPPORTED:#ifdef PNG_READ_INTERLACING_SUPPORTED:#ifdef PNG_READ_INTERLACING_SUPPORTED
/home/ubuntu-vm/workspace/libpng-1.5.14/pngread.c:png_read_rows:#ifdef PNG_SEQUENTIAL_READ_SUPPORTED
/home/ubuntu-vm/workspace/libpng-1.5.14/pngread.c:png_read_update_info:#ifdef PNG_READ_TRANSFORMS_SUPPORTED
/home/ubuntu-vm/workspace/libpng-1.5.14/pngread.c:png_set_read_status_fn
/home/ubuntu-vm/workspace/libpng-1.5.14/pngread.c:png_start_read_image:#ifdef PNG_SEQUENTIAL_READ_SUPPORTED
