/home/ubuntu-vm/workspace/libpng-1.5.14/pngset.c:png_permit_mng_features:#ifdef PNG_MNG_FEATURES_SUPPORTED
/home/ubuntu-vm/workspace/libpng-1.5.14/pngset.c:png_set_IHDR
/home/ubuntu-vm/workspace/libpng-1.5.14/pngset.c:png_set_PLTE
/home/ubuntu-vm/workspace/libpng-1.5.14/pngset.c:png_set_bKGD:#ifdef PNG_bKGD_SUPPORTED
/home/ubuntu-vm/workspace/libpng-1.5.14/pngset.c:png_set_benign_errors:#ifdef PNG_BENIGN_ERRORS_SUPPORTED
/home/ubuntu-vm/workspace/libpng-1.5.14/pngset.c:png_set_cHRM:#  ifdef PNG_FLOATING_POINT_SUPPORTED:#  ifdef PNG_FLOATING_POINT_SUPPORTED
/home/ubuntu-vm/workspace/libpng-1.5.14/pngset.c:png_set_cHRM_XYZ:#  ifdef PNG_FLOATING_POINT_SUPPORTED:#  ifdef PNG_FLOATING_POINT_SUPPORTED
/home/ubuntu-vm/workspace/libpng-1.5.14/pngset.c:png_set_cHRM_XYZ_fixed
/home/ubuntu-vm/workspace/libpng-1.5.14/pngset.c:png_set_cHRM_fixed:#  ifdef PNG_CHECK_cHRM_SUPPORTED
/home/ubuntu-vm/workspace/libpng-1.5.14/pngset.c:png_set_check_for_invalid_index:#ifdef PNG_CHECK_FOR_INVALID_INDEX_SUPPORTED:#ifdef PNG_CHECK_FOR_INVALID_INDEX_SUPPORTED
/home/ubuntu-vm/workspace/libpng-1.5.14/pngset.c:png_set_chunk_cache_max:#ifdef PNG_SET_USER_LIMITS_SUPPORTED
/home/ubuntu-vm/workspace/libpng-1.5.14/pngset.c:png_set_chunk_malloc_max:#ifdef PNG_SET_USER_LIMITS_SUPPORTED
/home/ubuntu-vm/workspace/libpng-1.5.14/pngset.c:png_set_compression_buffer_size
/home/ubuntu-vm/workspace/libpng-1.5.14/pngset.c:png_set_gAMA:#  ifdef PNG_FLOATING_POINT_SUPPORTED:#  ifdef PNG_FLOATING_POINT_SUPPORTED
/home/ubuntu-vm/workspace/libpng-1.5.14/pngset.c:png_set_gAMA_fixed
/home/ubuntu-vm/workspace/libpng-1.5.14/pngset.c:png_set_hIST:#ifdef PNG_hIST_SUPPORTED
/home/ubuntu-vm/workspace/libpng-1.5.14/pngset.c:png_set_iCCP:#ifdef PNG_iCCP_SUPPORTED
/home/ubuntu-vm/workspace/libpng-1.5.14/pngset.c:png_set_invalid
/home/ubuntu-vm/workspace/libpng-1.5.14/pngset.c:png_set_keep_unknown_chunks:#ifdef PNG_HANDLE_AS_UNKNOWN_SUPPORTED
/home/ubuntu-vm/workspace/libpng-1.5.14/pngset.c:png_set_oFFs:#ifdef PNG_oFFs_SUPPORTED
/home/ubuntu-vm/workspace/libpng-1.5.14/pngset.c:png_set_pCAL:#ifdef PNG_pCAL_SUPPORTED
/home/ubuntu-vm/workspace/libpng-1.5.14/pngset.c:png_set_pHYs:#ifdef PNG_pHYs_SUPPORTED
/home/ubuntu-vm/workspace/libpng-1.5.14/pngset.c:png_set_read_user_chunk_fn:#ifdef PNG_READ_USER_CHUNKS_SUPPORTED
/home/ubuntu-vm/workspace/libpng-1.5.14/pngset.c:png_set_rows:#ifdef PNG_INFO_IMAGE_SUPPORTED
/home/ubuntu-vm/workspace/libpng-1.5.14/pngset.c:png_set_sBIT:#ifdef PNG_sBIT_SUPPORTED
/home/ubuntu-vm/workspace/libpng-1.5.14/pngset.c:png_set_sCAL:#  ifdef PNG_FLOATING_POINT_SUPPORTED
/home/ubuntu-vm/workspace/libpng-1.5.14/pngset.c:png_set_sCAL_fixed:#  ifdef PNG_FIXED_POINT_SUPPORTED:#  ifdef PNG_FIXED_POINT_SUPPORTED
/home/ubuntu-vm/workspace/libpng-1.5.14/pngset.c:png_set_sCAL_s
/home/ubuntu-vm/workspace/libpng-1.5.14/pngset.c:png_set_sPLT:#ifdef PNG_sPLT_SUPPORTED
/home/ubuntu-vm/workspace/libpng-1.5.14/pngset.c:png_set_sRGB
/home/ubuntu-vm/workspace/libpng-1.5.14/pngset.c:png_set_sRGB_gAMA_and_cHRM:#  ifdef PNG_gAMA_SUPPORTED:#  ifdef PNG_cHRM_SUPPORTED:#  ifdef PNG_cHRM_SUPPORTED
/home/ubuntu-vm/workspace/libpng-1.5.14/pngset.c:png_set_tIME:#ifdef PNG_tIME_SUPPORTED
/home/ubuntu-vm/workspace/libpng-1.5.14/pngset.c:png_set_tRNS:#ifdef PNG_tRNS_SUPPORTED
/home/ubuntu-vm/workspace/libpng-1.5.14/pngset.c:png_set_text
/home/ubuntu-vm/workspace/libpng-1.5.14/pngset.c:png_set_text_2:#  ifdef PNG_iTXt_SUPPORTED:#  ifdef PNG_iTXt_SUPPORTED:#  ifdef PNG_iTXt_SUPPORTED:#  ifdef PNG_iTXt_SUPPORTED
/home/ubuntu-vm/workspace/libpng-1.5.14/pngset.c:png_set_unknown_chunk_location:#ifdef PNG_UNKNOWN_CHUNKS_SUPPORTED
/home/ubuntu-vm/workspace/libpng-1.5.14/pngset.c:png_set_unknown_chunks:#ifdef PNG_UNKNOWN_CHUNKS_SUPPORTED
/home/ubuntu-vm/workspace/libpng-1.5.14/pngset.c:png_set_user_limits:#ifdef PNG_SET_USER_LIMITS_SUPPORTED
