/home/ubuntu-vm/workspace/libpng-1.5.14/pngtrans.c:png_do_bgr:#ifdef PNG_16BIT_SUPPORTED:#ifdef PNG_16BIT_SUPPORTED
/home/ubuntu-vm/workspace/libpng-1.5.14/pngtrans.c:png_do_check_palette_indexes:#if defined(PNG_READ_CHECK_FOR_INVALID_INDEX_SUPPORTED) || \
/home/ubuntu-vm/workspace/libpng-1.5.14/pngtrans.c:png_do_invert:#ifdef PNG_16BIT_SUPPORTED:#ifdef PNG_16BIT_SUPPORTED
/home/ubuntu-vm/workspace/libpng-1.5.14/pngtrans.c:png_do_packswap:#if defined(PNG_READ_PACKSWAP_SUPPORTED)||defined(PNG_WRITE_PACKSWAP_SUPPORTED)
/home/ubuntu-vm/workspace/libpng-1.5.14/pngtrans.c:png_do_strip_channel:#if defined(PNG_WRITE_FILLER_SUPPORTED) || \
/home/ubuntu-vm/workspace/libpng-1.5.14/pngtrans.c:png_do_swap:#if defined(PNG_READ_SWAP_SUPPORTED) || defined(PNG_WRITE_SWAP_SUPPORTED):#ifdef PNG_16BIT_SUPPORTED
/home/ubuntu-vm/workspace/libpng-1.5.14/pngtrans.c:png_get_current_pass_number:#ifdef PNG_USER_TRANSFORM_INFO_SUPPORTED:#ifdef PNG_USER_TRANSFORM_INFO_SUPPORTED:#ifdef PNG_USER_TRANSFORM_PTR_SUPPORTED
/home/ubuntu-vm/workspace/libpng-1.5.14/pngtrans.c:png_get_current_row_number:#ifdef PNG_USER_TRANSFORM_INFO_SUPPORTED:#ifdef PNG_USER_TRANSFORM_INFO_SUPPORTED:#ifdef PNG_USER_TRANSFORM_PTR_SUPPORTED
/home/ubuntu-vm/workspace/libpng-1.5.14/pngtrans.c:png_get_user_transform_ptr:#ifdef PNG_USER_TRANSFORM_PTR_SUPPORTED:#ifdef PNG_USER_TRANSFORM_PTR_SUPPORTED
/home/ubuntu-vm/workspace/libpng-1.5.14/pngtrans.c:png_set_add_alpha:#if defined(PNG_READ_FILLER_SUPPORTED) || defined(PNG_WRITE_FILLER_SUPPORTED)
/home/ubuntu-vm/workspace/libpng-1.5.14/pngtrans.c:png_set_bgr:#if defined(PNG_READ_BGR_SUPPORTED) || defined(PNG_WRITE_BGR_SUPPORTED)
/home/ubuntu-vm/workspace/libpng-1.5.14/pngtrans.c:png_set_filler:#if defined(PNG_READ_FILLER_SUPPORTED) || defined(PNG_WRITE_FILLER_SUPPORTED)
/home/ubuntu-vm/workspace/libpng-1.5.14/pngtrans.c:png_set_interlace_handling:#if defined(PNG_READ_INTERLACING_SUPPORTED) || \
/home/ubuntu-vm/workspace/libpng-1.5.14/pngtrans.c:png_set_invert_alpha:#if defined(PNG_READ_INVERT_ALPHA_SUPPORTED) || \
/home/ubuntu-vm/workspace/libpng-1.5.14/pngtrans.c:png_set_invert_mono
/home/ubuntu-vm/workspace/libpng-1.5.14/pngtrans.c:png_set_packing:#if defined(PNG_READ_PACK_SUPPORTED) || defined(PNG_WRITE_PACK_SUPPORTED)
/home/ubuntu-vm/workspace/libpng-1.5.14/pngtrans.c:png_set_packswap:#if defined(PNG_READ_PACKSWAP_SUPPORTED)||defined(PNG_WRITE_PACKSWAP_SUPPORTED)
/home/ubuntu-vm/workspace/libpng-1.5.14/pngtrans.c:png_set_shift:#if defined(PNG_READ_SHIFT_SUPPORTED) || defined(PNG_WRITE_SHIFT_SUPPORTED)
/home/ubuntu-vm/workspace/libpng-1.5.14/pngtrans.c:png_set_swap:#if defined(PNG_READ_SWAP_SUPPORTED) || defined(PNG_WRITE_SWAP_SUPPORTED)
/home/ubuntu-vm/workspace/libpng-1.5.14/pngtrans.c:png_set_swap_alpha:#if defined(PNG_READ_SWAP_ALPHA_SUPPORTED) || \
/home/ubuntu-vm/workspace/libpng-1.5.14/pngtrans.c:png_set_user_transform_info:#ifdef PNG_USER_TRANSFORM_PTR_SUPPORTED
